01-15 13:39:40.771  3776  3776 W PackageManager: Unknown permission flyme.permission.ROOT_RECOVERY_STATE in package com.meizu.flyme.gamecenter
01-15 13:39:40.771  3776  3776 W PackageManager: Unknown permission com.meizu.flyme.push.permission.RECEIVE in package com.meizu.flyme.gamecenter
01-15 13:39:40.771  3776  3776 W PackageManager: Unknown permission com.meizu.c2dm.permission.RECEIVE in package com.meizu.flyme.gamecenter
01-15 13:39:40.771  3776  3776 W PackageManager: Unknown permission com.meizu.compaign.permission.READ_SDK_INFO in package com.meizu.flyme.gamecenter
01-15 13:39:40.771  3776  3776 W PackageManager: Unknown permission com.meizu.compaign.permission.SEND_NOTIFICATION in package com.meizu.flyme.gamecenter
01-15 13:39:40.772  3776  3776 W PackageManager: Unknown permission com.fingerprints.service.ACCESS_FINGERPRINT_MANAGER in package com.android.systemui
01-15 13:39:40.772  3776  3776 W PackageManager: Unknown permission android.Manifest.permission.FORCE_STOP_PACKAGES in package com.android.systemui
01-15 13:39:40.772  3776  3776 W PackageManager: Unknown permission flyme.permission.ROOT_RECOVERY_STATE in package com.android.systemui
01-15 13:39:40.772  3776  3776 W PackageManager: Unknown permission meizu.permission.SWITCH_SYSTEM_MODES in package com.android.systemui
01-15 13:39:40.772  3776  3776 W PackageManager: Unknown permission android.Manifest.permission.READ_PRIVILEGED_PHONE_STATE in package com.android.systemui
01-15 13:39:40.772  3776  3776 W PackageManager: Unknown permission android.permission.ROOT_RECOVERY_STATE in package com.android.systemui
01-15 13:39:40.773  3776  3776 W PackageManager: Unknown permission android.permission.SET_APPLICATION_ERROR_LISTENER in package com.meizu.experiencedatasync
01-15 13:39:40.773  3776  3776 W PackageManager: Unknown permission com.android.usagestats.permission.READ_USAGESTATS in package com.meizu.experiencedatasync
01-15 13:39:40.773  3776  3776 W PackageManager: Unknown permission com.android.usagestats.permission.WRITE_USAGESTATS in package com.meizu.experiencedatasync
01-15 13:39:40.773  3776  3776 W PackageManager: Unknown permission flyme.permission.ROOT_RECOVERY_STATE in package com.meizu.experiencedatasync
01-15 13:39:40.773  3776  3776 W PackageManager: Unknown permission com.android.voicemail.permission.READ_WRITE_ALL_VOICEMAIL in package com.meizu.callsetting
01-15 13:39:40.773  3776  3776 W PackageManager: Unknown permission com.android.usagestats.permission.READ_USAGESTATS in package com.meizu.callsetting
01-15 13:39:40.773  3776  3776 W PackageManager: Unknown permission com.android.usagestats.permission.WRITE_USAGESTATS in package com.meizu.callsetting
01-15 13:39:40.774  3776  3776 W PackageManager: Unknown permission meizu.permission.FLYME_TELECOM in package com.meizu.callsetting
01-15 13:39:40.774  3776  3776 W PackageManager: Unknown permission meizu.permission.FLYME_TELECOM_PROVIDER_READ in package com.meizu.callsetting
01-15 13:39:40.774  3776  3776 W PackageManager: Unknown permission com.meizu.cloud.permission.CLOUD_PROVIDER_WRITE in package com.meizu.callsetting
01-15 13:39:40.774  3776  3776 W PackageManager: Unknown permission android.permission.ROOT_RECOVERY_STATE in package com.meizu.callsetting
01-15 13:39:40.774  3776  3776 W PackageManager: Unknown permission flyme.permission.ROOT_RECOVERY_STATE in package com.meizu.callsetting
01-15 13:39:40.775  3776  3776 W PackageManager: Unknown permission meizu.permission.FLYME_TELECOM in package com.meizu.netcontactservice
01-15 13:39:40.775  3776  3776 W PackageManager: Unknown permission flyme.permission.ROOT_RECOVERY_STATE in package com.meizu.netcontactservice
01-15 13:39:40.775  3776  3776 W PackageManager: Unknown permission com.meizu.flyme.push.permission.RECEIVE in package com.meizu.netcontactservice
01-15 13:39:40.775  3776  3776 W PackageManager: Unknown permission android.permission.ROOT_RECOVERY_STATE in package com.meizu.netcontactservice
01-15 13:39:40.775  3776  3776 W PackageManager: Unknown permission com.google.android.gallery3d.permission.GALLERY_PROVIDER in package com.android.bluetooth
01-15 13:39:40.775  3776  3776 W PackageManager: Unknown permission com.android.gallery3d.permission.GALLERY_PROVIDER in package com.android.bluetooth
01-15 13:39:40.776  3776  3776 W PackageManager: Unknown permission android.permission.ROOT_RECOVERY_STATE in package com.meizu.media.life
01-15 13:39:40.776  3776  3776 W PackageManager: Unknown permission flyme.permission.ROOT_RECOVERY_STATE in package com.meizu.media.life
01-15 13:39:40.776  3776  3776 W PackageManager: Not granting permission android.permission.CHANGE_CONFIGURATION to package com.meizu.media.life (protectionLevel=50 flags=0x38483e45)
01-15 13:39:40.776  3776  3776 W PackageManager: Not granting permission com.meizu.flyme.permission.UPDATE to package com.meizu.media.life (protectionLevel=18 flags=0x38483e45)
01-15 13:39:40.776  3776  3776 W PackageManager: Unknown permission com.meizu.flyme.push.permission.RECEIVE in package com.meizu.media.life
01-15 13:39:40.776  3776  3776 W PackageManager: Not granting permission android.permission.INSTALL_PACKAGES to package com.meizu.media.life (protectionLevel=18 flags=0x38483e45)
01-15 13:39:40.776  3776  3776 W PackageManager: Not granting permission android.permission.WRITE_SECURE_SETTINGS to package com.meizu.media.life (protectionLevel=50 flags=0x38483e45)
01-15 13:39:40.777  3776  3776 W PackageManager: Not granting permission android.permission.START_ANY_ACTIVITY to package com.meizu.media.life (protectionLevel=2 flags=0x38483e45)
01-15 13:39:40.777  3776  3776 W PackageManager: Not granting permission android.permission.PEERS_MAC_ADDRESS to package com.meizu.media.life (protectionLevel=2050 flags=0x38483e45)
01-15 13:39:40.777  3776  3776 W PackageManager: Not granting permission android.permission.READ_PRIVILEGED_PHONE_STATE to package com.meizu.media.life (protectionLevel=18 flags=0x38483e45)
01-15 13:39:40.777  3776  3776 W PackageManager: Not granting permission android.permission.STATUS_BAR to package com.meizu.media.life (protectionLevel=18 flags=0x38483e45)
01-15 13:39:40.777  3776  3776 W PackageManager: Not granting permission android.permission.REAL_GET_TASKS to package com.meizu.media.life (protectionLevel=18 flags=0x38483e45)
01-15 13:39:40.777  3776  3776 W PackageManager: Not granting permission android.permission.INTERACT_ACROSS_USERS_FULL to package com.meizu.media.life (protectionLevel=258 flags=0x38483e45)
01-15 13:39:40.777  3776  3776 W PackageManager: Not granting permission android.permission.WRITE_MEDIA_STORAGE to package com.meizu.media.life (protectionLevel=18 flags=0x38483e45)
01-15 13:39:40.777  3776  3776 W PackageManager: Not granting permission android.permission.MANAGE_NETWORK_POLICY to package com.meizu.media.life (protectionLevel=2 flags=0x38483e45)
01-15 13:39:40.777  3776  3776 W PackageManager: Not granting permission android.permission.MOUNT_UNMOUNT_FILESYSTEMS to package com.meizu.media.life (protectionLevel=18 flags=0x38483e45)
01-15 13:39:40.777  3776  3776 W PackageManager: Not granting permission com.meizu.stats.permission.READ_USAGESTATS to package com.meizu.media.life (protectionLevel=18 flags=0x38483e45)
01-15 13:39:40.777  3776  3776 W PackageManager: Not granting permission android.permission.LOCAL_MAC_ADDRESS to package com.meizu.media.life (protectionLevel=18 flags=0x38483e45)
01-15 13:39:40.777  3776  3776 W PackageManager: Unknown permission com.meizu.flyme.providers.forcetouch.permission.READ_SETTINGS in package com.meizu.media.life
01-15 13:39:40.777  3776  3776 W PackageManager: Unknown permission com.meizu.flyme.providers.forcetouch.permission.WRITE_SETTINGS in package com.meizu.media.life
01-15 13:39:40.778  3776  3776 W PackageManager: Unknown permission flyme.permission.ROOT_RECOVERY_STATE in package com.meizu.flyme.weather
01-15 13:39:40.778  3776  3776 W PackageManager: Unknown permission android.permission.ROOT_RECOVERY_STATE in package com.meizu.flyme.weather
01-15 13:39:40.778  3776  3776 V PackageManager: reconcileAppsData for null u0 0x3
01-15 13:39:41.000   211   250 I ThermalDaemon: Sensor 'tsens_tz_sensor9' - alarm cleared 1 at 64.0 degC
01-15 13:39:41.001   211   247 I ThermalDaemon: Sensor 'tsens_tz_sensor6' - alarm cleared 1 at 66.0 degC
01-15 13:39:41.680  3776  3776 V PackageManager: reconcileAppsData finished 126 packages
01-15 13:39:41.680  3776  3776 V PackageManager: Disabling com.google.android.gsf/com.google.android.gsf.update.SystemUpdateActivity
01-15 13:39:41.680  3776  3776 W PackageManager: Unable to disable com.google.android.gsf/com.google.android.gsf.update.SystemUpdateActivity
01-15 13:39:41.680  3776  3776 V PackageManager: Disabling com.google.android.gsf/com.google.android.gsf.update.SystemUpdateService$Receiver
01-15 13:39:41.681  3776  3776 W PackageManager: Unable to disable com.google.android.gsf/com.google.android.gsf.update.SystemUpdateService$Receiver
01-15 13:39:41.681  3776  3776 V PackageManager: Disabling com.google.android.gsf/com.google.android.gsf.update.SystemUpdateService$SecretCodeReceiver
01-15 13:39:41.681  3776  3776 W PackageManager: Unable to disable com.google.android.gsf/com.google.android.gsf.update.SystemUpdateService$SecretCodeReceiver
01-15 13:39:41.681  3776  3776 V PackageManager: Disabling com.google.android.gsf/com.google.android.gsf.update.SystemUpdateServiceReceiver
01-15 13:39:41.681  3776  3776 W PackageManager: Unable to disable com.google.android.gsf/com.google.android.gsf.update.SystemUpdateServiceReceiver
01-15 13:39:41.681  3776  3776 V PackageManager: Disabling com.google.android.gms/com.google.android.gms.update.SystemUpdateActivity
01-15 13:39:41.681  3776  3776 W PackageManager: Unable to disable com.google.android.gms/com.google.android.gms.update.SystemUpdateActivity
01-15 13:39:41.681  3776  3776 V PackageManager: Disabling com.google.android.gms/com.google.android.gms.update.SystemUpdateService$Receiver
01-15 13:39:41.681  3776  3776 W PackageManager: Unable to disable com.google.android.gms/com.google.android.gms.update.SystemUpdateService$Receiver
01-15 13:39:41.681  3776  3776 V PackageManager: Disabling com.google.android.gms/com.google.android.gms.update.SystemUpdateService$ActiveReceiver
01-15 13:39:41.681  3776  3776 W PackageManager: Unable to disable com.google.android.gms/com.google.android.gms.update.SystemUpdateService$ActiveReceiver
01-15 13:39:41.681  3776  3776 V PackageManager: Disabling com.google.android.gms/com.google.android.gms.update.SystemUpdateService$SecretCodeReceiver
01-15 13:39:41.681  3776  3776 W PackageManager: Unable to disable com.google.android.gms/com.google.android.gms.update.SystemUpdateService$SecretCodeReceiver
01-15 13:39:41.681  3776  3776 V PackageManager: Disabling com.google.android.gms/com.google.android.gms.update.SystemUpdateServiceReceiver
01-15 13:39:41.681  3776  3776 W PackageManager: Unable to disable com.google.android.gms/com.google.android.gms.update.SystemUpdateServiceReceiver
01-15 13:39:41.681  3776  3776 V PackageManager: Enabling com.google.android.gsf/com.google.android.gsf.update.SystemUpdateService
01-15 13:39:41.681  3776  3776 W PackageManager: Unable to enable com.google.android.gsf/com.google.android.gsf.update.SystemUpdateService
01-15 13:39:41.681  3776  3776 V PackageManager: Enabling com.google.android.gms/com.google.android.gms.update.SystemUpdateService
01-15 13:39:41.681  3776  3776 W PackageManager: Unable to enable com.google.android.gms/com.google.android.gms.update.SystemUpdateService
01-15 13:39:42.386  3776  3776 E PackageDefaultOp: PackageDefaultOpService
01-15 13:39:42.387  3776  3776 E PackageDefaultOp: readList
01-15 13:39:42.387  3776  3776 E PackageDefaultOp: /data/system/testlist not exist
01-15 13:39:42.498  3776  3776 E PackageManager: There should probably be a verifier, but, none were found
01-15 13:39:42.514  3776  3776 D PackageManager: Ephemeral resolver NOT found; no matching intent filters
01-15 13:39:42.515  3776  3776 I PackageManager: Ephemeral deactivated; missing resolver and installer
01-15 13:39:42.517  3776  3776 I art     : Starting a blocking GC Explicit
01-15 13:39:42.585  3776  3776 I art     : Explicit concurrent mark sweep GC freed 57214(3MB) AllocSpace objects, 6(120KB) LOS objects, 37% free, 6MB/10MB, paused 549us total 66.992ms
01-15 13:39:42.589  3776  3776 I SystemServer: StartOtaDexOptService
01-15 13:39:42.593  3776  3776 I SystemServer: StartUserManagerService
01-15 13:39:42.594  3776  3776 I SystemServiceManager: Starting com.android.server.pm.UserManagerService$LifeCycle
01-15 13:39:42.606  3776  3776 E Shrinker: java.lang.NoSuchMethodException: readExtraMemInfo []
01-15 13:39:42.611   199   199 I lowmemorykiller: ActivityManager connected
01-15 13:39:42.612  3776  3776 I SystemServiceManager: Starting com.android.server.BatteryService
01-15 13:39:42.615  3776  3900 D SensorService: nuSensorService starting...
01-15 13:39:42.630  3776  3776 I SystemServiceManager: Starting com.android.server.usage.UsageStatsService
01-15 13:39:42.631  3776  3818 E BatteryStatsService: power: Missing API
01-15 13:39:42.633  3776  3900 E Sensors : Couldn't open /dev/mpu6k (No such file or directory)
01-15 13:39:42.633  3776  3900 E Sensors : data filename = /sys/class/input/event2/device/
01-15 13:39:42.634  3776  3900 D Sensors : MagneticSensor start
01-15 13:39:42.634  3776  3900 E Sensors : data filename = /sys/class/input/event3/device/, data_fd=75
01-15 13:39:42.634  3776  3900 D Sensors : OrientationSensor start
01-15 13:39:42.635  3776  3900 D Sensors : LightSensor start
01-15 13:39:42.635  3776  3900 E Sensors : data filename = /sys/class/input/event6/device/, data_fd=74
01-15 13:39:42.637  3776  3900 D Sensors : ProximitySensor start
01-15 13:39:42.637  3776  3900 E Sensors : data filename = /sys/class/input/event5/device/, data_fd=77
01-15 13:39:42.638  3776  3900 D Sensors : activate: acc_enable=0, mag_enable=0
01-15 13:39:42.638  3776  3900 D Sensors : activate: handle=0, enabled=0
01-15 13:39:42.638  3776  3900 D Sensors : activate: acc_enable=0, mag_enable=0
01-15 13:39:42.638  3776  3900 D Sensors : activate: handle=5, enabled=0
01-15 13:39:42.638  3776  3900 D Sensors : activate: acc_enable=0, mag_enable=0
01-15 13:39:42.638  3776  3900 D Sensors : activate: handle=1, enabled=0
01-15 13:39:42.638  3776  3900 D Sensors : MagneticSensor enable = 0
01-15 13:39:42.638  3776  3900 D Sensors : MagneticSensor enableSensor = 0
01-15 13:39:42.638  3776  3900 D Sensors : activate: acc_enable=0, mag_enable=0
01-15 13:39:42.638  3776  3900 D Sensors : activate: handle=4, enabled=0
01-15 13:39:42.638  3776  3900 D Sensors : LightSensor enable = 0
01-15 13:39:42.638  3776  3900 D Sensors : activate: acc_enable=0, mag_enable=0
01-15 13:39:42.638  3776  3900 D Sensors : activate: handle=3, enabled=0
01-15 13:39:42.639  3776  3900 D Sensors : ProximitySensor enable = 0
01-15 13:39:42.647  3776  3776 I SystemServiceManager: Starting com.android.server.webkit.WebViewUpdateService
01-15 13:39:42.653  3776  3901 D SensorService: new thread SensorEventAckReceiver
01-15 13:39:42.653  3776  3902 D SensorService: nuSensorService thread starting...
01-15 13:39:42.660  3776  3776 I SystemServer: Reading configuration...
01-15 13:39:42.661  3776  3776 I SystemServer: StartSchedulingPolicyService
01-15 13:39:42.662  3776  3776 I SystemServiceManager: Starting com.android.server.telecom.TelecomLoaderService
01-15 13:39:42.663  3776  3776 I SystemServer: StartTelephonyRegistry
01-15 13:39:42.668  3776  3776 I SystemServer: StartEntropyMixer
01-15 13:39:42.671  3776  3776 I EntropyMixer: Added HW RNG output to entropy pool
01-15 13:39:42.672  3776  3776 I EntropyMixer: Writing entropy...
01-15 13:39:42.945  3776  3776 I SystemServer: Camera Service
01-15 13:39:42.947  3776  3776 I SystemServiceManager: Starting com.android.server.camera.CameraService
01-15 13:39:42.955  3776  3907 I ServiceThread: Enabled StrictMode logging for CameraService_proxy looper.
01-15 13:39:42.960  3776  3776 I SystemServer: StartAccountManagerService
01-15 13:39:42.962  3776  3776 I SystemServiceManager: Starting com.android.server.accounts.AccountManagerService$Lifecycle
01-15 13:39:42.995  3776  3776 I SystemServer: StartContentService
01-15 13:39:42.996  3776  3776 I SystemServiceManager: Starting com.android.server.content.ContentService$Lifecycle
01-15 13:39:43.005  3776  3776 I SystemServer: InstallSystemProviders
01-15 13:39:43.014  3776  3776 W System  : ClassLoader referenced unknown path: /system/priv-app/SettingsProvider/lib/arm
01-15 13:39:43.033  3776  3776 W System  : ClassLoader referenced unknown path: /system/priv-app/Telecom/lib/arm
01-15 13:39:43.034  3776  3776 D ApplicationLoaders: ignored Vulkan layer search path /system/priv-app/Telecom/lib/arm:/system/fake-libs:/system/priv-app/Telecom/Telecom.apk!/lib/armeabi-v7a:/system/lib:/vendor/lib for namespace 0xb6e380d0
01-15 13:39:43.054  3776  3776 I SystemServer: StartVibratorService
01-15 13:39:43.059  3776  3776 I SystemServer: StartConsumerIrService
01-15 13:39:43.062  3776  3776 I SystemServer: StartAlarmManagerService
01-15 13:39:43.062  3776  3776 I SystemServiceManager: Starting com.android.server.AlarmManagerService
01-15 13:39:43.067  3776  3776 D AlarmManagerService: Kernel timezone updated to -480 minutes west of GMT
01-15 13:39:43.072  3776  3776 I SystemServer: InitWatchdog
01-15 13:39:43.073  3776  3776 I SystemServer: StartInputManagerService
01-15 13:39:43.074  3776  3776 I InputManager: Initializing input manager, mUseDevInputEventForAudioJack=false
01-15 13:39:43.076  3776  3776 I SystemServer: StartWindowManagerService
01-15 13:39:43.091  3776  3829 I WindowManager: No existing display settings /data/system/display_settings.xml; starting empty
01-15 13:39:43.110  3776  3815 I CameraManagerGlobal: Connecting to camera service
01-15 13:39:43.122  3776  3815 E ActivityThread: Failed to find provider info for cmsettings
01-15 13:39:43.123  3776  3815 E AndroidRuntime: *** FATAL EXCEPTION IN SYSTEM PROCESS: android.ui
01-15 13:39:43.123  3776  3815 E AndroidRuntime: java.lang.NullPointerException: Attempt to invoke interface method 'android.os.Bundle android.content.IContentProvider.call(java.lang.String, java.lang.String, java.lang.String, android.os.Bundle)' on a null object reference
01-15 13:39:43.123  3776  3815 E AndroidRuntime: 	at cyanogenmod.providers.CMSettings$NameValueCache.getStringForUser(CMSettings.java:243)
01-15 13:39:43.123  3776  3815 E AndroidRuntime: 	at cyanogenmod.providers.CMSettings$System.getStringForUser(CMSettings.java:517)
01-15 13:39:43.123  3776  3815 E AndroidRuntime: 	at cyanogenmod.providers.CMSettings$System.getIntForUser(CMSettings.java:562)
01-15 13:39:43.123  3776  3815 E AndroidRuntime: 	at com.android.server.policy.PhoneWindowManager.updateKeyAssignments(PhoneWindowManager.java:2285)
01-15 13:39:43.123  3776  3815 E AndroidRuntime: 	at com.android.server.policy.PhoneWindowManager.init(PhoneWindowManager.java:2097)
01-15 13:39:43.123  3776  3815 E AndroidRuntime: 	at com.android.server.wm.WindowManagerService$4.run(WindowManagerService.java:957)
01-15 13:39:43.123  3776  3815 E AndroidRuntime: 	at android.os.Handler$BlockingRunnable.run(Handler.java:771)
01-15 13:39:43.123  3776  3815 E AndroidRuntime: 	at android.os.Handler.handleCallback(Handler.java:751)
01-15 13:39:43.123  3776  3815 E AndroidRuntime: 	at android.os.Handler.dispatchMessage(Handler.java:95)
01-15 13:39:43.123  3776  3815 E AndroidRuntime: 	at android.os.Looper.loop(Looper.java:154)
01-15 13:39:43.123  3776  3815 E AndroidRuntime: 	at android.os.HandlerThread.run(HandlerThread.java:61)
01-15 13:39:43.123  3776  3815 E AndroidRuntime: 	at com.android.server.ServiceThread.run(ServiceThread.java:46)
01-15 13:39:43.125  3776  3815 I Process : Sending signal. PID: 3776 SIG: 9
01-15 13:39:43.151   200   200 I ServiceManager: service 'package' died
01-15 13:39:43.151   200   200 I ServiceManager: service 'otadexopt' died
01-15 13:39:43.151   200   200 I ServiceManager: service 'user' died
01-15 13:39:43.151   200   200 I ServiceManager: service 'activity' died
01-15 13:39:43.152   200   200 I ServiceManager: service 'procstats' died
01-15 13:39:43.152   200   200 I ServiceManager: service 'meminfo' died
01-15 13:39:43.152   200   200 I ServiceManager: service 'gfxinfo' died
01-15 13:39:43.152   200   200 I ServiceManager: service 'dbinfo' died
01-15 13:39:43.152   200   200 I ServiceManager: service 'cpuinfo' died
01-15 13:39:43.152   200   200 I ServiceManager: service 'permission' died
01-15 13:39:43.152   200   200 I ServiceManager: service 'processinfo' died
01-15 13:39:43.152   200   200 I ServiceManager: service 'sensorservice' died
01-15 13:39:43.152   200   200 I ServiceManager: service 'battery' died
01-15 13:39:43.152   200   200 I ServiceManager: service 'usagestats' died
01-15 13:39:43.152   200   200 I ServiceManager: service 'webviewupdate' died
01-15 13:39:43.152   200   200 I ServiceManager: service 'scheduling_policy' died
01-15 13:39:43.152   200   200 I ServiceManager: service 'telephony.registry' died
01-15 13:39:43.152   217   217 E         : eof
01-15 13:39:43.152   200   200 I ServiceManager: service 'media.camera.proxy' died
01-15 13:39:43.152   217   217 E         : failed to read size
01-15 13:39:43.152   217   217 I         : closing connection
01-15 13:39:43.152   200   200 I ServiceManager: service 'account' died
01-15 13:39:43.152   200   200 I ServiceManager: service 'content' died
01-15 13:39:43.152   200   200 I ServiceManager: service 'vibrator' died
01-15 13:39:43.152   200   200 I ServiceManager: service 'consumer_ir' died
01-15 13:39:43.152   200   200 I ServiceManager: service 'alarm' died
01-15 13:39:43.152   200   200 I ServiceManager: service 'batterystats' died
01-15 13:39:43.152   200   200 I ServiceManager: service 'appops' died
01-15 13:39:43.152   200   200 I ServiceManager: service 'power' died
01-15 13:39:43.152   200   200 I ServiceManager: service 'display' died
01-15 13:39:43.186   199   199 I lowmemorykiller: ActivityManager disconnected
01-15 13:39:43.186   199   199 I lowmemorykiller: Closing Activity Manager data connection
01-15 13:39:43.279  3605  3605 E Zygote  : Exit zygote because system server (3776) has terminated
01-15 13:39:43.339   200   200 I ServiceManager: service 'media.audio_flinger' died
01-15 13:39:43.340   200   200 I ServiceManager: service 'media.audio_policy' died
01-15 13:39:43.340   200   200 I ServiceManager: service 'media.radio' died
01-15 13:39:43.340   200   200 I ServiceManager: service 'media.sound_trigger_hw' died
01-15 13:39:43.348   200   200 I ServiceManager: service 'netd' died
01-15 13:39:43.350   200   200 I ServiceManager: service 'media.player' died
01-15 13:39:43.350   200   200 I ServiceManager: service 'media.resource_manager' died
01-15 13:39:43.350   200   200 I ServiceManager: service 'media.camera' died
01-15 13:39:43.459  3912  3912 I Netd    : Netd 1.0 starting
01-15 13:39:43.460  3912  3912 D TetherController: Setting IP forward enable = 0
01-15 13:39:43.481  3912  3912 I QtiConnectivityAdapter: Failed to open libconnctrl, some features may not be present.
01-15 13:39:43.481  3912  3912 E         : Failed to open libdatactrl, some features may not be present.
01-15 13:39:43.481  3912  3912 E         : Failed to open libcsm_data, some features may not be present.
01-15 13:39:43.751  3911  3911 I         : sMaxFastTracks = 8
01-15 13:39:43.764  3911  3911 I audioserver: ServiceManager: 0xb6210720
01-15 13:39:43.764  3911  3911 W BatteryNotifier: batterystats service unavailable!
01-15 13:39:43.764  3911  3911 I AudioFlinger: Using default 3000 mSec as standby time.
01-15 13:39:43.765  3911  3911 I AudioPolicyService: AudioPolicyService CSTOR in new mode
01-15 13:39:43.767  3911  3911 W APM::Devices: DeviceVector::add device 80000040 already in
01-15 13:39:43.767  3911  3911 I APM::ConfigParsingUtils: loadAudioPolicyConfig() loaded /system/etc/audio_policy.conf
01-15 13:39:43.775  3911  3911 D audio_hw_primary: adev_open: enter
01-15 13:39:43.797  3911  3911 D msm8960_platform: platform_init: snd_card_name: msm8230-tapan-snd-card
01-15 13:39:43.872  3913  3913 I chatty  : uid=1013(media) /system/bin/mediaserver expire 203 lines
01-15 13:39:43.900  3911  3911 D msm8960_platform: platform_init: Opened sound card:0
01-15 13:39:43.930  3911  3911 D ACDB-LOADER: ACDB -> ACDB_CMD_INITIALIZE
01-15 13:39:43.932  3911  3911 E         : [ACDB RTC]->rtc init done!->result [0]
01-15 13:39:43.932  3911  3911 E Diag_Lib: actp_diag_init: call diag init function with B5AE5345
01-15 13:39:43.946  3911  3911 E         : [ACDB ACPH]->actp diag init done!
01-15 13:39:43.946  3911  3911 D ACDB-LOADER: No existing ION info in ACDB driver
01-15 13:39:43.946  3911  3911 D ACDB-LOADER: ACDB -> ION_IOC_ALLOC
01-15 13:39:43.946  3911  3911 D ACDB-LOADER: ACDB -> ION_IOC_SHARE
01-15 13:39:43.946  3911  3911 D ACDB-LOADER: ACDB -> MMAP ADDR
01-15 13:39:43.946  3911  3911 D ACDB-LOADER: ACDB -> register MEM to ACDB driver: 0xb58c9000
01-15 13:39:43.946  3911  3911 D ACDB-LOADER: ACDB -> send_asm_topology
01-15 13:39:43.946  3911  3911 D ACDB-LOADER: ACDB -> ACDB_CMD_GET_AUDPROC_STREAM_TOPOLOGY_ID
01-15 13:39:43.946  3911  3911 D ACDB-LOADER: send mbhc data
01-15 13:39:44.046  3911  3911 D ACDB-LOADER: send tabla anc data
01-15 13:39:44.046  3911  3911 D ACDB-LOADER: ACDB -> ACDB_CMD_GET_ANC_SETTING
01-15 13:39:44.047  3911  3911 E ACDB-LOADER: done with conversion, anc config size is 148
01-15 13:39:44.047  3911  3911 D ACDB-LOADER: ACDB -> ACDB_CMD_GET_ANC_SETTING
01-15 13:39:44.047  3911  3911 E ACDB-LOADER: done with conversion, anc config size is 148
01-15 13:39:44.047  3911  3911 D ACDB-LOADER: ACDB -> ACDB_CMD_GET_ANC_SETTING
01-15 13:39:44.047  3911  3911 E ACDB-LOADER: done with conversion, anc config size is 148
01-15 13:39:44.047  3911  3911 D ACDB-LOADER: ACDB -> ACDB_CMD_GET_ANC_SETTING
01-15 13:39:44.047  3911  3911 E ACDB-LOADER: done with conversion, anc config size is 148
01-15 13:39:44.047  3911  3911 D ACDB-LOADER: ACDB -> ACDB_CMD_GET_ANC_SETTING
01-15 13:39:44.047  3911  3911 E ACDB-LOADER: done with conversion, anc config size is 74
01-15 13:39:44.047  3911  3911 D ACDB-LOADER: ACDB -> ACDB_CMD_GET_ANC_SETTING
01-15 13:39:44.047  3911  3911 E ACDB-LOADER: done with conversion, anc config size is 74
01-15 13:39:44.047  3911  3911 D ACDB-LOADER: ACDB -> init done!
01-15 13:39:44.048  3911  3911 E audio_hw_primary: Amplifier initialization failed
01-15 13:39:44.048  3911  3911 I AudioFlinger: loadHwModule() Loaded primary audio interface from QCOM Audio HAL (audio) handle 10
01-15 13:39:44.048  3911  3911 I AudioFlinger: openOutput(), module 10 Device 2, SamplingRate 48000, Format 0x000001, Channels 3, flags 2
01-15 13:39:44.048  3911  3911 D audio_hw_primary: adev_open_output_stream: enter: sample_rate(48000) channel_mask(0x3) devices(0x2) flags(0x2)        stream_handle(0xb6246600)
01-15 13:39:44.048  3911  3911 D audio_hw_primary: adev_open_output_stream: Stream (0xb6246600) picks up usecase (deep-buffer-playback)
01-15 13:39:44.048  3911  3911 I AudioFlinger: HAL output buffer size 1920 frames, normal sink buffer size 1920 frames
01-15 13:39:44.053  3911  3911 I BufferProvider: found effect "Multichannel Downmix To Stereo" from The Android Open Source Project
01-15 13:39:44.053  3911  3911 I AudioFlinger: Using module 10 has the primary audio interface
01-15 13:39:44.055   202  3932 E mm-camera: Samsung cam_mctl_thread: set camera_id =0
01-15 13:39:44.056   202  3932 E mm-camera: mctl_store_curr_target Current target is 1 id = 154
01-15 13:39:44.058   202   202 E mm-camera: camera_plugin_client_open: plugin client open exit, rc = 0
01-15 13:39:44.060   202  3932 E mm-camera: s5k3h5xa_process_start
01-15 13:39:44.061  3911  3931 I AudioFlinger: AudioFlinger's thread 0xb5803440 ready to run
01-15 13:39:44.061  3911  3931 W BatteryNotifier: batterystats service unavailable!
01-15 13:39:44.061  3911  3931 D audio_hw_primary: out_set_parameters: enter: usecase(0: deep-buffer-playback) kvpairs: routing=2
01-15 13:39:44.061  3911  3931 D audio_hw_primary: out_standby: enter: stream (0xb6246600) usecase(0: deep-buffer-playback)
01-15 13:39:44.061  3911  3931 W BatteryNotifier: batterystats service unavailable!
01-15 13:39:44.062  3911  3931 W BatteryNotifier: batterystats service unavailable!
01-15 13:39:44.062  3911  3931 W AudioFlinger: no wake lock to update, system not ready yet
01-15 13:39:44.063  3911  3911 I AudioFlinger: openOutput(), module 10 Device 2, SamplingRate 48000, Format 0x000001, Channels 3, flags 4
01-15 13:39:44.063  3911  3911 D audio_hw_primary: adev_open_output_stream: enter: sample_rate(48000) channel_mask(0x3) devices(0x2) flags(0x4)        stream_handle(0xb6246740)
01-15 13:39:44.063  3911  3911 D audio_hw_primary: adev_open_output_stream: Stream (0xb6246740) picks up usecase (low-latency-playback)
01-15 13:39:44.064  3911  3911 I AudioFlinger: HAL output buffer size 240 frames, normal sink buffer size 960 frames
01-15 13:39:44.076  3911  3938 I AudioFlinger: AudioFlinger's thread 0xb5683e80 ready to run
01-15 13:39:44.077  3911  3938 W BatteryNotifier: batterystats service unavailable!
01-15 13:39:44.077  3911  3938 D audio_hw_primary: out_set_parameters: enter: usecase(1: low-latency-playback) kvpairs: routing=2
01-15 13:39:44.077  3911  3938 D audio_hw_primary: out_standby: enter: stream (0xb6246740) usecase(1: low-latency-playback)
01-15 13:39:44.077  3911  3938 W BatteryNotifier: batterystats service unavailable!
01-15 13:39:44.078  3911  3938 W BatteryNotifier: batterystats service unavailable!
01-15 13:39:44.078  3911  3938 W AudioFlinger: no wake lock to update, system not ready yet
01-15 13:39:44.079  3911  3911 I AudioFlinger: openOutput(), module 10 Device 10000, SamplingRate 48000, Format 0x000001, Channels 3, flags 0
01-15 13:39:44.079  3911  3911 D audio_hw_primary: adev_open_output_stream: enter: sample_rate(48000) channel_mask(0x3) devices(0x10000) flags(0)        stream_handle(0xb6246880)
01-15 13:39:44.079  3911  3911 D audio_hw_primary: adev_open_output_stream: Stream (0xb6246880) picks up usecase (afe-proxy-playback)
01-15 13:39:44.079  3911  3911 I AudioFlinger: HAL output buffer size 768 frames, normal sink buffer size 1152 frames
01-15 13:39:44.089  3911  3940 I AudioFlinger: AudioFlinger's thread 0xb5383880 ready to run
01-15 13:39:44.089  3911  3940 W BatteryNotifier: batterystats service unavailable!
01-15 13:39:44.089  3911  3940 D audio_hw_primary: out_set_parameters: enter: usecase(27: afe-proxy-playback) kvpairs: routing=65536
01-15 13:39:44.090  3911  3940 D audio_hw_primary: out_standby: enter: stream (0xb6246880) usecase(27: afe-proxy-playback)
01-15 13:39:44.090  3911  3940 W BatteryNotifier: batterystats service unavailable!
01-15 13:39:44.091  3911  3911 D audio_hw_primary: adev_open_input_stream: enter: sample_rate(48000) channel_mask(0xc) devices(0x80000004)        stream_handle(0xb5861900) io_handle(14) source(1)
01-15 13:39:44.092  3911  3940 W BatteryNotifier: batterystats service unavailable!
01-15 13:39:44.092  3911  3942 I AudioFlinger: AudioFlinger's thread 0xb50834c0 ready to run
01-15 13:39:44.092  3911  3940 W AudioFlinger: no wake lock to update, system not ready yet
01-15 13:39:44.092  3911  3911 D audio_hw_primary: adev_close_input_stream: enter:stream_handle(0xb5861900)
01-15 13:39:44.092  3911  3911 D audio_hw_primary: in_standby: enter: stream (0xb5861900) usecase(7: audio-record)
01-15 13:39:44.092  3911  3911 D audio_hw_primary: adev_open_input_stream: enter: sample_rate(48000) channel_mask(0xc) devices(0x80000040)        stream_handle(0xb5861900) io_handle(22) source(1)
01-15 13:39:44.093  3911  3911 D audio_hw_primary: adev_open_input_stream: enter: sample_rate(48000) channel_mask(0xc) devices(0x80000040)        stream_handle(0xb5861900) io_handle(22) source(1)
01-15 13:39:44.093  3911  3911 W APM_AudioPolicyManager: Cannot open input stream for device 80000040 on hw module primary
01-15 13:39:44.094  3911  3911 I bt_a2dp_hw: adev_open:  adev_open in A2dp_hw module
01-15 13:39:44.094  3911  3911 I AudioFlinger: loadHwModule() Loaded a2dp audio interface from A2DP Audio HW HAL (audio) handle 18
01-15 13:39:44.095  3911  3911 I AudioFlinger: loadHwModule() Loaded usb audio interface from USB audio HW HAL (audio) handle 26
01-15 13:39:44.097  3911  3911 I r_submix: adev_open(name=audio_hw_if)
01-15 13:39:44.097  3911  3911 I r_submix: adev_init_check()
01-15 13:39:44.097  3911  3911 I AudioFlinger: loadHwModule() Loaded r_submix audio interface from Wifi Display audio HAL (audio) handle 34
01-15 13:39:44.097  3911  3911 D r_submix: adev_open_input_stream(addr=0)
01-15 13:39:44.097  3911  3911 D r_submix: submix_audio_device_create_pipe_l(addr=0, idx=9)
01-15 13:39:44.097  3911  3911 D r_submix:   now using address 0 for route 9
01-15 13:39:44.097  3911  3943 I AudioFlinger: AudioFlinger's thread 0xb5083880 ready to run
01-15 13:39:44.098  3911  3911 D r_submix: adev_close_input_stream()
01-15 13:39:44.098  3911  3911 D r_submix: submix_audio_device_release_pipe_l(idx=9) addr=0
01-15 13:39:44.098  3911  3911 D r_submix: submix_audio_device_destroy_pipe_l(): pipe destroyed
01-15 13:39:44.099  3911  3911 I RadioService: RadioService
01-15 13:39:44.099  3911  3911 I RadioService: onFirstRef
01-15 13:39:44.099  3911  3911 E RadioService: couldn't load radio module radio.primary (No such file or directory)
01-15 13:39:44.100  3911  3911 E SoundTriggerHwService: couldn't load sound trigger module sound_trigger.primary (No such file or directory)
01-15 13:39:44.118   202  3932 E mm-camera: sensor_load_chromatix: libchromatix_s5k3h5xa_zsl.so: 28
01-15 13:39:44.119   202  3932 E mm-camera: #QCT 1 # chromatix_s5k3h5xa_zsl.dat : open -1 
01-15 13:39:44.119   202  3932 E mm-camera: load_chromatix:88: chromatix_version=520
01-15 13:39:44.119   202  3932 E mm-camera: camera_plugin_client_private_ioctl_to_plugin: received private ioctl
01-15 13:39:44.119   202  3932 E mm-camera: camera_plugin_grant_pix_interface Support simultaneous camera 0 Sensor type 0 BAYER 0
01-15 13:39:44.119   202  3932 E mm-camera: camera_plugin_grant_pix_interface Support simultaneous camera 0 Sensor type 0
01-15 13:39:44.119   202  3932 E mm-camera: SADA  camera_plugin_grant_pix_interface 0
01-15 13:39:44.124   202  3932 E mm-camera: axi_client_init axi client 0
01-15 13:39:44.124   202  3932 E mm-camera:  
01-15 13:39:44.137   202  3932 E mm-camera: vfe_ops_init: E
01-15 13:39:44.137   202  3932 E mm-camera: Samsung mctl_init_comps: call vfe set_params, version =4
01-15 13:39:44.137   202  3932 E mm-camera: Samsung vfe_set_params: version =4
01-15 13:39:44.137   202  3932 E mm-camera: axi_set_params: begin, axi_obj_idx = 4
01-15 13:39:44.137   202  3932 E mm-camera: axi_set_params: begin, axi_obj_idx = 4
01-15 13:39:44.137   202  3932 E mm-camera: axi_set_params: begin, axi_obj_idx = 0
01-15 13:39:44.137   202  3932 E mm-camera: axi_set_params: wm0: ub_offset 0 ub_size 130
01-15 13:39:44.137   202  3932 E mm-camera: axi_set_params: wm1: ub_offset 131 ub_size 130
01-15 13:39:44.137   202  3932 E mm-camera: axi_set_params: wm2: ub_offset 262 ub_size 130
01-15 13:39:44.137   202  3932 E mm-camera: axi_set_params: wm3: ub_offset 393 ub_size 130
01-15 13:39:44.137   202  3932 E mm-camera: axi_set_params: wm4: ub_offset 524 ub_size 130
01-15 13:39:44.137   202  3932 E mm-camera: axi_set_params: wm5: ub_offset 655 ub_size 130
01-15 13:39:44.137   202  3932 E mm-camera: axi_set_params: wm6: ub_offset 786 ub_size 130
01-15 13:39:44.656   202  3932 E mm-camera: mctl_init_stats_proc_info: snap_max_line_cnt =61944
01-15 13:39:44.656   202  3932 E mm-camera: eeprom_init: [shchang : CAL] Starting EEPROM Init
01-15 13:39:44.750   202  3932 E mm-camera: eeprom_get_info: eeprom Support: 1
01-15 13:39:44.750   202  3932 E mm-camera: [shchang:CAL] Target r_over_g = 2369.000000, target b_over_g = 2446.000000
01-15 13:39:44.750   202  3932 E mm-camera: [shchang:CAL] Golden r_over_g = 2399.000000, target b_over_g = 2332.000000
01-15 13:39:44.750   202  3932 E mm-camera: [shchang:CAL] [Golden::NOT 00 or FF] AWB_golden_module_R_Gr_ratio = 1.012664, AWB_golden_module_B_Gr_ratio = 0.953393
01-15 13:39:44.750   202  3932 E mm-camera: [shchang : CAL] lsc.is_supported = 1
01-15 13:39:44.751   202  3932 E mm-camera: Samsung mctl_init_comps: call vfe module init, version =4
01-15 13:39:44.757   202  3932 E mm-camera: [Serrano]cptr->AWB_golden_module_R_Gr_ratio = 1.012664, cptr->AWB_golden_module_B_Gr_ratio = 0.953393
01-15 13:39:44.757   202  3932 E mm-camera: SURESH: ts_awb_buf address = b69142c0
01-15 13:39:44.757   202  3932 E mm-camera: SURESH: ts_accm_buf address = b6914624
01-15 13:39:44.758   202  3932 W linker  : /system/lib/libmmcamera_faceproc.so has text relocations. This is wasting memory and prevents security hardening. Please fix.
01-15 13:39:44.759   202  3932 E mm-camera: config_proc_CAMERA_GET_CAPABILITIES: prop->max_pict_width 3264  prop->max_pict_height 2448
01-15 13:39:44.760   202  3932 E mm-camera: config_proc_native_ctrl_cmd: CAMERA_SET_PARM_DIMENSION called
01-15 13:39:44.760   202  3932 E mm-camera: axi_set_params: begin, axi_obj_idx = 0
01-15 13:39:44.760   202  3932 E mm-camera: axi_set_params: begin, axi_obj_idx = 0
01-15 13:39:44.760   202  3932 E mm-camera: axi_set_params: begin, axi_obj_idx = 0
01-15 13:39:44.760   202  3932 E mm-camera: axi_set_params: begin, axi_obj_idx = 0
01-15 13:39:44.760   202  3932 E mm-camera: config_validate_dimension: RDI 0: W X H: 3264 X 2448, RDI 1: W X H: 3264 X 1224
01-15 13:39:44.760   202  3932 E mm-camera: config_validate_dimension: RDI2: W X H: 0 X 0
01-15 13:39:44.763   202  3932 E mm-camera: config_proc_CAMERA_GET_PARM_HORIZONTAL_VIEW_ANGLE Horizontal view angle of the sensor = 54.799999 
01-15 13:39:44.763   202  3932 E mm-camera: config_proc_CAMERA_GET_PARM_VERTICAL_VIEW_ANGLE Vertical view angle of the sensor = 42.500000 
01-15 13:39:44.764   202  3932 E mm-camera: config_proc_CAMERA_SET_LOW_POWER_MODE Low power mode enabled? : No 
01-15 13:39:44.764   202  3932 E mm-camera: config_proc_CAMERA_SET_DIS_ENABLE: DIS Enabled? : No 
01-15 13:39:44.798  3913  3973 I chatty  : uid=1013(media) /system/bin/mediaserver expire 2 lines
01-15 13:39:44.798  3913  3971 I chatty  : uid=1013(media) /system/bin/mediaserver expire 1 line
01-15 13:39:44.804  3913  3913 I chatty  : uid=1013(media) /system/bin/mediaserver expire 6 lines
01-15 13:39:44.807  3913  3972 I chatty  : uid=1013(media) /system/bin/mediaserver expire 1 line
01-15 13:39:44.810  3913  3913 I chatty  : uid=1013(media) /system/bin/mediaserver expire 111 lines
01-15 13:39:44.810   202  3932 E mm-camera: config_proc_CAMERA_SET_LOW_POWER_MODE Low power mode enabled? : No 
01-15 13:39:44.811   202  3932 E mm-camera: config_proc_CAMERA_SET_DIS_ENABLE: DIS Enabled? : No 
01-15 13:39:44.840  3913  3913 I QCameraHAL: sensor_mount_angle: 90
01-15 13:39:44.840  3913  3913 I QCameraHAL: Handle [1]=0x0xb6e440c4
01-15 13:39:44.840  3913  3913 I QCameraHAL: Camera sensor 1 info:
01-15 13:39:44.840  3913  3913 I QCameraHAL: camera_id: 0
01-15 13:39:44.840  3913  3913 I QCameraHAL: modes_supported: 1
01-15 13:39:44.840  3913  3913 I QCameraHAL: position: 1
01-15 13:39:44.840  3913  3913 I QCameraHAL: sensor_mount_angle: 270
01-15 13:39:44.840  3913  3913 E QualcommCamera: Qint android::close_camera_device(hw_device_t*): device =0xb5da0a80 E
01-15 13:39:44.840  3913  3913 I QCameraHWI: ~QCameraHardwareInterface: E
01-15 13:39:44.840  3913  3913 I QCameraHWI: stopPreview: stopPreview: E
01-15 13:39:44.846  3913  3913 I QCameraHWI: stopPreview: X, mPreviewState = 0
01-15 13:39:44.846  3913  3913 E mm-still-omx: mm_jpeg_close: E
01-15 13:39:44.846  3913  3913 E mm-still-omx: mm_jpeg_close: abort ongoing jobs
01-15 13:39:44.846  3913  3913 E mm-still-omx: mm_jpeg_close: abort todo jobs
01-15 13:39:44.846  3913  3913 E mm-still-omx: mm_jpeg_close: abort done jobs in cb threads
01-15 13:39:44.846  3913  3913 E mm-still-omx: mm_jpeg_close: X
01-15 13:39:44.847  3913  3913 E QCameraHWI: ~QCameraHardwareInterface: Jpeg closed, rc = 0, mJpegClientHandle = 100
01-15 13:39:44.847  3913  3913 D QCameraHWI: sendCmd: enqueue cmd 4
01-15 13:39:44.848  3913  3971 D QCameraHWI: dataNotifyRoutine: get cmd 4
01-15 13:39:44.848  3913  3971 D QCameraHWI: dataNotifyRoutine: X
01-15 13:39:44.848  3913  3913 D QCameraHWI: sendCmd: enqueue cmd 4
01-15 13:39:44.848  3913  3972 D QCameraHWI: dataProcessRoutine: get cmd 4
01-15 13:39:44.848  3913  3972 D QCameraHWI: dataProcessRoutine: X
01-15 13:39:44.848  3913  3913 I QCameraHWI: deInitHistogramBuffers E
01-15 13:39:44.848  3913  3913 I QCameraHWI: deInitHistogramBuffers Histogram buffers not active. return. 
01-15 13:39:44.848  3913  3913 E QCameraHWI_Preview: release : BEGIN
01-15 13:39:44.848  3913  3913 D QCameraStream: streamOff: mActive = 0, streamid = 0, image_mode = 0
01-15 13:39:44.848  3913  3913 E QCameraStream: streamOff: Stream:0 is not active
01-15 13:39:44.848  3913  3913 D QCameraStream: deinitStream: E, mActive = 0, mInit = 0, streamid = 0, image_mode = 0
01-15 13:39:44.848  3913  3913 E QCameraHWI_Preview: release: END
01-15 13:39:44.848  3913  3913 D QCameraStream: streamOff: mActive = 0, streamid = 0, image_mode = 1
01-15 13:39:44.848  3913  3913 E QCameraStream: streamOff: Stream:0 is not active
01-15 13:39:44.848  3913  3913 D QCameraStream: deinitStream: E, mActive = 0, mInit = 0, streamid = 0, image_mode = 1
01-15 13:39:44.848  3913  3913 I QCameraHWI_Record: [release]mRecBufCnt=0
01-15 13:39:44.848  3913  3913 D QCameraStream: streamOff: mActive = 0, streamid = 0, image_mode = 2
01-15 13:39:44.848  3913  3913 E QCameraStream: streamOff: Stream:0 is not active
01-15 13:39:44.848  3913  3913 D QCameraStream: deinitStream: E, mActive = 0, mInit = 0, streamid = 0, image_mode = 2
01-15 13:39:44.848  3913  3913 D QCameraStream: streamOff: mActive = 0, streamid = 0, image_mode = 3
01-15 13:39:44.848  3913  3913 E QCameraStream: streamOff: Stream:0 is not active
01-15 13:39:44.848  3913  3913 D QCameraStream: deinitStream: E, mActive = 0, mInit = 0, streamid = 0, image_mode = 3
01-15 13:39:44.849  3913  3913 E QCameraHWI: ~QCameraHardwareInterface: mCameraHandle = -1243876312, mCameraHandle->camera_handle = 100
01-15 13:39:44.849  3913  3973 I QCameraHWI: runJpegSnapSaveThread: X
01-15 13:39:44.849  3913  3973 I QCameraHWI: jpeg_snap_save_thread: X
01-15 13:39:44.849  3913  3913 E mm-camera-intf: mm_camera_intf_close E: camera_handler = 256 
01-15 13:39:44.849  3913  3913 E mm-camera-intf: mm_camera_close : Close evt Poll Thread in Cam Close
01-15 13:39:44.849  3913  3913 E mm-camera-intf: mm_camera_close : Close evt cmd Thread in Cam Close
01-15 13:39:44.849  3913  3913 E mm-camera-intf: mm_camera_close : Close asyn cmd Thread in Cam Close
01-15 13:39:44.849  3913  3913 E mm-camera-intf: mm_camera_close : my_obj->ctrl_fd=6
01-15 13:39:44.849   202  3932 E mm-camera: config_shutdown_pp Camera not in streaming mode. Returning. 
01-15 13:39:44.851   202  3932 E mm-camera: vfe_ops_deinit: E
01-15 13:39:44.891  3910  3910 D AndroidRuntime: >>>>>> START com.android.internal.os.ZygoteInit uid 0 <<<<<<
01-15 13:39:44.899  3910  3910 D AndroidRuntime: CheckJNI is OFF
01-15 13:39:44.902  3910  3910 I art     : option[0]=-Xzygote
01-15 13:39:44.902  3910  3910 I art     : option[1]=-Xstacktracefile:/data/anr/traces.txt
01-15 13:39:44.902  3910  3910 I art     : option[2]=exit
01-15 13:39:44.902  3910  3910 I art     : option[3]=vfprintf
01-15 13:39:44.902  3910  3910 I art     : option[4]=sensitiveThread
01-15 13:39:44.902  3910  3910 I art     : option[5]=-verbose:gc
01-15 13:39:44.902  3910  3910 I art     : option[6]=-Xms8m
01-15 13:39:44.903  3910  3910 I art     : option[7]=-Xmx256m
01-15 13:39:44.903  3910  3910 I art     : option[8]=-XX:HeapGrowthLimit=192m
01-15 13:39:44.903  3910  3910 I art     : option[9]=-XX:HeapMinFree=2m
01-15 13:39:44.903  3910  3910 I art     : option[10]=-XX:HeapMaxFree=8m
01-15 13:39:44.903  3910  3910 I art     : option[11]=-XX:HeapTargetUtilization=0.75
01-15 13:39:44.903  3910  3910 I art     : option[12]=-Xusejit:true
01-15 13:39:44.903  3910  3910 I art     : option[13]=-Xjitsaveprofilinginfo
01-15 13:39:44.903  3910  3910 I art     : option[14]=-agentlib:jdwp=transport=dt_android_adb,suspend=n,server=y
01-15 13:39:44.903  3910  3910 I art     : option[15]=-Xlockprofthreshold:500
01-15 13:39:44.903  3910  3910 I art     : option[16]=-Ximage-compiler-option
01-15 13:39:44.903  3910  3910 I art     : option[17]=--runtime-arg
01-15 13:39:44.903  3910  3910 I art     : option[18]=-Ximage-compiler-option
01-15 13:39:44.903  3910  3910 I art     : option[19]=-Xms64m
01-15 13:39:44.903  3910  3910 I art     : option[20]=-Ximage-compiler-option
01-15 13:39:44.903  3910  3910 I art     : option[21]=--runtime-arg
01-15 13:39:44.903  3910  3910 I art     : option[22]=-Ximage-compiler-option
01-15 13:39:44.903  3910  3910 I art     : option[23]=-Xmx64m
01-15 13:39:44.903  3910  3910 I art     : option[24]=-Ximage-compiler-option
01-15 13:39:44.903  3910  3910 I art     : option[25]=--image-classes=/system/etc/preloaded-classes
01-15 13:39:44.903  3910  3910 I art     : option[26]=-Ximage-compiler-option
01-15 13:39:44.903  3910  3910 I art     : option[27]=--compiled-classes=/system/etc/compiled-classes
01-15 13:39:44.903  3910  3910 I art     : option[28]=-Xcompiler-option
01-15 13:39:44.903  3910  3910 I art     : option[29]=--runtime-arg
01-15 13:39:44.903  3910  3910 I art     : option[30]=-Xcompiler-option
01-15 13:39:44.903  3910  3910 I art     : option[31]=-Xms64m
01-15 13:39:44.903  3910  3910 I art     : option[32]=-Xcompiler-option
01-15 13:39:44.903  3910  3910 I art     : option[33]=--runtime-arg
01-15 13:39:44.903  3910  3910 I art     : option[34]=-Xcompiler-option
01-15 13:39:44.903  3910  3910 I art     : option[35]=-Xmx512m
01-15 13:39:44.904  3910  3910 I art     : option[36]=-Ximage-compiler