01-15 13:39:15.417  2849  2975 D Sensors : OrientationSensor start
01-15 13:39:15.417  2849  2849 I SystemServer: Reading configuration...
01-15 13:39:15.418  2849  2975 D Sensors : LightSensor start
01-15 13:39:15.418  2849  2975 E Sensors : data filename = /sys/class/input/event6/device/, data_fd=74
01-15 13:39:15.418  2849  2849 I SystemServer: StartSchedulingPolicyService
01-15 13:39:15.418  2849  2975 D Sensors : ProximitySensor start
01-15 13:39:15.418  2849  2975 E Sensors : data filename = /sys/class/input/event5/device/, data_fd=75
01-15 13:39:15.418  2849  2975 D Sensors : activate: acc_enable=0, mag_enable=0
01-15 13:39:15.418  2849  2975 D Sensors : activate: handle=0, enabled=0
01-15 13:39:15.418  2849  2975 D Sensors : activate: acc_enable=0, mag_enable=0
01-15 13:39:15.418  2849  2975 D Sensors : activate: handle=5, enabled=0
01-15 13:39:15.418  2849  2975 D Sensors : activate: acc_enable=0, mag_enable=0
01-15 13:39:15.418  2849  2975 D Sensors : activate: handle=1, enabled=0
01-15 13:39:15.418  2849  2975 D Sensors : MagneticSensor enable = 0
01-15 13:39:15.418  2849  2975 D Sensors : MagneticSensor enableSensor = 0
01-15 13:39:15.418  2849  2975 D Sensors : activate: acc_enable=0, mag_enable=0
01-15 13:39:15.418  2849  2975 D Sensors : activate: handle=4, enabled=0
01-15 13:39:15.418  2849  2975 D Sensors : LightSensor enable = 0
01-15 13:39:15.418  2849  2975 D Sensors : activate: acc_enable=0, mag_enable=0
01-15 13:39:15.418  2849  2975 D Sensors : activate: handle=3, enabled=0
01-15 13:39:15.418  2849  2975 D Sensors : ProximitySensor enable = 0
01-15 13:39:15.419  2849  2849 I SystemServiceManager: Starting com.android.server.telecom.TelecomLoaderService
01-15 13:39:15.424  2849  2983 D SensorService: nuSensorService thread starting...
01-15 13:39:15.424  2849  2849 I SystemServer: StartTelephonyRegistry
01-15 13:39:15.432  2849  2982 D SensorService: new thread SensorEventAckReceiver
01-15 13:39:15.435  2849  2849 I SystemServer: StartEntropyMixer
01-15 13:39:15.440  2849  2849 I EntropyMixer: Added HW RNG output to entropy pool
01-15 13:39:15.440  2849  2849 I EntropyMixer: Writing entropy...
01-15 13:39:15.713  2849  2849 I SystemServer: Camera Service
01-15 13:39:15.715  2849  2849 I SystemServiceManager: Starting com.android.server.camera.CameraService
01-15 13:39:15.727  2849  2988 I ServiceThread: Enabled StrictMode logging for CameraService_proxy looper.
01-15 13:39:15.736  2849  2849 I SystemServer: StartAccountManagerService
01-15 13:39:15.737  2849  2849 I SystemServiceManager: Starting com.android.server.accounts.AccountManagerService$Lifecycle
01-15 13:39:15.763  2849  2849 I SystemServer: StartContentService
01-15 13:39:15.763  2849  2849 I SystemServiceManager: Starting com.android.server.content.ContentService$Lifecycle
01-15 13:39:15.766  2849  2849 I SystemServer: InstallSystemProviders
01-15 13:39:15.769  2849  2849 W System  : ClassLoader referenced unknown path: /system/priv-app/SettingsProvider/lib/arm
01-15 13:39:15.784  2849  2849 W System  : ClassLoader referenced unknown path: /system/priv-app/Telecom/lib/arm
01-15 13:39:15.786  2849  2849 D ApplicationLoaders: ignored Vulkan layer search path /system/priv-app/Telecom/lib/arm:/system/fake-libs:/system/priv-app/Telecom/Telecom.apk!/lib/armeabi-v7a:/system/lib:/vendor/lib for namespace 0xb6d720d0
01-15 13:39:15.804  2849  2849 I SystemServer: StartVibratorService
01-15 13:39:15.807  2849  2849 I SystemServer: StartConsumerIrService
01-15 13:39:15.810  2849  2849 I SystemServer: StartAlarmManagerService
01-15 13:39:15.810  2849  2849 I SystemServiceManager: Starting com.android.server.AlarmManagerService
01-15 13:39:15.816  2849  2849 D AlarmManagerService: Kernel timezone updated to -480 minutes west of GMT
01-15 13:39:15.821  2849  2849 I SystemServer: InitWatchdog
01-15 13:39:15.821  2849  2849 I SystemServer: StartInputManagerService
01-15 13:39:15.822  2849  2849 I InputManager: Initializing input manager, mUseDevInputEventForAudioJack=false
01-15 13:39:15.827  2849  2849 I SystemServer: StartWindowManagerService
01-15 13:39:15.861  2849  2912 I WindowManager: No existing display settings /data/system/display_settings.xml; starting empty
01-15 13:39:15.879  2849  2898 I CameraManagerGlobal: Connecting to camera service
01-15 13:39:15.892  2849  2898 E ActivityThread: Failed to find provider info for cmsettings
01-15 13:39:15.894  2849  2898 E AndroidRuntime: *** FATAL EXCEPTION IN SYSTEM PROCESS: android.ui
01-15 13:39:15.894  2849  2898 E AndroidRuntime: java.lang.NullPointerException: Attempt to invoke interface method 'android.os.Bundle android.content.IContentProvider.call(java.lang.String, java.lang.String, java.lang.String, android.os.Bundle)' on a null object reference
01-15 13:39:15.894  2849  2898 E AndroidRuntime: 	at cyanogenmod.providers.CMSettings$NameValueCache.getStringForUser(CMSettings.java:243)
01-15 13:39:15.894  2849  2898 E AndroidRuntime: 	at cyanogenmod.providers.CMSettings$System.getStringForUser(CMSettings.java:517)
01-15 13:39:15.894  2849  2898 E AndroidRuntime: 	at cyanogenmod.providers.CMSettings$System.getIntForUser(CMSettings.java:562)
01-15 13:39:15.894  2849  2898 E AndroidRuntime: 	at com.android.server.policy.PhoneWindowManager.updateKeyAssignments(PhoneWindowManager.java:2285)
01-15 13:39:15.894  2849  2898 E AndroidRuntime: 	at com.android.server.policy.PhoneWindowManager.init(PhoneWindowManager.java:2097)
01-15 13:39:15.894  2849  2898 E AndroidRuntime: 	at com.android.server.wm.WindowManagerService$4.run(WindowManagerService.java:957)
01-15 13:39:15.894  2849  2898 E AndroidRuntime: 	at android.os.Handler$BlockingRunnable.run(Handler.java:771)
01-15 13:39:15.894  2849  2898 E AndroidRuntime: 	at android.os.Handler.handleCallback(Handler.java:751)
01-15 13:39:15.894  2849  2898 E AndroidRuntime: 	at android.os.Handler.dispatchMessage(Handler.java:95)
01-15 13:39:15.894  2849  2898 E AndroidRuntime: 	at android.os.Looper.loop(Looper.java:154)
01-15 13:39:15.894  2849  2898 E AndroidRuntime: 	at android.os.HandlerThread.run(HandlerThread.java:61)
01-15 13:39:15.894  2849  2898 E AndroidRuntime: 	at com.android.server.ServiceThread.run(ServiceThread.java:46)
01-15 13:39:15.896  2849  2849 I SystemServer: StartVrManagerService
01-15 13:39:15.896  2849  2849 I SystemServiceManager: Starting com.android.server.vr.VrManagerService
01-15 13:39:15.898  2849  2849 W VrManagerService: init_native: Could not open VR hardware module, error No such file or directory (-2).
01-15 13:39:15.898  2849  2898 I Process : Sending signal. PID: 2849 SIG: 9
01-15 13:39:15.917   217   217 E         : eof
01-15 13:39:15.917   217   217 E         : failed to read size
01-15 13:39:15.917   217   217 I         : closing connection
01-15 13:39:15.917   200   200 I chatty  : uid=1000(system) /system/bin/servicemanager expire 59 lines
01-15 13:39:15.936   199   199 I lowmemorykiller: ActivityManager disconnected
01-15 13:39:15.936   199   199 I lowmemorykiller: Closing Activity Manager data connection
01-15 13:39:15.997  2678  2678 E Zygote  : Exit zygote because system server (2849) has terminated
01-15 13:39:16.179  2997  2997 I Netd    : Netd 1.0 starting
01-15 13:39:16.179  2997  2997 D TetherController: Setting IP forward enable = 0
01-15 13:39:16.188  2997  2997 I QtiConnectivityAdapter: Failed to open libconnctrl, some features may not be present.
01-15 13:39:16.188  2997  2997 E         : Failed to open libdatactrl, some features may not be present.
01-15 13:39:16.188  2997  2997 E         : Failed to open libcsm_data, some features may not be present.
01-15 13:39:16.470  2995  2995 I         : sMaxFastTracks = 8
01-15 13:39:16.471  2995  2995 I audioserver: ServiceManager: 0xb6210720
01-15 13:39:16.472  2995  2995 W BatteryNotifier: batterystats service unavailable!
01-15 13:39:16.472  2995  2995 I AudioFlinger: Using default 3000 mSec as standby time.
01-15 13:39:16.473  2995  2995 I AudioPolicyService: AudioPolicyService CSTOR in new mode
01-15 13:39:16.478  2995  2995 W APM::Devices: DeviceVector::add device 80000040 already in
01-15 13:39:16.478  2995  2995 I APM::ConfigParsingUtils: loadAudioPolicyConfig() loaded /system/etc/audio_policy.conf
01-15 13:39:16.487  2995  2995 D audio_hw_primary: adev_open: enter
01-15 13:39:16.511  2995  2995 D msm8960_platform: platform_init: snd_card_name: msm8230-tapan-snd-card
01-15 13:39:16.549  2996  2996 I chatty  : uid=1013(media) /system/bin/mediaserver expire 614 lines
01-15 13:39:16.611  2995  2995 D msm8960_platform: platform_init: Opened sound card:0
01-15 13:39:16.629  2995  2995 D ACDB-LOADER: ACDB -> ACDB_CMD_INITIALIZE
01-15 13:39:16.630  2995  2995 E         : [ACDB RTC]->rtc init done!->result [0]
01-15 13:39:16.630  2995  2995 E Diag_Lib: actp_diag_init: call diag init function with B5AE5345
01-15 13:39:16.636  2995  2995 E         : [ACDB ACPH]->actp diag init done!
01-15 13:39:16.636  2995  2995 D ACDB-LOADER: No existing ION info in ACDB driver
01-15 13:39:16.636  2995  2995 D ACDB-LOADER: ACDB -> ION_IOC_ALLOC
01-15 13:39:16.637  2995  2995 D ACDB-LOADER: ACDB -> ION_IOC_SHARE
01-15 13:39:16.637  2995  2995 D ACDB-LOADER: ACDB -> MMAP ADDR
01-15 13:39:16.637  2995  2995 D ACDB-LOADER: ACDB -> register MEM to ACDB driver: 0xb6d6a000
01-15 13:39:16.637  2995  2995 D ACDB-LOADER: ACDB -> send_asm_topology
01-15 13:39:16.637  2995  2995 D ACDB-LOADER: ACDB -> ACDB_CMD_GET_AUDPROC_STREAM_TOPOLOGY_ID
01-15 13:39:16.637  2995  2995 D ACDB-LOADER: send mbhc data
01-15 13:39:16.676   202  3013 E mm-camera: Samsung cam_mctl_thread: set camera_id =0
01-15 13:39:16.676   202  3013 E mm-camera: mctl_store_curr_target Current target is 1 id = 154
01-15 13:39:16.709  2995  2995 D ACDB-LOADER: send tabla anc data
01-15 13:39:16.709  2995  2995 D ACDB-LOADER: ACDB -> ACDB_CMD_GET_ANC_SETTING
01-15 13:39:16.709  2995  2995 E ACDB-LOADER: done with conversion, anc config size is 148
01-15 13:39:16.709  2995  2995 D ACDB-LOADER: ACDB -> ACDB_CMD_GET_ANC_SETTING
01-15 13:39:16.709  2995  2995 E ACDB-LOADER: done with conversion, anc config size is 148
01-15 13:39:16.709  2995  2995 D ACDB-LOADER: ACDB -> ACDB_CMD_GET_ANC_SETTING
01-15 13:39:16.709  2995  2995 E ACDB-LOADER: done with conversion, anc config size is 148
01-15 13:39:16.709  2995  2995 D ACDB-LOADER: ACDB -> ACDB_CMD_GET_ANC_SETTING
01-15 13:39:16.709  2995  2995 E ACDB-LOADER: done with conversion, anc config size is 148
01-15 13:39:16.709  2995  2995 D ACDB-LOADER: ACDB -> ACDB_CMD_GET_ANC_SETTING
01-15 13:39:16.709  2995  2995 E ACDB-LOADER: done with conversion, anc config size is 74
01-15 13:39:16.709  2995  2995 D ACDB-LOADER: ACDB -> ACDB_CMD_GET_ANC_SETTING
01-15 13:39:16.709  2995  2995 E ACDB-LOADER: done with conversion, anc config size is 74
01-15 13:39:16.709  2995  2995 D ACDB-LOADER: ACDB -> init done!
01-15 13:39:16.710  2995  2995 E audio_hw_primary: Amplifier initialization failed
01-15 13:39:16.710  2995  2995 I AudioFlinger: loadHwModule() Loaded primary audio interface from QCOM Audio HAL (audio) handle 10
01-15 13:39:16.711  2995  2995 I AudioFlinger: openOutput(), module 10 Device 2, SamplingRate 48000, Format 0x000001, Channels 3, flags 2
01-15 13:39:16.711  2995  2995 D audio_hw_primary: adev_open_output_stream: enter: sample_rate(48000) channel_mask(0x3) devices(0x2) flags(0x2)        stream_handle(0xb6246600)
01-15 13:39:16.711  2995  2995 D audio_hw_primary: adev_open_output_stream: Stream (0xb6246600) picks up usecase (deep-buffer-playback)
01-15 13:39:16.711  2995  2995 I AudioFlinger: HAL output buffer size 1920 frames, normal sink buffer size 1920 frames
01-15 13:39:16.713   202   202 E mm-camera: camera_plugin_client_open: plugin client open exit, rc = 0
01-15 13:39:16.721  2995  2995 I BufferProvider: found effect "Multichannel Downmix To Stereo" from The Android Open Source Project
01-15 13:39:16.721  2995  2995 I AudioFlinger: Using module 10 has the primary audio interface
01-15 13:39:16.723  2995  3019 I AudioFlinger: AudioFlinger's thread 0xb5883440 ready to run
01-15 13:39:16.723  2995  3019 W BatteryNotifier: batterystats service unavailable!
01-15 13:39:16.723  2995  3019 D audio_hw_primary: out_set_parameters: enter: usecase(0: deep-buffer-playback) kvpairs: routing=2
01-15 13:39:16.723  2995  3019 D audio_hw_primary: out_standby: enter: stream (0xb6246600) usecase(0: deep-buffer-playback)
01-15 13:39:16.723  2995  3019 W BatteryNotifier: batterystats service unavailable!
01-15 13:39:16.725  2995  2995 I AudioFlinger: openOutput(), module 10 Device 2, SamplingRate 48000, Format 0x000001, Channels 3, flags 4
01-15 13:39:16.725  2995  2995 D audio_hw_primary: adev_open_output_stream: enter: sample_rate(48000) channel_mask(0x3) devices(0x2) flags(0x4)        stream_handle(0xb6246740)
01-15 13:39:16.725  2995  2995 D audio_hw_primary: adev_open_output_stream: Stream (0xb6246740) picks up usecase (low-latency-playback)
01-15 13:39:16.726  2995  2995 I AudioFlinger: HAL output buffer size 240 frames, normal sink buffer size 960 frames
01-15 13:39:16.726   202  3013 E mm-camera: s5k3h5xa_process_start
01-15 13:39:16.726  2995  3019 W BatteryNotifier: batterystats service unavailable!
01-15 13:39:16.726  2995  3019 W AudioFlinger: no wake lock to update, system not ready yet
01-15 13:39:16.727  2995  3021 I AudioFlinger: AudioFlinger's thread 0xb5703e80 ready to run
01-15 13:39:16.728  2995  3021 W BatteryNotifier: batterystats service unavailable!
01-15 13:39:16.728  2995  3021 D audio_hw_primary: out_set_parameters: enter: usecase(1: low-latency-playback) kvpairs: routing=2
01-15 13:39:16.728  2995  3021 D audio_hw_primary: out_standby: enter: stream (0xb6246740) usecase(1: low-latency-playback)
01-15 13:39:16.728  2995  3021 W BatteryNotifier: batterystats service unavailable!
01-15 13:39:16.729  2995  2995 I AudioFlinger: openOutput(), module 10 Device 10000, SamplingRate 48000, Format 0x000001, Channels 3, flags 0
01-15 13:39:16.729  2995  2995 D audio_hw_primary: adev_open_output_stream: enter: sample_rate(48000) channel_mask(0x3) devices(0x10000) flags(0)        stream_handle(0xb6246880)
01-15 13:39:16.729  2995  2995 D audio_hw_primary: adev_open_output_stream: Stream (0xb6246880) picks up usecase (afe-proxy-playback)
01-15 13:39:16.730  2995  2995 I AudioFlinger: HAL output buffer size 768 frames, normal sink buffer size 1152 frames
01-15 13:39:16.731  2995  3021 W BatteryNotifier: batterystats service unavailable!
01-15 13:39:16.731  2995  3021 W AudioFlinger: no wake lock to update, system not ready yet
01-15 13:39:16.731  2995  3023 I AudioFlinger: AudioFlinger's thread 0xb5403880 ready to run
01-15 13:39:16.732  2995  3023 W BatteryNotifier: batterystats service unavailable!
01-15 13:39:16.732  2995  3023 D audio_hw_primary: out_set_parameters: enter: usecase(27: afe-proxy-playback) kvpairs: routing=65536
01-15 13:39:16.732  2995  3023 D audio_hw_primary: out_standby: enter: stream (0xb6246880) usecase(27: afe-proxy-playback)
01-15 13:39:16.732  2995  3023 W BatteryNotifier: batterystats service unavailable!
01-15 13:39:16.733  2995  2995 D audio_hw_primary: adev_open_input_stream: enter: sample_rate(48000) channel_mask(0xc) devices(0x80000004)        stream_handle(0xb58e1900) io_handle(14) source(1)
01-15 13:39:16.734  2995  3023 W BatteryNotifier: batterystats service unavailable!
01-15 13:39:16.734  2995  3023 W AudioFlinger: no wake lock to update, system not ready yet
01-15 13:39:16.734  2995  3024 I AudioFlinger: AudioFlinger's thread 0xb51034c0 ready to run
01-15 13:39:16.734  2995  2995 D audio_hw_primary: adev_close_input_stream: enter:stream_handle(0xb58e1900)
01-15 13:39:16.734  2995  2995 D audio_hw_primary: in_standby: enter: stream (0xb58e1900) usecase(7: audio-record)
01-15 13:39:16.734  2995  2995 D audio_hw_primary: adev_open_input_stream: enter: sample_rate(48000) channel_mask(0xc) devices(0x80000040)        stream_handle(0xb58e1900) io_handle(22) source(1)
01-15 13:39:16.734  2995  2995 D audio_hw_primary: adev_open_input_stream: enter: sample_rate(48000) channel_mask(0xc) devices(0x80000040)        stream_handle(0xb58e1900) io_handle(22) source(1)
01-15 13:39:16.734  2995  2995 W APM_AudioPolicyManager: Cannot open input stream for device 80000040 on hw module primary
01-15 13:39:16.735  2995  2995 I bt_a2dp_hw: adev_open:  adev_open in A2dp_hw module
01-15 13:39:16.735  2995  2995 I AudioFlinger: loadHwModule() Loaded a2dp audio interface from A2DP Audio HW HAL (audio) handle 18
01-15 13:39:16.737  2995  2995 I AudioFlinger: loadHwModule() Loaded usb audio interface from USB audio HW HAL (audio) handle 26
01-15 13:39:16.738  2995  2995 I r_submix: adev_open(name=audio_hw_if)
01-15 13:39:16.738  2995  2995 I r_submix: adev_init_check()
01-15 13:39:16.738  2995  2995 I AudioFlinger: loadHwModule() Loaded r_submix audio interface from Wifi Display audio HAL (audio) handle 34
01-15 13:39:16.739  2995  2995 D r_submix: adev_open_input_stream(addr=0)
01-15 13:39:16.739  2995  2995 D r_submix: submix_audio_device_create_pipe_l(addr=0, idx=9)
01-15 13:39:16.739  2995  2995 D r_submix:   now using address 0 for route 9
01-15 13:39:16.749  2995  3025 I AudioFlinger: AudioFlinger's thread 0xb5103880 ready to run
01-15 13:39:16.749  2995  2995 D r_submix: adev_close_input_stream()
01-15 13:39:16.749  2995  2995 D r_submix: submix_audio_device_release_pipe_l(idx=9) addr=0
01-15 13:39:16.749  2995  2995 D r_submix: submix_audio_device_destroy_pipe_l(): pipe destroyed
01-15 13:39:16.750  2995  2995 I RadioService: RadioService
01-15 13:39:16.750  2995  2995 I RadioService: onFirstRef
01-15 13:39:16.750  2995  2995 E RadioService: couldn't load radio module radio.primary (No such file or directory)
01-15 13:39:16.751  2995  2995 E SoundTriggerHwService: couldn't load sound trigger module sound_trigger.primary (No such file or directory)
01-15 13:39:16.783   202  3013 E mm-camera: sensor_load_chromatix: libchromatix_s5k3h5xa_zsl.so: 28
01-15 13:39:16.784   202  3013 E mm-camera: #QCT 1 # chromatix_s5k3h5xa_zsl.dat : open -1 
01-15 13:39:16.784   202  3013 E mm-camera: load_chromatix:88: chromatix_version=520
01-15 13:39:16.784   202  3013 E mm-camera: camera_plugin_client_private_ioctl_to_plugin: received private ioctl
01-15 13:39:16.784   202  3013 E mm-camera: camera_plugin_grant_pix_interface Support simultaneous camera 0 Sensor type 0 BAYER 0
01-15 13:39:16.784   202  3013 E mm-camera: camera_plugin_grant_pix_interface Support simultaneous camera 0 Sensor type 0
01-15 13:39:16.784   202  3013 E mm-camera: SADA  camera_plugin_grant_pix_interface 0
01-15 13:39:16.785   202  3013 E mm-camera: axi_client_init axi client 0
01-15 13:39:16.785   202  3013 E mm-camera:  
01-15 13:39:16.797   202  3013 E mm-camera: vfe_ops_init: E
01-15 13:39:16.797   202  3013 E mm-camera: Samsung mctl_init_comps: call vfe set_params, version =4
01-15 13:39:16.797   202  3013 E mm-camera: Samsung vfe_set_params: version =4
01-15 13:39:16.797   202  3013 E mm-camera: axi_set_params: begin, axi_obj_idx = 168
01-15 13:39:16.797   202  3013 E mm-camera: axi_set_params: begin, axi_obj_idx = 168
01-15 13:39:16.797   202  3013 E mm-camera: axi_set_params: begin, axi_obj_idx = 0
01-15 13:39:16.797   202  3013 E mm-camera: axi_set_params: wm0: ub_offset 0 ub_size 130
01-15 13:39:16.797   202  3013 E mm-camera: axi_set_params: wm1: ub_offset 131 ub_size 130
01-15 13:39:16.797   202  3013 E mm-camera: axi_set_params: wm2: ub_offset 262 ub_size 130
01-15 13:39:16.797   202  3013 E mm-camera: axi_set_params: wm3: ub_offset 393 ub_size 130
01-15 13:39:16.797   202  3013 E mm-camera: axi_set_params: wm4: ub_offset 524 ub_size 130
01-15 13:39:16.797   202  3013 E mm-camera: axi_set_params: wm5: ub_offset 655 ub_size 130
01-15 13:39:16.797   202  3013 E mm-camera: axi_set_params: wm6: ub_offset 786 ub_size 130
01-15 13:39:17.336   202  3013 E mm-camera: mctl_init_stats_proc_info: snap_max_line_cnt =61944
01-15 13:39:17.336   202  3013 E mm-camera: eeprom_init: [shchang : CAL] Starting EEPROM Init
01-15 13:39:17.442   202  3013 E mm-camera: eeprom_get_info: eeprom Support: 1
01-15 13:39:17.443   202  3013 E mm-camera: [shchang:CAL] Target r_over_g = 2369.000000, target b_over_g = 2446.000000
01-15 13:39:17.443   202  3013 E mm-camera: [shchang:CAL] Golden r_over_g = 2399.000000, target b_over_g = 2332.000000
01-15 13:39:17.443   202  3013 E mm-camera: [shchang:CAL] [Golden::NOT 00 or FF] AWB_golden_module_R_Gr_ratio = 1.012664, AWB_golden_module_B_Gr_ratio = 0.953393
01-15 13:39:17.443   202  3013 E mm-camera: [shchang : CAL] lsc.is_supported = 1
01-15 13:39:17.444   202  3013 E mm-camera: Samsung mctl_init_comps: call vfe module init, version =4
01-15 13:39:17.450   202  3013 E mm-camera: [Serrano]cptr->AWB_golden_module_R_Gr_ratio = 1.012664, cptr->AWB_golden_module_B_Gr_ratio = 0.953393
01-15 13:39:17.450   202  3013 E mm-camera: SURESH: ts_awb_buf address = b69142c0
01-15 13:39:17.450   202  3013 E mm-camera: SURESH: ts_accm_buf address = b6914624
01-15 13:39:17.450   202  3013 W linker  : /system/lib/libmmcamera_faceproc.so has text relocations. This is wasting memory and prevents security hardening. Please fix.
01-15 13:39:17.452   202  3013 E mm-camera: config_proc_CAMERA_GET_CAPABILITIES: prop->max_pict_width 3264  prop->max_pict_height 2448
01-15 13:39:17.460   202  3013 E mm-camera: config_proc_native_ctrl_cmd: CAMERA_SET_PARM_DIMENSION called
01-15 13:39:17.460   202  3013 E mm-camera: axi_set_params: begin, axi_obj_idx = 0
01-15 13:39:17.460   202  3013 E mm-camera: axi_set_params: begin, axi_obj_idx = 0
01-15 13:39:17.461   202  3013 E mm-camera: axi_set_params: begin, axi_obj_idx = 0
01-15 13:39:17.461   202  3013 E mm-camera: axi_set_params: begin, axi_obj_idx = 0
01-15 13:39:17.461   202  3013 E mm-camera: config_validate_dimension: RDI 0: W X H: 3264 X 2448, RDI 1: W X H: 3264 X 1224
01-15 13:39:17.461   202  3013 E mm-camera: config_validate_dimension: RDI2: W X H: 0 X 0
01-15 13:39:17.464   202  3013 E mm-camera: config_proc_CAMERA_GET_PARM_HORIZONTAL_VIEW_ANGLE Horizontal view angle of the sensor = 54.799999 
01-15 13:39:17.464   202  3013 E mm-camera: config_proc_CAMERA_GET_PARM_VERTICAL_VIEW_ANGLE Vertical view angle of the sensor = 42.500000 
01-15 13:39:17.465   202  3013 E mm-camera: config_proc_CAMERA_SET_LOW_POWER_MODE Low power mode enabled? : No 
01-15 13:39:17.465   202  3013 E mm-camera: config_proc_CAMERA_SET_DIS_ENABLE: DIS Enabled? : No 
01-15 13:39:17.496  2996  3063 I chatty  : uid=1013(media) /system/bin/mediaserver expire 4 lines
01-15 13:39:17.496  2996  3061 I chatty  : uid=1013(media) /system/bin/mediaserver expire 3 lines
01-15 13:39:17.501  2996  3062 I chatty  : uid=1013(media) /system/bin/mediaserver expire 3 lines
01-15 13:39:17.518   202  3013 E mm-camera: config_proc_CAMERA_SET_LOW_POWER_MODE Low power mode enabled? : No 
01-15 13:39:17.518   202  3013 E mm-camera: config_proc_CAMERA_SET_DIS_ENABLE: DIS Enabled? : No 
01-15 13:39:17.733  2994  2994 D AndroidRuntime: >>>>>> START com.android.internal.os.ZygoteInit uid 0 <<<<<<
01-15 13:39:17.740  2994  2994 D AndroidRuntime: CheckJNI is OFF
01-15 13:39:17.741  2994  2994 I art     : option[0]=-Xzygote
01-15 13:39:17.741  2994  2994 I art     : option[1]=-Xstacktracefile:/data/anr/traces.txt
01-15 13:39:17.741  2994  2994 I art     : option[2]=exit
01-15 13:39:17.741  2994  2994 I art     : option[3]=vfprintf
01-15 13:39:17.741  2994  2994 I art     : option[4]=sensitiveThread
01-15 13:39:17.741  2994  2994 I art     : option[5]=-verbose:gc
01-15 13:39:17.741  2994  2994 I art     : option[6]=-Xms8m
01-15 13:39:17.741  2994  2994 I art     : option[7]=-Xmx256m
01-15 13:39:17.741  2994  2994 I art     : option[8]=-XX:HeapGrowthLimit=192m
01-15 13:39:17.741  2994  2994 I art     : option[9]=-XX:HeapMinFree=2m
01-15 13:39:17.741  2994  2994 I art     : option[10]=-XX:HeapMaxFree=8m
01-15 13:39:17.741  2994  2994 I art     : option[11]=-XX:HeapTargetUtilization=0.75
01-15 13:39:17.741  2994  2994 I art     : option[12]=-Xusejit:true
01-15 13:39:17.741  2994  2994 I art     : option[13]=-Xjitsaveprofilinginfo
01-15 13:39:17.741  2994  2994 I art     : option[14]=-agentlib:jdwp=transport=dt_android_adb,suspend=n,server=y
01-15 13:39:17.741  2994  2994 I art     : option[15]=-Xlockprofthreshold:500
01-15 13:39:17.741  2994  2994 I art     : option[16]=-Ximage-compiler-option
01-15 13:39:17.741  2994  2994 I art     : option[17]=--runtime-arg
01-15 13:39:17.741  2994  2994 I art     : option[18]=-Ximage-compiler-option
01-15 13:39:17.741  2994  2994 I art     : option[19]=-Xms64m
01-15 13:39:17.741  2994  2994 I art     : option[20]=-Ximage-compiler-option
01-15 13:39:17.741  2994  2994 I art     : option[21]=--runtime-arg
01-15 13:39:17.741  2994  2994 I art     : option[22]=-Ximage-compiler-option
01-15 13:39:17.742  2994  2994 I art     : option[23]=-Xmx64m
01-15 13:39:17.742  2994  2994 I art     : option[24]=-Ximage-compiler-option
01-15 13:39:17.742  2994  2994 I art     : option[25]=--image-classes=/system/etc/preloaded-classes
01-15 13:39:17.742  2994  2994 I art     : option[26]=-Ximage-compiler-option
01-15 13:39:17.742  2994  2994 I art     : option[27]=--compiled-classes=/system/etc/compiled-classes
01-15 13:39:17.742  2994  2994 I art     : option[28]=-Xcompiler-option
01-15 13:39:17.742  2994  2994 I art     : option[29]=--runtime-arg
01-15 13:39:17.742  2994  2994 I art     : option[30]=-Xcompiler-option
01-15 13:39:17.742  2994  2994 I art     : option[31]=-Xms64m
01-15 13:39:17.742  2994  2994 I art     : option[32]=-Xcompiler-option
01-15 13:39:17.742  2994  2994 I art     : option[33]=--runtime-arg
01-15 13:39:17.742  2994  2994 I art     : option[34]=-Xcompiler-option
01-15 13:39:17.742  2994  2994 I art     : option[35]=-Xmx512m
01-15 13:39:17.742  2994  2994 I art     : option[36]=-Ximage-compiler-option
01-15 13:39:17.742  2994  2994 I art     : option[37]=--instruction-set-variant=krait
01-15 13:39:17.742  2994  2994 I art     : option[38]=-Xcompiler-option
01-15 13:39:17.742  2994  2994 I art     : option[39]=--instruction-set-variant=krait
01-15 13:39:17.742  2994  2994 I art     : option[40]=-Ximage-compiler-option
01-15 13:39:17.742  2994  2994 I art     : option[41]=--instruction-set-features=default
01-15 13:39:17.742  2994  2994 I art     : option[42]=-Xcompiler-option
01-15 13:39:17.742  2994  2994 I art     : option[43]=--instruction-set-features=default
01-15 13:39:17.742  2994  2994 I art     : option[44]=-Duser.locale=zh-CN
01-15 13:39:17.742  2994  2994 I art     : option[45]=--cpu-abilist=armeabi-v7a,armeabi
01-15 13:39:17.742  2994  2994 I art     : option[46]=-Xfingerprint:samsung/serranoltexx/serranolte:4.4.2/KOT49H/I9195XXUCNE6:user/release-keys
01-15 13:39:17.808   202  3013 E mm-camera: config_shutdown_pp Camera not in streaming mode. Returning. 
01-15 13:39:17.809   202  3013 E mm-camera: vfe_ops_deinit: E
01-15 13:39:17.865  2994  2994 D ICU     : No timezone override file found: /data/misc/zoneinfo/current/icu/icu_tzdata.dat
01-15 13:39:17.964  2994  2994 I Radio-JNI: register_android_hardware_Radio DONE
01-15 13:39:17.982  2994  2994 I SamplingProfilerIntegration: Profiling disabled.
01-15 13:39:17.982  2994  2994 D Zygote  : begin preload
01-15 13:39:17.982  2994  2994 I Zygote  : Installing ICU cache reference pinning...
01-15 13:39:17.982  2994  2994 I Zygote  : Preloading ICU data...
01-15 13:39:18.054  2994  2994 I Zygote  : Preloading classes...
01-15 13:39:18.058   202  3088 E mm-camera: Samsung cam_mctl_thread: set camera_id =1
01-15 13:39:18.058   202  3088 E mm-camera: mctl_store_curr_target Current target is 1 id = 154
01-15 13:39:18.059   202   202 E mm-camera: camera_plugin_client_open: plugin client open exit, rc = 0
01-15 13:39:18.061  2994  2994 W Zygote  : Class not found for preloading: [Landroid.view.Display$ColorTransform;
01-15 13:39:18.078   202  3088 E mm-camera: sensor_load_chromatix: libchromatix_s5k6a3yx_preview.so: 32
01-15 13:39:18.079   202  3088 E mm-camera: vendor/qcom/proprietary/mm-camera/server/chromatix/0208/libchromatix/chromatix_s5k6a3yx/preview/chromatix_s5k6a3yx_preview.c:load_chromatix:57
01-15 13:39:18.079   202  3088 E mm-camera: load_chromatix:61: chromatix_version=520
01-15 13:39:18.079   202  3088 E mm-camera: #QCT 1 # chromatix_s5k6a3yx_preview.dat : open -1 
01-15 13:39:18.079   202  3088 E mm-camera: load_chromatix:93: chromatix_version=520
01-15 13:39:18.079   202  3088 E mm-camera: camera_plugin_client_private_ioctl_to_plugin: received private ioctl
01-15 13:39:18.079   202  3088 E mm-camera: camera_plugin_grant_pix_interface Support simultaneous camera 0 Sensor type 0 BAYER 0
01-15 13:39:18.079   202  3088 E mm-camera: camera_plugin_grant_pix_interface Support simultaneous camera 0 Sensor type 0
01-15 13:39:18.079   202  3088 E mm-camera: SADA  camera_plugin_grant_pix_interface 0
01-15 13:39:18.081   202  3088 E mm-camera: axi_client_init axi client 0
01-15 13:39:18.081   202  3088 E mm-camera:  
01-15 13:39:18.095   202  3088 E mm-camera: vfe_ops_init: E
01-15 13:39:18.095   202  3088 E mm-camera: Samsung mctl_init_comps: call vfe set_params, version =0
01-15 13:39:18.095   202  3088 E mm-camera: Samsung vfe_set_params: version =0
01-15 13:39:18.095   202  3088 E mm-camera: axi_set_params: begin, axi_obj_idx = 124
01-15 13:39:18.095   202  3088 E mm-camera: axi_set_params: begin, axi_obj_idx = 124
01-15 13:39:18.095   202  3088 E mm-camera: axi_set_params: begin, axi_obj_idx = 0
01-15 13:39:18.095   202  3088 E mm-camera: axi_set_params: wm0: ub_offset 0 ub_size 130
01-15 13:39:18.095   202  3088 E mm-camera: axi_set_params: wm1: ub_offset 131 ub_size 130
01-15 13:39:18.095   202  3088 E mm-camera: axi_set_params: wm2: ub_offset 262 ub_size 130
01-15 13:39:18.095   202  3088 E mm-camera: axi_set_params: wm3: ub_offset 393 ub_size 130
01-15 13:39:18.095   202  3088 E mm-camera: axi_set_params: wm4: ub_offset 524 ub_size 130
01-15 13:39:18.095   202  3088 E mm-camera: axi_set_params: wm5: ub_offset 655 ub_size 130
01-15 13:39:18.095   202  3088 E mm-camera: axi_set_params: wm6: ub_offset 786 ub_size 130
01-15 13:39:18.095   202  3088 E mm-camera: mctl_init_stats_proc_info: snap_max_line_cnt =34800
01-15 13:39:18.095   202  3088 E mm-camera: eeprom_init: [shchang : CAL] Starting EEPROM Init
01-15 13:39:18.095   202  3088 E mm-camera: eeprom_get_info: eeprom Support: 1
01-15 13:39:18.095   202  3088 E mm-camera: Samsung mctl_init_comps: call vfe module init, version =0
01-15 13:39:18.099   202  3088 E mm-camera: vfe_legacy_stats_buffer_init: AEC_STATS_BUFNUM
01-15 13:39:18.100   202  3088 E mm-camera: vfe_legacy_stats_buffer_init: AEC_STATS_BUFNUM
01-15 13:39:18.101   202  3088 E mm-camera: [739] Front Camera Return
01-15 13:39:18.102   202  3088 W linker  : /system/lib/libmmcamera_faceproc.so has text relocations. This is wasting memory and prevents security hardening. Please fix.
01-15 13:39:18.102   202  3088 E mm-camera: config_proc_CAMERA_GET_CAPABILITIES: prop->max_pict_width 1392  prop->max_pict_height 1392
01-15 13:39:18.109   202  3088 E mm-camera: config_proc_native_ctrl_cmd: CAMERA_SET_PARM_DIMENSION called
01-15 13:39:18.109   202  3088 E mm-camera: axi_set_params: begin, axi_obj_idx = 0
01-15 13:39:18.109   202  3088 E mm-camera: axi_set_params: begin, axi_obj_idx = 0
01-15 13:39:18.109   202  3088 E mm-camera: axi_set_params: begin, axi_obj_idx = 0
01-15 13:39:18.109   202  3088 E mm-camera: axi_set_params: begin, axi_obj_idx = 0
01-15 13:39:18.109   202  3088 E mm-camera: config_validate_dimension: RDI 0: W X H: 1392 X 1392, RDI 1: W X H: 1392 X 696
01-15 13:39:18.109   202  3088 E mm-camera: config_validate_dimension: RDI2: W X H: 0 X 0
01-15 13:39:18.112   202  3088 E mm-camera: config_proc_CAMERA_SET_LOW_POWER_MODE Low power mode enabled? : No 
01-15 13:39:18.113   202  3088 E mm-camera: config_proc_CAMERA_SET_DIS_ENABLE: DIS Enabled? : No 
01-15 13:39:18.115   202  3088 E mm-camera: sensor_util_set_frame_rate
01-15 13:39:18.121   202  3088 E mm-camera: sensor_util_set_frame_rate
01-15 13:39:18.123   202  3088 E mm-camera: sensor_util_set_frame_rate
01-15 13:39:18.125   202  3088 E mm-camera: config_proc_CAMERA_SET_FLIP_HINT rc = 1, status = 1, 
01-15 13:39:18.129  2996  3099 I chatty  : uid=1013(media) /system/bin/mediaserver expire 3 lines
01-15 13:39:18.129  2996  3101 I chatty  : uid=1013(media) /system/bin/mediaserver expire 4 lines
01-15 13:39:18.134  2994  2994 D skia    : [SkFontMgr Android Parser] /system/etc/fonts.xml:98:4: warning: 'SFDIN' alias target not found
01-15 13:39:18.134  2994  2994 D skia    : [SkFontMgr Android Parser] /system/etc/fonts.xml:99:4: warning: 'SFDIN' alias target not found
01-15 13:39:18.134  2994  2994 D skia    : [SkFontMgr Android Parser] /system/etc/fonts.xml:100:4: warning: 'SFDIN' alias target not found
01-15 13:39:18.134  2994  2994 D skia    : [SkFontMgr Android Parser] /system/etc/fonts.xml:101:4: warning: 'SFDIN' alias target not found
01-15 13:39:18.136  2996  3100 I chatty  : uid=1013(media) /system/bin/mediaserver expire 3 lines
01-15 13:39:18.213  2994  2994 E Typeface: Error mapping font file /system/fonts/DroidSansHindi.ttf
01-15 13:39:18.215  2994  2994 E Typeface: Error mapping font file /system/fonts/DroidSansGujarati.ttf
01-15 13:39:18.216  2994  2994 E Typeface: Error mapping font file /system/fonts/DroidSansPunjabi.ttf
01-15 13:39:18.218  2994  2994 E Typeface: Error mapping font file /system/fonts/DroidSansTamil.ttf
01-15 13:39:18.220  2994  2994 E Typeface: Error mapping font file /system/fonts/DroidSansBengali.ttf
01-15 13:39:18.225  2994  2994 E Typeface: Error mapping font file /system/fonts/Padauk.ttf
01-15 13:39:18.225  2994  2994 E Typeface: Error mapping font file /system/fonts/DroidSansTelugu.ttf
01-15 13:39:18.227  2994  2994 E Typeface: Error mapping font file /system/fonts/DroidSansKannada.ttf
01-15 13:39:18.228  2994  2994 E Typeface: Error mapping font file /system/fonts/DroidSansOdia.ttf
01-15 13:39:18.234  2994  2994 E Typeface: Error mapping font file /system/fonts/DroidSansMyanmar.ttf
01-15 13:39:18.355   202  3088 E mm-camera: config_shutdown_pp Camera not in streaming mode. Returning. 
01-15 13:39:18.357   202  3088 E mm-camera: vfe_ops_deinit: E
01-15 13:39:18.606  2994  2994 I art     : Thread[1,tid=2994,Native,Thread*=0xb4304400,peer=0x12c070d0,"main"] recursive attempt to load library "/system/lib/libmedia_jni.so"
01-15 13:39:18.606  2994  2994 D MtpDeviceJNI: register_android_mtp_MtpDevice
01-15 13:39:18.607  2994  2994 I art     : Thread[1,tid=2994,Native,Thread*=0xb4304400,peer=0x12c070d0,"main"] recursive attempt to load library "/system/lib/libmedia_jni.so"
01-15 13:39:18.607  2994  2994 I art     : Thread[1,tid=2994,Native,Thread*=0xb4304400,peer=0x12c070d0,"main"] recursive attempt to load library "/system/lib/libmedia_jni.so"
01-15 13:39:18.717  2994  2994 W Zygote  : Class not found for preloading: android.view.Display$ColorTransform
01-15 13:39:18.717  2994  2994 W Zygote  : Class not found for preloading: android.view.Display$ColorTransform$1
01-15 13:39:18.762  2994  2994 W System  : ClassLoader referenced unknown path: /system/framework/tcmclient.jar
01-15 13:39:18.940  2994  2994 I System  : Loaded time zone names for "" in 99ms (96ms in ICU)
01-15 13:39:18.998  2994  2994 I System  : Loaded time zone names for "en_US" in 57ms (52ms in ICU)
01-15 13:39:19.000   211   250 I ThermalDaemon: Sensor 'tsens_tz_sensor9' - alarm raised 1 at 70.0 degC
01-15 13:39:19.064  2994  2994 I System  : Loaded time zone names for "zh_CN" in 65ms (60ms in ICU)
01-15 13:39:19.128  2994  2994 I Zygote  : ...preloaded 4158 classes in 1074ms.
01-15 13:39:19.128  2994  2994 I art     : VMRuntime.preloadDexCaches starting
01-15 13:39:19.251  2994  2994 I art     : VMRuntime.preloadDexCaches strings total=308763 before=37472 after=37472
01-15 13:39:19.251  2994  2994 I art     : VMRuntime.preloadDexCaches types total=25339 before=8437 after=8475
01-15 13:39:19.251  2994  2994 I art     : VMRuntime.preloadDexCaches fields total=126556 before=41742 after=42193
01-15 13:39:19.252  2994  2994 I art     : VMRuntime.preloadDexCaches methods total=206132 before=84084 after=84907
01-15 13:39:19.252  2994  2994 I art     : VMRuntime.preloadDexCaches finished
01-15 13:39:19.253  2994  2994 I Zygote  : Preloading resources...
01-15 13:39:19.292  2994  2994 W Resources: Preloaded drawable resource #0x108025c (android:drawable/dialog_background_material) that varies with configuration!!
01-15 13:39:19.302  2994  2994 W Resources: Preloaded color resource #0x10600ea (android:color/material_grey_800) that varies with configuration!!
01-15 13:39:19.302  2994  2994 W Resources: Preloaded drawable resource #0x10802c9 (android:drawable/floating_popup_background_dark) that varies with configuration!!
01-15 13:39:19.440  2994  2994 W Resources: Preloaded drawable resource #0x1080096 (android:drawable/toast_frame) that varies with configuration!!
01-15 13:39:19.440  2994  2994 I Zygote  : ...preloaded 114 resources in 188ms.
01-15 13:39:19.458  2994  2994 W Resources: Preloaded color resource #0x1060114 (android:color/background_cache_hint_selector_material_dark) that varies with configuration!!
01-15 13:39:19.459  2994  2994 W Resources: Preloaded color resource #0x1060119 (android:color/btn_default_material_dark) that varies with configuration!!
01-15 13:39:19.463  2994  2994 I Zygote  : ...preloaded 41 resources in 23ms.
01-15 13:39:19.467  2994  2994 D libEGL  : loaded /vendor/lib/egl/libEGL_adreno.so
01-15 13:39:19.468  2994  2994 D libEGL  : loaded /vendor/lib/egl/libGLESv1_CM_adreno.so
01-15 13:39:19.495  2994  2994 D libEGL  : loaded /vendor/lib/egl/libGLESv2_adreno.so
01-15 13:39:19.514  2994  2994 I Zygote  : Preloading shared libraries...
01-15 13:39:19.530  2994  2994 I Zygote  : Uninstalled ICU cache reference pinning...
01-15 13:39:19.534  2994  2994 I Zygote  : Installed AndroidKeyStoreProvider in 4ms.
01-15 13:39:19.553  2994  2994 I Zygote  : Warmed up JCA providers in 19ms.
01-15 13:39:19.553  2994  2994 D Zygote  : end preload
01-15 13:39:19.553  2994  2994 I art     : Starting a blocking GC Explicit
01-15 13:39:19.578  2994  2994 I art     : Explicit concurrent mark sweep GC freed 27068(1547KB) AllocSpace objects, 0(0B) LOS objects, 54% free, 3MB/7MB, paused 213us total 22.890ms
01-15 13:39:19.582  2994  2994 I art     : Starting a blocking GC Explicit
01-15 13:39:19.599  2994  2994 I art     : Explicit concurrent mark sweep GC freed 2733(113KB) AllocSpace objects, 1(24KB) LOS objects, 55% free, 3MB/7MB, paused 213us total 16.908ms
01-15 13:39:19.600  2994  3080 I art     : Starting a blocking GC HeapTrim
01-15 13:39:19.612  2994  2994 I art     : Starting a blocking GC Background
01-15 13:39:19.680  2994  2994 I Zygote  : System server process 3184 has been created
01-15 13:39:19.681  2994  2994 I Zygote  : Accepting command socket connections
01-15 13:39:19.693  3184  3184 I chatty  : uid=1000 system_server expire 391 lines
01-15 13:39:19.695   217   217 I         : new connection
01-15 13:39:19.705   217   217 E         : eof
01-15 13:39:19.705   217   217 E         : failed to read size
01-15 13:39:19.705   217   217 I         : closing connection
01-15 13:39:19.721  3184  3184 W art     : Found duplicate classes, falling back to interpreter mode for /system/framework/wifi-service.jar
01-15 13:39:19.721  3184  3184 W art     : Found duplicated class when checking oat files: 'Lcom/google/protobuf/nano/MessageNano;' in /system/framework/wifi-service.jar and /system/framework/services.jar
01-15 13:39:19.740  2995  3021 W BatteryNotifier: batterystats service unavailable!
01-15 13:39:19.742  2995  3019 W BatteryNotifier: batterystats service unavailable!
01-15 13:39:19.745  2995  3023 W BatteryNotifier: batterystats service unavailable!
01-15 13:39:19.979   217   217 I         : new connection
01-15 13:39:20.000   211   250 I ThermalDaemon: Sensor 'tsens_tz_sensor9' - alarm cleared 1 at 67.0 degC
01-15 13:39:20.228  3184  3184 W art     : Class com.android.server.am.ActivityManagerService failed lock verification and will run slower.
01-15 13:39:20.228  3184  3184 W art     : Common causes for lock verification issues are non-optimized dex code
01-15 13:39:20.228  3184  3184 W art     : and incorrect proguard optimizations.
01-15 13:39:20.247  3184  3220 I chatty  : uid=1000 system_server expire 1 line
01-15 13:39:20.251  3184  3184 W art     : Class com.android.server.am.ActivityManagerService$MainHandler failed lock verification and will run slower.
01-15 13:39:20.252  3184  3221 I chatty  : uid=1000 system_server expire 1 line
01-15 13:39:20.449  3184  3235 I chatty  : uid=1000 system_server expire 3 lines
01-15 13:39:20.456  3184  3237 I chatty  : uid=1000 system_server expire 1 line
01-15 13:39:20.459  3184  3184 I PowerHAL: power_init
01-15 13:39:20.459  3184  3184 I libsuspend: Selected early suspend
01-15 13:39:20.459  3184  3184 I libsuspend: Starting early suspend unblocker thread
01-15 13:39:20.460  3184  3184 D PowerHAL: power_set_interactive: no power profile selected yet
01-15 13:39:20.475   201   291 I SurfaceFlinger: HDR is not supported on display: 0
01-15 13:39:20.478   201   201 D SurfaceFlinger: Set power mode=2, type=0 flinger=0xb6928000
01-15 13:39:20.478   201   201 D SurfaceFlinger: Screen type=0 is already mode=2
01-15 13:39:20.686  2997  2997 V NatController: runCmd(/system/bin/iptables -w -F natctrl_FORWARD) res=0
01-15 13:39:20.712  2997  2997 V NatController: runCmd(/system/bin/ip6tables -w -F natctrl_FORWARD) res=0
01-15 13:39:20.756  2997  2997 V NatController: runCmd(/system/bin/iptables -w -A natctrl_FORWARD -j DROP) res=0
01-15 13:39:20.796  2997  2997 V NatController: runCmd(/system/bin/iptables -w -t nat -F natctrl_nat_POSTROUTING) res=0
01-15 13:39:20.820  2997  2997 V NatController: runCmd(/system/bin/ip6tables -w -t raw -F natctrl_raw_PREROUTING) res=0
01-15 13:39:20.846  2997  2997 V NatController: runCmd(/system/bin/iptables -w -F natctrl_tether_counters) res=0
01-15 13:39:20.876  2997  2997 V NatController: runCmd(/system/bin/ip6tables -w -F natctrl_tether_counters) res=0
01-15 13:39:20.903  2997  2997 V NatController: runCmd(/system/bin/iptables -w -X natctrl_tether_counters) res=0
01-15 13:39:20.926  2997  2997 V NatController: runCmd(/system/bin/ip6tables -w -X natctrl_tether_counters) res=0
01-15 13:39:20.956  2997  2997 V NatController: runCmd(/system/bin/iptables -w -N natctrl_tether_counters) res=0
01-15 13:39:20.986  2997  2997 V NatController: runCmd(/system/bin/ip6tables -w -N natctrl_tether_counters) res=0
01-15 13:39:21.000   211   250 I ThermalDaemon: Sensor 'tsens_tz_sensor9' - alarm raised 1 at 71.0 degC
01-15 13:39:21.012  2997  2997 V NatController: runCmd(/system/bin/iptables -w -t mangle -A natctrl_mangle_FORWARD -p tcp --tcp-flags SYN SYN -j TCPMSS --clamp-mss-to-pmtu) res=0
01-15 13:39:21.041  3184  3184 E art     : DexFile_getDexOptNeeded file '/system/framework/org.apache.http.legacy.jar' does not exist
01-15 13:39:21.044  3184  3184 D PackageManager: No files in app dir /vendor/overlay
01-15 13:39:21.045  3184  3184 D PackageManager: start scanDirLI:/system/framework
01-15 13:39:21.045  3184  3184 D PackageManager: max thread:6
01-15 13:39:21.051  3184  3262 I chatty  : uid=1000 system_server expire 14 lines
01-15 13:39:21.099  3184  3264 I chatty  : uid=1000 system_server expire 27 lines
01-15 13:39:21.166  3184  3184 D PackageManager: end scanDirLI:/system/framework
01-15 13:39:21.167  3184  3184 D PackageManager: start scanDirLI:/system/priv-app
01-15 13:39:21.167  3184  3184 D PackageManager: max thread:6
01-15 13:39:21.227  3184  3194 I art     : Background partial concurrent mark sweep GC freed 64127(2MB) AllocSpace objects, 3(60KB) LOS objects, 45% free, 4MB/8MB, paused 6.745ms total 146.039ms
01-15 13:39:21.340  3184  3263 I chatty  : uid=1000 system_server expire 34 lines
01-15 13:39:21.343  3184  3269 I chatty  : uid=1000 system_server expire 15 lines
01-15 13:39:21.356  3184  3271 I chatty  : uid=1000 system_server expire 15 lines
01-15 13:39:21.366  3184  3270 I chatty  : uid=1000 system_server expire 18 lines
01-15 13:39:21.379  2997  2997 E Netd    : netlink response contains error (File exists)
01-15 13:39:21.379  2997  2997 E Netd    : Can't add IPv4 default route to dummy0: File exists
01-15 13:39:21.380  2997  2997 D MDnsDS  : MDnsSdListener::Hander starting up
01-15 13:39:21.382  2997  3281 D MDnsDS  : MDnsSdListener starting to monitor
01-15 13:39:21.382  2997  3281 D MDnsDS  : Going to poll with pollCount 1
01-15 13:39:22.001  3184  3184 D PackageManager: end scanDirLI:/system/priv-app
01-15 13:39:22.002  3184  3184 D PackageManager: start scanDirLI:/system/app
01-15 13:39:22.002  3184  3184 D PackageManager: max thread:6
01-15 13:39:22.672  3184  3184 D PackageManager: end scanDirLI:/system/app
01-15 13:39:22.672  3184  3184 D PackageManager: No files in app dir /system/vendor/app
01-15 13:39:22.673  3184  3184 D PackageManager: No files in app dir /oem/app
01-15 13:39:22.674  3184  3184 D PackageManager: No files in app dir /data/app
01-15 13:39:22.674  3184  3184 D PackageManager: No files in app dir /data/app-private
01-15 13:39:22.674  3184  3184 D PackageManager: No files in app dir /data/app-ephemeral
01-15 13:39:22.687   217   217 E         : invalid apk path '/system/framework/org.cyanogenmod.platform-res.apk' (bad prefix)
01-15 13:39:22.747  3184  3184 I chatty  : uid=1000 system_server expire 3 lines
01-15 13:39:22.748  3184  3184 W PackageManager: Not granting permission android.permission.INSTALL_PACKAGES to package com.meizu.flyme.mall (protectionLevel=18 flags=0x3848be45)
01-15 13:39:22.748  3184  3184 W PackageManager: Not granting permission com.meizu.flyme.permission.UPDATE to package com.meizu.flyme.mall (protectionLevel=18 flags=0x3848be45)
01-15 13:39:22.748  3184  3184 W PackageManager: Not granting permission android.permission.INTERACT_ACROSS_USERS to package com.meizu.flyme.mall (protectionLevel=50 flags=0x3848be45)
01-15 13:39:22.748  3184  3184 W PackageManager: Unknown permission com.meizu.flyme.push.permission.RECEIVE in package com.meizu.flyme.mall
01-15 13:39:22.748  3184  3184 W PackageManager: Not granting permission com.meizu.stats.permission.READ_USAGESTATS to package com.meizu.flyme.mall (protectionLevel=18 flags=0x3848be45)
01-15 13:39:22.748  3184  3184 W PackageManager: Not granting permission android.permission.LOCAL_MAC_ADDRESS to package com.meizu.flyme.mall (protectionLevel=18 flags=0x3848be45)
01-15 13:39:22.748  3184  3184 W PackageManager: Unknown permission android.permission.ROOT_RECOVERY_STATE in package com.meizu.flyme.mall
01-15 13:39:22.748  3184  3184 W PackageManager: Unknown permission flyme.permission.ROOT_RECOVERY_STATE in package com.meizu.flyme.mall
01-15 13:39:22.748  3184  3184 W PackageManager: Not granting permission android.permission.REAL_GET_TASKS to package com.meizu.flyme.mall (protectionLevel=18 flags=0x3848be45)
01-15 13:39:22.749  3184  3184 W PackageManager: Unknown permission flyme.permission.ROOT_RECOVERY_STATE in package com.meizu.voiceassistant
01-15 13:39:22.749  3184  3184 W PackageManager: Unknown permission com.meizu.flyme.push.permission.RECEIVE in package com.meizu.voiceassistant
01-15 13:39:22.749  3184  3184 W PackageManager: Unknown permission android.permission.ROOT_RECOVERY_STATE in package com.meizu.voiceassistant
01-15 13:39:22.749  3184  3184 W PackageManager: Unknown permission com.meizu.flyme.push.permission.RECEIVE in package com.meizu.cloud
01-15 13:39:22.749  3184  3184 W PackageManager: Unknown permission android.permission.ROOT_RECOVERY_STATE in package com.meizu.cloud
01-15 13:39:22.749  3184  3184 W PackageManager: Unknown permission flyme.permission.ROOT_RECOVERY_STATE in package com.meizu.cloud
01-15 13:39:22.749  3184  3184 W PackageManager: Unknown permission android.permission.READ_SMS_SUPER in package com.meizu.setup
01-15 13:39:22.750  3184  3184 W PackageManager: Unknown permission android.provider.Telephony.SMS_RECEIVED in package com.meizu.setup
01-15 13:39:22.750  3184  3184 W PackageManager: Unknown permission android.permission.ROOT_RECOVERY_STATE in package com.meizu.setup
01-15 13:39:22.750  3184  3184 W PackageManager: Unknown permission com.google.android.gallery3d.permission.GALLERY_PROVIDER in package com.meizu.share
01-15 13:39:22.750  3184  3184 W PackageManager: Unknown permission com.android.gallery3d.permission.GALLERY_PROVIDER in package com.meizu.share
01-15 13:39:22.750  3184  3184 W PackageManager: Unknown permission com.google.android.gm.permission.READ_GMAIL in package com.meizu.share
01-15 13:39:22.751  3184  3184 W PackageManager: Unknown permission com.meizu.flyme.push.permission.RECEIVE in package com.meizu.share
01-15 13:39:22.751  3184  3184 W PackageManager: Unknown permission flyme.permission.ROOT_RECOVERY_STATE in package com.meizu.share
01-15 13:39:22.751  3184  3184 W PackageManager: Unknown permission android.permission.ROOT_RECOVERY_STATE in package com.meizu.share
01-15 13:39:22.751  3184  3184 W PackageManager: Unknown permission com.android.launcher.permission.READ_SETTINGS in package com.meizu.flyme.easylauncher
01-15 13:39:22.751  3184  3184 W PackageManager: Unknown permission com.android.launcher.permission.WRITE_SETTINGS in package com.meizu.flyme.easylauncher
01-15 13:39:22.751  3184  3184 W PackageManager: Unknown permission android.permission.ROOT_RECOVERY_STATE in package com.meizu.flyme.easylauncher
01-15 13:39:22.751  3184  3184 W PackageManager: Unknown permission flyme.permission.ROOT_RECOVERY_STATE in package com.meizu.flyme.easylauncher
01-15 13:39:22.751  3184  3184 W PackageManager: Unknown permission com.qualcomm.permission.UIM_REMOTE_CLIENT in package com.flyme.virtual.softsim
01-15 13:39:22.752  3184  3184 W PackageManager: Unknown permission com.android.vendors.bridge.permission.USE_SOFTSIM in package com.flyme.virtual.softsim
