01-15 13:39:26.440  3300  3300 E Typeface: Error mapping font file /system/fonts/DroidSansTelugu.ttf
01-15 13:39:26.441  3300  3300 E Typeface: Error mapping font file /system/fonts/DroidSansKannada.ttf
01-15 13:39:26.442  3300  3300 E Typeface: Error mapping font file /system/fonts/DroidSansOdia.ttf
01-15 13:39:26.449  3300  3300 E Typeface: Error mapping font file /system/fonts/DroidSansMyanmar.ttf
01-15 13:39:26.451   202  3371 E mm-camera: Samsung cam_mctl_thread: set camera_id =1
01-15 13:39:26.451   202  3371 E mm-camera: mctl_store_curr_target Current target is 1 id = 154
01-15 13:39:26.451   202   202 E mm-camera: camera_plugin_client_open: plugin client open exit, rc = 0
01-15 13:39:26.468   202  3371 E mm-camera: sensor_load_chromatix: libchromatix_s5k6a3yx_preview.so: 32
01-15 13:39:26.469   202  3371 E mm-camera: vendor/qcom/proprietary/mm-camera/server/chromatix/0208/libchromatix/chromatix_s5k6a3yx/preview/chromatix_s5k6a3yx_preview.c:load_chromatix:57
01-15 13:39:26.469   202  3371 E mm-camera: load_chromatix:61: chromatix_version=520
01-15 13:39:26.469   202  3371 E mm-camera: #QCT 1 # chromatix_s5k6a3yx_preview.dat : open -1 
01-15 13:39:26.469   202  3371 E mm-camera: load_chromatix:93: chromatix_version=520
01-15 13:39:26.469   202  3371 E mm-camera: camera_plugin_client_private_ioctl_to_plugin: received private ioctl
01-15 13:39:26.469   202  3371 E mm-camera: camera_plugin_grant_pix_interface Support simultaneous camera 0 Sensor type 0 BAYER 0
01-15 13:39:26.469   202  3371 E mm-camera: camera_plugin_grant_pix_interface Support simultaneous camera 0 Sensor type 0
01-15 13:39:26.469   202  3371 E mm-camera: SADA  camera_plugin_grant_pix_interface 0
01-15 13:39:26.477   202  3371 E mm-camera: axi_client_init axi client 0
01-15 13:39:26.477   202  3371 E mm-camera:  
01-15 13:39:26.491   202  3371 E mm-camera: vfe_ops_init: E
01-15 13:39:26.491   202  3371 E mm-camera: Samsung mctl_init_comps: call vfe set_params, version =0
01-15 13:39:26.491   202  3371 E mm-camera: Samsung vfe_set_params: version =0
01-15 13:39:26.491   202  3371 E mm-camera: axi_set_params: begin, axi_obj_idx = 124
01-15 13:39:26.491   202  3371 E mm-camera: axi_set_params: begin, axi_obj_idx = 124
01-15 13:39:26.491   202  3371 E mm-camera: axi_set_params: begin, axi_obj_idx = 0
01-15 13:39:26.491   202  3371 E mm-camera: axi_set_params: wm0: ub_offset 0 ub_size 130
01-15 13:39:26.491   202  3371 E mm-camera: axi_set_params: wm1: ub_offset 131 ub_size 130
01-15 13:39:26.491   202  3371 E mm-camera: axi_set_params: wm2: ub_offset 262 ub_size 130
01-15 13:39:26.491   202  3371 E mm-camera: axi_set_params: wm3: ub_offset 393 ub_size 130
01-15 13:39:26.491   202  3371 E mm-camera: axi_set_params: wm4: ub_offset 524 ub_size 130
01-15 13:39:26.491   202  3371 E mm-camera: axi_set_params: wm5: ub_offset 655 ub_size 130
01-15 13:39:26.491   202  3371 E mm-camera: axi_set_params: wm6: ub_offset 786 ub_size 130
01-15 13:39:26.491   202  3371 E mm-camera: mctl_init_stats_proc_info: snap_max_line_cnt =34800
01-15 13:39:26.491   202  3371 E mm-camera: eeprom_init: [shchang : CAL] Starting EEPROM Init
01-15 13:39:26.491   202  3371 E mm-camera: eeprom_get_info: eeprom Support: 1
01-15 13:39:26.491   202  3371 E mm-camera: Samsung mctl_init_comps: call vfe module init, version =0
01-15 13:39:26.495   202  3371 E mm-camera: vfe_legacy_stats_buffer_init: AEC_STATS_BUFNUM
01-15 13:39:26.496   202  3371 E mm-camera: vfe_legacy_stats_buffer_init: AEC_STATS_BUFNUM
01-15 13:39:26.497   202  3371 E mm-camera: [739] Front Camera Return
01-15 13:39:26.503   202  3371 W linker  : /system/lib/libmmcamera_faceproc.so has text relocations. This is wasting memory and prevents security hardening. Please fix.
01-15 13:39:26.503   202  3371 E mm-camera: config_proc_CAMERA_GET_CAPABILITIES: prop->max_pict_width 1392  prop->max_pict_height 1392
01-15 13:39:26.514   202  3371 E mm-camera: config_proc_native_ctrl_cmd: CAMERA_SET_PARM_DIMENSION called
01-15 13:39:26.514   202  3371 E mm-camera: axi_set_params: begin, axi_obj_idx = 0
01-15 13:39:26.514   202  3371 E mm-camera: axi_set_params: begin, axi_obj_idx = 0
01-15 13:39:26.514   202  3371 E mm-camera: axi_set_params: begin, axi_obj_idx = 0
01-15 13:39:26.514   202  3371 E mm-camera: axi_set_params: begin, axi_obj_idx = 0
01-15 13:39:26.514   202  3371 E mm-camera: config_validate_dimension: RDI 0: W X H: 1392 X 1392, RDI 1: W X H: 1392 X 696
01-15 13:39:26.514   202  3371 E mm-camera: config_validate_dimension: RDI2: W X H: 0 X 0
01-15 13:39:26.518   202  3371 E mm-camera: config_proc_CAMERA_SET_LOW_POWER_MODE Low power mode enabled? : No 
01-15 13:39:26.526   202  3371 E mm-camera: config_proc_CAMERA_SET_DIS_ENABLE: DIS Enabled? : No 
01-15 13:39:26.530   202  3371 E mm-camera: sensor_util_set_frame_rate
01-15 13:39:26.532   202  3371 E mm-camera: sensor_util_set_frame_rate
01-15 13:39:26.534   202  3371 E mm-camera: sensor_util_set_frame_rate
01-15 13:39:26.536   202  3371 E mm-camera: config_proc_CAMERA_SET_FLIP_HINT rc = 1, status = 1, 
01-15 13:39:26.541  3302  3383 I chatty  : uid=1013(media) /system/bin/mediaserver expire 3 lines
01-15 13:39:26.542  3302  3382 I chatty  : uid=1013(media) /system/bin/mediaserver expire 3 lines
01-15 13:39:26.543  3302  3384 I chatty  : uid=1013(media) /system/bin/mediaserver expire 4 lines
01-15 13:39:26.560  3302  3302 I chatty  : uid=1013(media) /system/bin/mediaserver expire 12 lines
01-15 13:39:26.560   202  3371 E mm-camera: config_shutdown_pp Camera not in streaming mode. Returning. 
01-15 13:39:26.562   202  3371 E mm-camera: vfe_ops_deinit: E
01-15 13:39:26.822  3300  3300 I art     : Thread[1,tid=3300,Native,Thread*=0xb4204400,peer=0x12c070d0,"main"] recursive attempt to load library "/system/lib/libmedia_jni.so"
01-15 13:39:26.823  3300  3300 D MtpDeviceJNI: register_android_mtp_MtpDevice
01-15 13:39:26.823  3300  3300 I art     : Thread[1,tid=3300,Native,Thread*=0xb4204400,peer=0x12c070d0,"main"] recursive attempt to load library "/system/lib/libmedia_jni.so"
01-15 13:39:26.823  3300  3300 I art     : Thread[1,tid=3300,Native,Thread*=0xb4204400,peer=0x12c070d0,"main"] recursive attempt to load library "/system/lib/libmedia_jni.so"
01-15 13:39:26.928  3300  3300 W Zygote  : Class not found for preloading: android.view.Display$ColorTransform
01-15 13:39:26.928  3300  3300 W Zygote  : Class not found for preloading: android.view.Display$ColorTransform$1
01-15 13:39:26.965  3300  3300 W System  : ClassLoader referenced unknown path: /system/framework/tcmclient.jar
01-15 13:39:27.125  3300  3300 I System  : Loaded time zone names for "" in 89ms (85ms in ICU)
01-15 13:39:27.175  3300  3300 I System  : Loaded time zone names for "en_US" in 49ms (46ms in ICU)
01-15 13:39:27.231  3300  3300 I System  : Loaded time zone names for "zh_CN" in 56ms (53ms in ICU)
01-15 13:39:27.287  3300  3300 I Zygote  : ...preloaded 4158 classes in 997ms.
01-15 13:39:27.287  3300  3300 I art     : VMRuntime.preloadDexCaches starting
01-15 13:39:27.394  3300  3300 I art     : VMRuntime.preloadDexCaches strings total=308763 before=37472 after=37472
01-15 13:39:27.394  3300  3300 I art     : VMRuntime.preloadDexCaches types total=25339 before=8437 after=8475
01-15 13:39:27.394  3300  3300 I art     : VMRuntime.preloadDexCaches fields total=126556 before=41742 after=42193
01-15 13:39:27.394  3300  3300 I art     : VMRuntime.preloadDexCaches methods total=206132 before=84084 after=84907
01-15 13:39:27.395  3300  3300 I art     : VMRuntime.preloadDexCaches finished
01-15 13:39:27.396  3300  3300 I Zygote  : Preloading resources...
01-15 13:39:27.435  3300  3300 W Resources: Preloaded drawable resource #0x108025c (android:drawable/dialog_background_material) that varies with configuration!!
01-15 13:39:27.445  3300  3300 W Resources: Preloaded color resource #0x10600ea (android:color/material_grey_800) that varies with configuration!!
01-15 13:39:27.445  3300  3300 W Resources: Preloaded drawable resource #0x10802c9 (android:drawable/floating_popup_background_dark) that varies with configuration!!
01-15 13:39:27.579  3300  3300 W Resources: Preloaded drawable resource #0x1080096 (android:drawable/toast_frame) that varies with configuration!!
01-15 13:39:27.579  3300  3300 I Zygote  : ...preloaded 114 resources in 184ms.
01-15 13:39:27.598  3300  3300 W Resources: Preloaded color resource #0x1060114 (android:color/background_cache_hint_selector_material_dark) that varies with configuration!!
01-15 13:39:27.600  3300  3300 W Resources: Preloaded color resource #0x1060119 (android:color/btn_default_material_dark) that varies with configuration!!
01-15 13:39:27.605  3300  3300 I Zygote  : ...preloaded 41 resources in 26ms.
01-15 13:39:27.609  3300  3300 D libEGL  : loaded /vendor/lib/egl/libEGL_adreno.so
01-15 13:39:27.611  3300  3300 D libEGL  : loaded /vendor/lib/egl/libGLESv1_CM_adreno.so
01-15 13:39:27.638  3300  3300 D libEGL  : loaded /vendor/lib/egl/libGLESv2_adreno.so
01-15 13:39:27.656  3300  3300 I Zygote  : Preloading shared libraries...
01-15 13:39:27.673  3300  3300 I Zygote  : Uninstalled ICU cache reference pinning...
01-15 13:39:27.678  3300  3300 I Zygote  : Installed AndroidKeyStoreProvider in 5ms.
01-15 13:39:27.698  3300  3300 I Zygote  : Warmed up JCA providers in 20ms.
01-15 13:39:27.698  3300  3300 D Zygote  : end preload
01-15 13:39:27.699  3300  3300 I art     : Starting a blocking GC Explicit
01-15 13:39:27.727  3300  3300 I art     : Explicit concurrent mark sweep GC freed 27098(1548KB) AllocSpace objects, 0(0B) LOS objects, 54% free, 3MB/7MB, paused 244us total 23.500ms
01-15 13:39:27.728  3300  3300 I art     : Starting a blocking GC Explicit
01-15 13:39:27.744  3300  3300 I art     : Explicit concurrent mark sweep GC freed 2733(113KB) AllocSpace objects, 1(24KB) LOS objects, 55% free, 3MB/7MB, paused 183us total 15.565ms
01-15 13:39:27.745  3300  3356 I art     : Starting a blocking GC HeapTrim
01-15 13:39:27.759  3300  3300 I art     : Starting a blocking GC Background
01-15 13:39:27.824  3300  3300 I Zygote  : System server process 3437 has been created
01-15 13:39:27.825  3300  3300 I Zygote  : Accepting command socket connections
01-15 13:39:27.840  3437  3437 I chatty  : uid=1000 system_server expire 300 lines
01-15 13:39:27.844   217   217 I         : new connection
01-15 13:39:27.853   217   217 E         : eof
01-15 13:39:27.853   217   217 E         : failed to read size
01-15 13:39:27.853   217   217 I         : closing connection
01-15 13:39:27.867  3437  3437 I chatty  : uid=1000 system_server expire 2 lines
01-15 13:39:28.012   217   217 I         : new connection
01-15 13:39:28.253  3437  3437 W art     : Class com.android.server.am.ActivityManagerService failed lock verification and will run slower.
01-15 13:39:28.254  3437  3437 W art     : Common causes for lock verification issues are non-optimized dex code
01-15 13:39:28.254  3437  3437 W art     : and incorrect proguard optimizations.
01-15 13:39:28.274  3437  3469 I chatty  : uid=1000 system_server expire 1 line
01-15 13:39:28.275  3437  3437 W art     : Class com.android.server.am.ActivityManagerService$MainHandler failed lock verification and will run slower.
01-15 13:39:28.276  3437  3471 I chatty  : uid=1000 system_server expire 1 line
01-15 13:39:28.283  3301  3319 W BatteryNotifier: batterystats service unavailable!
01-15 13:39:28.284  3301  3317 W BatteryNotifier: batterystats service unavailable!
01-15 13:39:28.294  3301  3321 W BatteryNotifier: batterystats service unavailable!
01-15 13:39:28.466  3437  3484 I chatty  : uid=1000 system_server expire 3 lines
01-15 13:39:28.474  3437  3486 I chatty  : uid=1000 system_server expire 1 line
01-15 13:39:28.478  3437  3437 I PowerHAL: power_init
01-15 13:39:28.478  3437  3437 I libsuspend: Selected early suspend
01-15 13:39:28.478  3437  3437 I libsuspend: Starting early suspend unblocker thread
01-15 13:39:28.478  3437  3437 D PowerHAL: power_set_interactive: no power profile selected yet
01-15 13:39:28.494   201   281 I SurfaceFlinger: HDR is not supported on display: 0
01-15 13:39:28.497   201   201 D SurfaceFlinger: Set power mode=2, type=0 flinger=0xb6928000
01-15 13:39:28.497   201   201 D SurfaceFlinger: Screen type=0 is already mode=2
01-15 13:39:29.000   211   247 I ThermalDaemon: Sensor 'tsens_tz_sensor6' - alarm raised 1 at 70.0 degC
01-15 13:39:29.071  3437  3437 E art     : DexFile_getDexOptNeeded file '/system/framework/org.apache.http.legacy.jar' does not exist
01-15 13:39:29.074  3437  3437 D PackageManager: No files in app dir /vendor/overlay
01-15 13:39:29.074  3437  3437 D PackageManager: start scanDirLI:/system/framework
01-15 13:39:29.074  3437  3437 D PackageManager: max thread:6
01-15 13:39:29.081  3437  3515 I chatty  : uid=1000 system_server expire 19 lines
01-15 13:39:29.121  3437  3517 I chatty  : uid=1000 system_server expire 19 lines
01-15 13:39:29.199  3437  3437 D PackageManager: end scanDirLI:/system/framework
01-15 13:39:29.200  3437  3437 D PackageManager: start scanDirLI:/system/priv-app
01-15 13:39:29.200  3437  3437 D PackageManager: max thread:6
01-15 13:39:29.366  3437  3516 I chatty  : uid=1000 system_server expire 16 lines
01-15 13:39:29.371  3437  3523 I chatty  : uid=1000 system_server expire 33 lines
01-15 13:39:29.434  3437  3522 I chatty  : uid=1000 system_server expire 23 lines
01-15 13:39:29.469  3437  3524 I chatty  : uid=1000 system_server expire 13 lines
01-15 13:39:30.245  3437  3437 D PackageManager: end scanDirLI:/system/priv-app
01-15 13:39:30.245  3437  3437 D PackageManager: start scanDirLI:/system/app
01-15 13:39:30.246  3437  3437 D PackageManager: max thread:6
01-15 13:39:30.523  3437  3448 I art     : Background sticky concurrent mark sweep GC freed 29264(1808KB) AllocSpace objects, 0(0B) LOS objects, 19% free, 6MB/8MB, paused 3.021ms total 114.909ms
01-15 13:39:30.577  3303  3303 V NatController: runCmd(/system/bin/iptables -w -F natctrl_FORWARD) res=0
01-15 13:39:30.627  3303  3303 V NatController: runCmd(/system/bin/ip6tables -w -F natctrl_FORWARD) res=0
01-15 13:39:30.676  3303  3303 V NatController: runCmd(/system/bin/iptables -w -A natctrl_FORWARD -j DROP) res=0
01-15 13:39:30.737  3303  3303 V NatController: runCmd(/system/bin/iptables -w -t nat -F natctrl_nat_POSTROUTING) res=0
01-15 13:39:30.780  3303  3303 V NatController: runCmd(/system/bin/ip6tables -w -t raw -F natctrl_raw_PREROUTING) res=0
01-15 13:39:30.809  3303  3303 V NatController: runCmd(/system/bin/iptables -w -F natctrl_tether_counters) res=0
01-15 13:39:30.830  3303  3303 V NatController: runCmd(/system/bin/ip6tables -w -F natctrl_tether_counters) res=0
01-15 13:39:30.876  3303  3303 V NatController: runCmd(/system/bin/iptables -w -X natctrl_tether_counters) res=0
01-15 13:39:30.907  3303  3303 V NatController: runCmd(/system/bin/ip6tables -w -X natctrl_tether_counters) res=0
01-15 13:39:30.933  3303  3303 V NatController: runCmd(/system/bin/iptables -w -N natctrl_tether_counters) res=0
01-15 13:39:30.968  3303  3303 V NatController: runCmd(/system/bin/ip6tables -w -N natctrl_tether_counters) res=0
01-15 13:39:30.999  3303  3303 V NatController: runCmd(/system/bin/iptables -w -t mangle -A natctrl_mangle_FORWARD -p tcp --tcp-flags SYN SYN -j TCPMSS --clamp-mss-to-pmtu) res=0
01-15 13:39:31.161  3437  3437 D PackageManager: end scanDirLI:/system/app
01-15 13:39:31.161  3437  3437 D PackageManager: No files in app dir /system/vendor/app
01-15 13:39:31.161  3437  3437 D PackageManager: No files in app dir /oem/app
01-15 13:39:31.163  3437  3437 D PackageManager: No files in app dir /data/app
01-15 13:39:31.163  3437  3437 D PackageManager: No files in app dir /data/app-private
01-15 13:39:31.163  3437  3437 D PackageManager: No files in app dir /data/app-ephemeral
01-15 13:39:31.180   217   217 E         : invalid apk path '/system/framework/org.cyanogenmod.platform-res.apk' (bad prefix)
01-15 13:39:31.211  3437  3448 I art     : Background partial concurrent mark sweep GC freed 26195(1611KB) AllocSpace objects, 0(0B) LOS objects, 35% free, 7MB/11MB, paused 793us total 161.147ms
01-15 13:39:31.236  3437  3437 I chatty  : uid=1000 system_server expire 14 lines
01-15 13:39:31.239  3437  3437 W PackageManager: Unknown permission flyme.permission.ROOT_RECOVERY_STATE in package com.meizu.account
01-15 13:39:31.239  3437  3437 W PackageManager: Unknown permission com.meizu.flyme.push.permission.RECEIVE in package com.meizu.account
01-15 13:39:31.240  3437  3437 W PackageManager: Unknown permission com.aliyun.ams.flyme.yunosaccount.permission.ACCOUNT_SERVICE in package com.meizu.account
01-15 13:39:31.240  3437  3437 W PackageManager: Unknown permission com.meizu.flyme.providers.forcetouch.permission.READ_SETTINGS in package com.meizu.media.ebook
01-15 13:39:31.240  3437  3437 W PackageManager: Unknown permission com.meizu.flyme.providers.forcetouch.permission.WRITE_SETTINGS in package com.meizu.media.ebook
01-15 13:39:31.240  3437  3437 W PackageManager: Not granting permission android.permission.INTERACT_ACROSS_USERS_FULL to package com.meizu.media.ebook (protectionLevel=258 flags=0x38483e45)
01-15 13:39:31.240  3437  3437 W PackageManager: Not granting permission android.permission.START_ANY_ACTIVITY to package com.meizu.media.ebook (protectionLevel=2 flags=0x38483e45)
01-15 13:39:31.240  3437  3437 W PackageManager: Unknown permission com.meizu.flyme.push.permission.RECEIVE in package com.meizu.media.ebook
01-15 13:39:31.240  3437  3437 W PackageManager: Unknown permission com.meizu.c2dm.permission.RECEIVE in package com.meizu.media.ebook
01-15 13:39:31.240  3437  3437 W PackageManager: Unknown permission flyme.permission.ROOT_RECOVERY_STATE in package com.meizu.media.ebook
01-15 13:39:31.240  3437  3437 W PackageManager: Unknown permission android.webkit.permission.PLUGIN in package com.meizu.media.ebook
01-15 13:39:31.240  3437  3437 W PackageManager: Unknown permission com.meizu.compaign.permission.READ_SDK_INFO in package com.meizu.media.ebook
01-15 13:39:31.241  3437  3437 W PackageManager: Unknown permission com.meizu.compaign.permission.SEND_NOTIFICATION in package com.meizu.media.ebook
01-15 13:39:31.241  3437  3437 W PackageManager: Not granting permission com.meizu.flyme.appcenter.permission.action.perform to package com.meizu.media.ebook (protectionLevel=2 flags=0x38483e45)
01-15 13:39:31.241  3437  3437 W PackageManager: Unknown permission android.permission.ROOT_RECOVERY_STATE in package com.meizu.media.ebook
01-15 13:39:31.241  3437  3437 W PackageManager: Unknown permission com.google.android.permission.INSTALL_WEARABLE_PACKAGES in package com.android.packageinstaller
01-15 13:39:31.241  3437  3437 W PackageManager: Unknown permission com.android.usagestats.permission.READ_USAGESTATS in package com.meizu.media.music
01-15 13:39:31.241  3437  3437 W PackageManager: Unknown permission com.android.usagestats.permission.WRITE_USAGESTATS in package com.meizu.media.music
01-15 13:39:31.241  3437  3437 W PackageManager: Unknown permission com.meizu.c2dm.permission.RECEIVE in package com.meizu.media.music
01-15 13:39:31.241  3437  3437 W PackageManager: Unknown permission com.meizu.flyme.push.permission.RECEIVE in package com.meizu.media.music
01-15 13:39:31.241  3437  3437 W PackageManager: Unknown permission android.permission.ROOT_RECOVERY_STATE in package com.meizu.media.music
01-15 13:39:31.241  3437  3437 W PackageManager: Unknown permission flyme.permission.ROOT_RECOVERY_STATE in package com.meizu.media.music
01-15 13:39:31.241  3437  3437 W PackageManager: Not granting permission android.permission.DEVICE_POWER to package com.meizu.media.music (protectionLevel=2 flags=0x38483e45)
01-15 13:39:31.241  3437  3437 W PackageManager: Not granting permission android.permission.INTERNAL_SYSTEM_WINDOW to package com.meizu.media.music (protectionLevel=2 flags=0x38483e45)
01-15 13:39:31.241  3437  3437 W PackageManager: Not granting permission android.permission.INTERACT_ACROSS_USERS_FULL to package com.meizu.media.music (protectionLevel=258 flags=0x38483e45)
01-15 13:39:31.242  3437  3437 W PackageManager: Not granting permission android.permission.REGISTER_WINDOW_MANAGER_LISTENERS to package com.meizu.media.music (protectionLevel=2 flags=0x38483e45)
01-15 13:39:31.242  3437  3437 W PackageManager: Unknown permission flyme.permission.DEVICE_SUB_DISPLAY in package com.meizu.media.music
01-15 13:39:31.242  3437  3437 W PackageManager: Unknown permission com.meizu.flyme.providers.forcetouch.permission.READ_SETTINGS in package com.meizu.media.music
01-15 13:39:31.242  3437  3437 W PackageManager: Unknown permission com.meizu.flyme.providers.forcetouch.permission.WRITE_SETTINGS in package com.meizu.media.music
01-15 13:39:31.242  3437  3437 W PackageManager: Unknown permission com.meizu.compaign.permission.READ_SDK_INFO in package com.meizu.media.music
01-15 13:39:31.242  3437  3437 W PackageManager: Unknown permission com.meizu.compaign.permission.SEND_NOTIFICATION in package com.meizu.media.music
01-15 13:39:31.242  3437  3437 W PackageManager: Not granting permission com.meizu.flyme.appcenter.permission.action.perform to package com.meizu.media.music (protectionLevel=2 flags=0x38483e45)
01-15 13:39:31.242  3437  3437 W PackageManager: Unknown permission android.webkit.permission.PLUGIN in package com.meizu.media.music
01-15 13:39:31.242  3437  3437 W PackageManager: Not granting permission android.permission.ACCESS_ALL_DOWNLOADS to package com.meizu.media.video (protectionLevel=2 flags=0x38483e45)
01-15 13:39:31.242  3437  3437 W PackageManager: Not granting permission com.android.permission.WHITELIST_BLUETOOTH_DEVICE to package com.meizu.media.video (protectionLevel=2 flags=0x38483e45)
01-15 13:39:31.242  3437  3437 W PackageManager: Unknown permission com.android.usagestats.permission.READ_USAGESTATS in package com.meizu.media.video
01-15 13:39:31.242  3437  3437 W PackageManager: Unknown permission com.android.usagestats.permission.WRITE_USAGESTATS in package com.meizu.media.video
01-15 13:39:31.242  3437  3437 W PackageManager: Unknown permission android.permission.TYPE_PHONE in package com.meizu.media.video
01-15 13:39:31.242  3437  3437 W PackageManager: Not granting permission android.permission.INTERNAL_SYSTEM_WINDOW to package com.meizu.media.video (protectionLevel=2 flags=0x38483e45)
01-15 13:39:31.242  3437  3437 W PackageManager: Unknown permission com.meizu.flyme.push.permission.RECEIVE in package com.meizu.media.video
01-15 13:39:31.243  3437  3437 W PackageManager: Unknown permission com.meizu.c2dm.permission.RECEIVE in package com.meizu.media.video
01-15 13:39:31.243  3437  3437 W PackageManager: Unknown permission android.permission.ROOT_RECOVERY_STATE in package com.meizu.media.video
01-15 13:39:31.243  3437  3437 W PackageManager: Unknown permission flyme.permission.ROOT_RECOVERY_STATE in package com.meizu.media.video
01-15 13:39:31.243  3437  3437 W PackageManager: Not granting permission android.permission.INTERACT_ACROSS_USERS_FULL to package com.meizu.media.video (protectionLevel=258 flags=0x38483e45)
01-15 13:39:31.243  3437  3437 W PackageManager: Unknown permission meizu.permission.SWITCH_SYSTEM_MODES in package com.meizu.media.video
01-15 13:39:31.243  3437  3437 W PackageManager: Unknown permission meizu.permission.BIND_PRIVACY_CONTROLER in package com.meizu.media.video
01-15 13:39:31.243  3437  3437 W PackageManager: Not granting permission com.meizu.flyme.appcenter.permission.action.perform to package com.meizu.media.video (protectionLevel=2 flags=0x38483e45)
01-15 13:39:31.243  3437  3437 W PackageManager: Unknown permission com.meizu.flyme.providers.forcetouch.permission.READ_SETTINGS in package com.meizu.media.video
01-15 13:39:31.243  3437  3437 W PackageManager: Unknown permission com.meizu.flyme.providers.forcetouch.permission.WRITE_SETTINGS in package com.meizu.media.video
01-15 13:39:31.243  3437  3437 W PackageManager: Unknown permission com.meizu.compaign.permission.READ_SDK_INFO in package com.meizu.media.video
01-15 13:39:31.243  3437  3437 W PackageManager: Unknown permission com.meizu.compaign.permission.SEND_NOTIFICATION in package com.meizu.media.video
01-15 13:39:31.244  3437  3437 W PackageManager: Not granting permission com.android.permission.WHITELIST_BLUETOOTH_DEVICE to package com.meizu.media.gallery (protectionLevel=2 flags=0x3858be45)
01-15 13:39:31.244  3437  3437 W PackageManager: Not granting permission android.permission.INTERACT_ACROSS_USERS_FULL to package com.meizu.media.gallery (protectionLevel=258 flags=0x3858be45)
01-15 13:39:31.244  3437  3437 W PackageManager: Not granting permission android.permission.ACCESS_ALL_DOWNLOADS to package com.meizu.media.gallery (protectionLevel=2 flags=0x3858be45)
01-15 13:39:31.244  3437  3437 W PackageManager: Unknown permission com.android.usagestats.permission.WRITE_USAGESTATS in package com.meizu.media.gallery
01-15 13:39:31.244  3437  3437 W PackageManager: Unknown permission com.android.usagestats.permission.READ_USAGESTATS in package com.meizu.media.gallery
01-15 13:39:31.244  3437  3437 W PackageManager: Not granting permission android.permission.ACCESS_SURFACE_FLINGER to package com.meizu.media.gallery (protectionLevel=2 flags=0x3858be45)
01-15 13:39:31.244  3437  3437 W PackageManager: Unknown permission android.Manifest.permission.RECEIVE_BOOT_COMPLETED in package com.meizu.media.gallery
01-15 13:39:31.244  3437  3437 W PackageManager: Unknown permission meizu.permission.SWITCH_SYSTEM_MODES in package com.meizu.media.gallery
01-15 13:39:31.244  3437  3437 W PackageManager: Unknown permission meizu.permission.BIND_PRIVACY_CONTROLER in package com.meizu.media.gallery
01-15 13:39:31.244  3437  3437 W PackageManager: Unknown permission meizu.permission.READ_PRIVACY in package com.meizu.media.gallery
01-15 13:39:31.244  3437  3437 W PackageManager: Unknown permission com.meizu.flyme.push.permission.RECEIVE in package com.meizu.media.gallery
01-15 13:39:31.244  3437  3437 W PackageManager: Unknown permission com.meizu.c2dm.permission.RECEIVE in package com.meizu.media.gallery
01-15 13:39:31.244  3437  3437 W PackageManager: Unknown permission com.meizu.flyme.wlauncher.permission.BIND_WATCHSERVISE in package com.meizu.media.gallery
01-15 13:39:31.244  3437  3437 W PackageManager: Unknown permission android.permission.ROOT_RECOVERY_STATE in package com.meizu.media.gallery
01-15 13:39:31.244  3437  3437 W PackageManager: Unknown permission flyme.permission.ROOT_RECOVERY_STATE in package com.meizu.media.gallery
01-15 13:39:31.244  3437  3437 W PackageManager: Unknown permission com.meizu.flyme.providers.forcetouch.permission.READ_SETTINGS in package com.meizu.media.gallery
01-15 13:39:31.259  3437  3437 W PackageManager: Unknown permission android.permission.ROOT_RECOVERY_STATE in package com.meizu.flyme.gamecenter
01-15 13:39:31.259  3437  3437 W PackageManager: Unknown permission flyme.permission.ROOT_RECOVERY_STATE in package com.meizu.flyme.gamecenter
01-15 13:39:31.259  3437  3437 W PackageManager: Unknown permission com.meizu.flyme.push.permission.RECEIVE in package com.meizu.flyme.gamecenter
01-15 13:39:31.259  3437  3437 W PackageManager: Unknown permission com.meizu.c2dm.permission.RECEIVE in package com.meizu.flyme.gamecenter
01-15 13:39:31.259  3437  3437 W PackageManager: Unknown permission com.meizu.compaign.permission.READ_SDK_INFO in package com.meizu.flyme.gamecenter
01-15 13:39:31.259  3437  3437 W PackageManager: Unknown permission com.meizu.compaign.permission.SEND_NOTIFICATION in package com.meizu.flyme.gamecenter
01-15 13:39:31.260  3437  3437 W PackageManager: Unknown permission com.fingerprints.service.ACCESS_FINGERPRINT_MANAGER in package com.android.systemui
01-15 13:39:31.260  3437  3437 W PackageManager: Unknown permission android.Manifest.permission.FORCE_STOP_PACKAGES in package com.android.systemui
01-15 13:39:31.260  3437  3437 W PackageManager: Unknown permission flyme.permission.ROOT_RECOVERY_STATE in package com.android.systemui
01-15 13:39:31.260  3437  3437 W PackageManager: Unknown permission meizu.permission.SWITCH_SYSTEM_MODES in package com.android.systemui
01-15 13:39:31.260  3437  3437 W PackageManager: Unknown permission android.Manifest.permission.READ_PRIVILEGED_PHONE_STATE in package com.android.systemui
01-15 13:39:31.260  3437  3437 W PackageManager: Unknown permission android.permission.ROOT_RECOVERY_STATE in package com.android.systemui
01-15 13:39:31.260  3437  3437 W PackageManager: Unknown permission android.permission.SET_APPLICATION_ERROR_LISTENER in package com.meizu.experiencedatasync
01-15 13:39:31.260  3437  3437 W PackageManager: Unknown permission com.android.usagestats.permission.READ_USAGESTATS in package com.meizu.experiencedatasync
01-15 13:39:31.260  3437  3437 W PackageManager: Unknown permission com.android.usagestats.permission.WRITE_USAGESTATS in package com.meizu.experiencedatasync
01-15 13:39:31.260  3437  3437 W PackageManager: Unknown permission flyme.permission.ROOT_RECOVERY_STATE in package com.meizu.experiencedatasync
01-15 13:39:31.261  3437  3437 W PackageManager: Unknown permission com.android.voicemail.permission.READ_WRITE_ALL_VOICEMAIL in package com.meizu.callsetting
01-15 13:39:31.261  3437  3437 W PackageManager: Unknown permission com.android.usagestats.permission.READ_USAGESTATS in package com.meizu.callsetting
01-15 13:39:31.261  3437  3437 W PackageManager: Unknown permission com.android.usagestats.permission.WRITE_USAGESTATS in package com.meizu.callsetting
01-15 13:39:31.261  3437  3437 W PackageManager: Unknown permission meizu.permission.FLYME_TELECOM in package com.meizu.callsetting
01-15 13:39:31.261  3437  3437 W PackageManager: Unknown permission meizu.permission.FLYME_TELECOM_PROVIDER_READ in package com.meizu.callsetting
01-15 13:39:31.261  3437  3437 W PackageManager: Unknown permission com.meizu.cloud.permission.CLOUD_PROVIDER_WRITE in package com.meizu.callsetting
01-15 13:39:31.261  3437  3437 W PackageManager: Unknown permission android.permission.ROOT_RECOVERY_STATE in package com.meizu.callsetting
01-15 13:39:31.261  3437  3437 W PackageManager: Unknown permission flyme.permission.ROOT_RECOVERY_STATE in package com.meizu.callsetting
01-15 13:39:31.262  3437  3437 W PackageManager: Unknown permission meizu.permission.FLYME_TELECOM in package com.meizu.netcontactservice
01-15 13:39:31.262  3437  3437 W PackageManager: Unknown permission flyme.permission.ROOT_RECOVERY_STATE in package com.meizu.netcontactservice
01-15 13:39:31.262  3437  3437 W PackageManager: Unknown permission com.meizu.flyme.push.permission.RECEIVE in package com.meizu.netcontactservice
01-15 13:39:31.262  3437  3437 W PackageManager: Unknown permission android.permission.ROOT_RECOVERY_STATE in package com.meizu.netcontactservice
01-15 13:39:31.263  3437  3437 W PackageManager: Unknown permission com.google.android.gallery3d.permission.GALLERY_PROVIDER in package com.android.bluetooth
01-15 13:39:31.263  3437  3437 W PackageManager: Unknown permission com.android.gallery3d.permission.GALLERY_PROVIDER in package com.android.bluetooth
01-15 13:39:31.263  3437  3437 W PackageManager: Unknown permission android.permission.ROOT_RECOVERY_STATE in package com.meizu.media.life
01-15 13:39:31.263  3437  3437 W PackageManager: Unknown permission flyme.permission.ROOT_RECOVERY_STATE in package com.meizu.media.life
01-15 13:39:31.263  3437  3437 W PackageManager: Not granting permission android.permission.CHANGE_CONFIGURATION to package com.meizu.media.life (protectionLevel=50 flags=0x38483e45)
01-15 13:39:31.264  3437  3437 W PackageManager: Not granting permission com.meizu.flyme.permission.UPDATE to package com.meizu.media.life (protectionLevel=18 flags=0x38483e45)
01-15 13:39:31.264  3437  3437 W PackageManager: Unknown permission com.meizu.flyme.push.permission.RECEIVE in package com.meizu.media.life
01-15 13:39:31.264  3437  3437 W PackageManager: Not granting permission android.permission.INSTALL_PACKAGES to package com.meizu.media.life (protectionLevel=18 flags=0x38483e45)
01-15 13:39:31.264  3437  3437 W PackageManager: Not granting permission android.permission.WRITE_SECURE_SETTINGS to package com.meizu.media.life (protectionLevel=50 flags=0x38483e45)
01-15 13:39:31.264  3437  3437 W PackageManager: Not granting permission android.permission.START_ANY_ACTIVITY to package com.meizu.media.life (protectionLevel=2 flags=0x38483e45)
01-15 13:39:31.264  3437  3437 W PackageManager: Not granting permission android.permission.PEERS_MAC_ADDRESS to package com.meizu.media.life (protectionLevel=2050 flags=0x38483e45)
01-15 13:39:31.264  3437  3437 W PackageManager: Not granting permission android.permission.READ_PRIVILEGED_PHONE_STATE to package com.meizu.media.life (protectionLevel=18 flags=0x38483e45)
01-15 13:39:31.264  3437  3437 W PackageManager: Not granting permission android.permission.STATUS_BAR to package com.meizu.media.life (protectionLevel=18 flags=0x38483e45)
01-15 13:39:31.264  3437  3437 W PackageManager: Not granting permission android.permission.REAL_GET_TASKS to package com.meizu.media.life (protectionLevel=18 flags=0x38483e45)
01-15 13:39:31.264  3437  3437 W PackageManager: Not granting permission android.permission.INTERACT_ACROSS_USERS_FULL to package com.meizu.media.life (protectionLevel=258 flags=0x38483e45)
01-15 13:39:31.265  3437  3437 W PackageManager: Not granting permission android.permission.WRITE_MEDIA_STORAGE to package com.meizu.media.life (protectionLevel=18 flags=0x38483e45)
01-15 13:39:31.265  3437  3437 W PackageManager: Not granting permission android.permission.MANAGE_NETWORK_POLICY to package com.meizu.media.life (protectionLevel=2 flags=0x38483e45)
01-15 13:39:31.265  3437  3437 W PackageManager: Not granting permission android.permission.MOUNT_UNMOUNT_FILESYSTEMS to package com.meizu.media.life (protectionLevel=18 flags=0x38483e45)
01-15 13:39:31.265  3437  3437 W PackageManager: Not granting permission com.meizu.stats.permission.READ_USAGESTATS to package com.meizu.media.life (protectionLevel=18 flags=0x38483e45)
01-15 13:39:31.265  3437  3437 W PackageManager: Not granting permission android.permission.LOCAL_MAC_ADDRESS to package com.meizu.media.life (protectionLevel=18 flags=0x38483e45)
01-15 13:39:31.265  3437  3437 W PackageManager: Unknown permission com.meizu.flyme.providers.forcetouch.permission.READ_SETTINGS in package com.meizu.media.life
01-15 13:39:31.265  3437  3437 W PackageManager: Unknown permission com.meizu.flyme.providers.forcetouch.permission.WRITE_SETTINGS in package com.meizu.media.life
01-15 13:39:31.371  3303  3303 E Netd    : netlink response contains error (File exists)
01-15 13:39:31.371  3303  3303 E Netd    : Can't add IPv4 default route to dummy0: File exists
01-15 13:39:31.373  3303  3303 D MDnsDS  : MDnsSdListener::Hander starting up
01-15 13:39:31.374  3303  3588 D MDnsDS  : MDnsSdListener starting to monitor
01-15 13:39:31.375  3303  3588 D MDnsDS  : Going to poll with pollCount 1
01-15 13:39:32.000   211   250 I ThermalDaemon: Sensor 'tsens_tz_sensor9' - alarm cleared 1 at 61.0 degC
01-15 13:39:32.001   211   247 I ThermalDaemon: Sensor 'tsens_tz_sensor6' - alarm cleared 1 at 65.0 degC
01-15 13:39:32.110  3437  3437 V PackageManager: reconcileAppsData finished 126 packages
01-15 13:39:32.111  3437  3437 V PackageManager: Disabling com.google.android.gsf/com.google.android.gsf.update.SystemUpdateActivity
01-15 13:39:32.111  3437  3437 W PackageManager: Unable to disable com.google.android.gsf/com.google.android.gsf.update.SystemUpdateActivity
01-15 13:39:32.111  3437  3437 V PackageManager: Disabling com.google.android.gsf/com.google.android.gsf.update.SystemUpdateService$Receiver
01-15 13:39:32.111  3437  3437 W PackageManager: Unable to disable com.google.android.gsf/com.google.android.gsf.update.SystemUpdateService$Receiver
01-15 13:39:32.111  3437  3437 V PackageManager: Disabling com.google.android.gsf/com.google.android.gsf.update.SystemUpdateService$SecretCodeReceiver
01-15 13:39:32.111  3437  3437 W PackageManager: Unable to disable com.google.android.gsf/com.google.android.gsf.update.SystemUpdateService$SecretCodeReceiver
01-15 13:39:32.111  3437  3437 V PackageManager: Disabling com.google.android.gsf/com.google.android.gsf.update.SystemUpdateServiceReceiver
01-15 13:39:32.111  3437  3437 W PackageManager: Unable to disable com.google.android.gsf/com.google.android.gsf.update.SystemUpdateServiceReceiver
01-15 13:39:32.111  3437  3437 V PackageManager: Disabling com.google.android.gms/com.google.android.gms.update.SystemUpdateActivity
01-15 13:39:32.111  3437  3437 W PackageManager: Unable to disable com.google.android.gms/com.google.android.gms.update.SystemUpdateActivity
01-15 13:39:32.111  3437  3437 V PackageManager: Disabling com.google.android.gms/com.google.android.gms.update.SystemUpdateService$Receiver
01-15 13:39:32.111  3437  3437 W PackageManager: Unable to disable com.google.android.gms/com.google.android.gms.update.SystemUpdateService$Receiver
01-15 13:39:32.111  3437  3437 V PackageManager: Disabling com.google.android.gms/com.google.android.gms.update.SystemUpdateService$ActiveReceiver
01-15 13:39:32.111  3437  3437 W PackageManager: Unable to disable com.google.android.gms/com.google.android.gms.update.SystemUpdateService$ActiveReceiver
01-15 13:39:32.111  3437  3437 V PackageManager: Disabling com.google.android.gms/com.google.android.gms.update.SystemUpdateService$SecretCodeReceiver
01-15 13:39:32.111  3437  3437 W PackageManager: Unable to disable com.google.android.gms/com.google.android.gms.update.SystemUpdateService$SecretCodeReceiver
01-15 13:39:32.111  3437  3437 V PackageManager: Disabling com.google.android.gms/com.google.android.gms.update.SystemUpdateServiceReceiver
01-15 13:39:32.111  3437  3437 W PackageManager: Unable to disable com.google.android.gms/com.google.android.gms.update.SystemUpdateServiceReceiver
01-15 13:39:32.111  3437  3437 V PackageManager: Enabling com.google.android.gsf/com.google.android.gsf.update.SystemUpdateService
01-15 13:39:32.112  3437  3437 W PackageManager: Unable to enable com.google.android.gsf/com.google.android.gsf.update.SystemUpdateService
01-15 13:39:32.112  3437  3437 V PackageManager: Enabling com.google.android.gms/com.google.android.gms.update.SystemUpdateService
01-15 13:39:32.112  3437  3437 W PackageManager: Unable to enable com.google.android.gms/com.google.android.gms.update.SystemUpdateService
01-15 13:39:32.921  3437  3437 E PackageDefaultOp: PackageDefaultOpService
01-15 13:39:32.922  3437  3437 E PackageDefaultOp: readList
01-15 13:39:32.922  3437  3437 E PackageDefaultOp: /data/system/testlist not exist
01-15 13:39:33.006  3437  3437 E PackageManager: There should probably be a verifier, but, none were found
01-15 13:39:33.024  3437  3437 D PackageManager: Ephemeral resolver NOT found; no matching intent filters
01-15 13:39:33.026  3437  3437 I PackageManager: Ephemeral deactivated; missing resolver and installer
01-15 13:39:33.030  3437  3437 I art     : Starting a blocking GC Explicit
01-15 13:39:33.106  3437  3437 I art     : Explicit concurrent mark sweep GC freed 55781(3MB) AllocSpace objects, 6(120KB) LOS objects, 37% free, 6MB/10MB, paused 549us total 76.300ms
01-15 13:39:33.109  3437  3437 I SystemServer: StartOtaDexOptService
01-15 13:39:33.111  3437  3437 I SystemServer: StartUserManagerService
01-15 13:39:33.111  3437  3437 I SystemServiceManager: Starting com.android.server.pm.UserManagerService$LifeCycle
01-15 13:39:33.135  3437  3437 E Shrinker: java.lang.NoSuchMethodException: readExtraMemInfo []
01-15 13:39:33.144   199   199 I lowmemorykiller: ActivityManager connected
01-15 13:39:33.147  3437  3595 D SensorService: nuSensorService starting...
01-15 13:39:33.148  3437  3437 I SystemServiceManager: Starting com.android.server.BatteryService
01-15 13:39:33.150  3437  3595 E Sensors : Couldn't open /dev/mpu6k (No such file or directory)
01-15 13:39:33.150  3437  3595 E Sensors : data filename = /sys/class/input/event2/device/
01-15 13:39:33.151  3437  3595 D Sensors : MagneticSensor start
01-15 13:39:33.151  3437  3595 E Sensors : data filename = /sys/class/input/event3/device/, data_fd=72
01-15 13:39:33.151  3437  3595 D Sensors : OrientationSensor start
01-15 13:39:33.151  3437  3595 D Sensors : LightSensor start
01-15 13:39:33.151  3437  3595 E Sensors : data filename = /sys/class/input/event6/device/, data_fd=73
01-15 13:39:33.151  3437  3595 D Sensors : ProximitySensor start
01-15 13:39:33.151  3437  3595 E Sensors : data filename = /sys/class/input/event5/device/, data_fd=74
01-15 13:39:33.151  3437  3595 D Sensors : activate: acc_enable=0, mag_enable=0
01-15 13:39:33.151  3437  3595 D Sensors : activate: handle=0, enabled=0
01-15 13:39:33.151  3437  3595 D Sensors : activate: acc_enable=0, mag_enable=0
01-15 13:39:33.151  3437  3595 D Sensors : activate: handle=5, enabled=0
01-15 13:39:33.151  3437  3595 D Sensors : activate: acc_enable=0, mag_enable=0
01-15 13:39:33.151  3437  3595 D Sensors : activate: handle=1, enabled=0
01-15 13:39:33.151  3437  3595 D Sensors : MagneticSensor enable = 0
01-15 13:39:33.151  3437  3595 D Sensors : MagneticSensor enableSensor = 0
01-15 13:39:33.151  3437  3595 D Sensors : activate: acc_enable=0, mag_enable=0
01-15 13:39:33.151  3437  3595 D Sensors : activate: handle=4, enabled=0
01-15 13:39:33.151  3437  3595 D Sensors : LightSensor enable = 0
01-15 13:39:33.151  3437  3595 D Sensors : activate: acc_enable=0, mag_enable=0
01-15 13:39:33.151  3437  3595 D Sensors : activate: handle=3, enabled=0
01-15 13:39:33.151  3437  3595 D Sensors : ProximitySensor enable = 0
01-15 13:39:33.153  3437  3597 D SensorService: nuSensorService thread starting...
01-15 13:39:33.157  3437  3596 D SensorService: new thread SensorEventAckReceiver
01-15 13:39:33.168  3437  3473 E BatteryStatsService: power: Missing API
01-15 13:39:33.171  3437  3437 I SystemServiceManager: Starting com.android.server.usage.UsageStatsService
01-15 13:39:33.186  3437  3437 I SystemServiceManager: Starting com.android.server.webkit.WebViewUpdateService
01-15 13:39:33.202  3437  3437 I SystemServer: Reading configuration...
01-15 13:39:33.202  3437  3437 I SystemServer: StartSchedulingPolicyService
01-15 13:39:33.206  3437  3437 I SystemServiceManager: Starting com.android.server.telecom.TelecomLoaderService
01-15 13:39:33.207  3437  3437 I SystemServer: StartTelephonyRegistry
01-15 13:39:33.215  3437  3437 I SystemServer: StartEntropyMixer
01-15 13:39:33.220  3437  3437 I EntropyMixer: Added HW RNG output to entropy pool
01-15 13:39:33.220  3437  3437 I EntropyMixer: Writing entropy...
01-15 13:39:33.477  3437  3437 I SystemServer: Camera Service
01-15 13:39:33.478  3437  3437 I SystemServiceManager: Starting com.android.server.camera.CameraService
01-15 13:39:33.488  3437  3602 I ServiceThread: Enabled StrictMode logging for CameraService_proxy looper.
01-15 13:39:33.493  3437  3437 I SystemServer: StartAccountManagerService
01-15 13:39:33.495  3437  3437 I SystemServiceManager: Starting com.android.server.accounts.AccountManagerService$Lifecycle
01-15 13:39:33.519  3437  3437 I SystemServer: StartContentService
01-15 13:39:33.520  3437  3437 I SystemServiceManager: Starting com.android.server.content.ContentService$Lifecycle
01-15 13:39:33.523  3437  3437 I SystemServer: InstallSystemProviders
01-15 13:39:33.527  3437  3437 W System  : ClassLoader referenced unknown path: /system/priv-app/SettingsProvider/lib/arm
01-15 13:39:33.558  3437  3437 W System  : ClassLoader referenced unknown path: /system/priv-app/Telecom/lib/arm
01-15 13:39:33.560  3437  3437 D ApplicationLoaders: ignored Vulkan layer search path /system/priv-app/Telecom/lib/arm:/system/fake-libs:/system/priv-app/Telecom/Telecom.apk!/lib/armeabi-v7a:/system/lib:/vendor/lib for namespace 0xb6c830d0
01-15 13:39:33.577  3437  3437 I SystemServer: StartVibratorService
01-15 13:39:33.581  3437  3437 I SystemServer: StartConsumerIrService
01-15 13:39:33.583  3437  3437 I SystemServer: StartAlarmManagerService
01-15 13:39:33.583  3437  3437 I SystemServiceManager: Starting com.android.server.AlarmManagerService
01-15 13:39:33.586  3437  3437 D AlarmManagerService: Kernel timezone updated to -480 minutes west of GMT
01-15 13:39:33.591  3437  3437 I SystemServer: InitWatchdog
01-15 13:39:33.592  3437  3437 I SystemServer: StartInputManagerService
01-15 13:39:33.592  3437  3437 I InputManager: Initializing input manager, mUseDevInputEventForAudioJack=false
01-15 13:39:33.594  3437  3437 I SystemServer: StartWindowManagerService
01-15 13:39:33.608  3437  3484 I WindowManager: No existing display settings /data/system/display_settings.xml; starting empty
01-15 13:39:33.627  3437  3471 I CameraManagerGlobal: Connecting to camera service
01-15 13:39:33.641  3437  3471 E ActivityThread: Failed to find provider info for cmsettings
01-15 13:39:33.642  3437  3471 E AndroidRuntime: *** FATAL EXCEPTION IN SYSTEM PROCESS: android.ui
01-15 13:39:33.642  3437  3471 E AndroidRuntime: java.lang.NullPointerException: Attempt to invoke interface method 'android.os.Bundle android.content.IContentProvider.call(java.lang.String, java.lang.String, java.lang.String, android.os.Bundle)' on a null object reference
01-15 13:39:33.642  3437  3471 E AndroidRuntime: 	at cyanogenmod.providers.CMSettings$NameValueCache.getStringForUser(CMSettings.java:243)
01-15 13:39:33.642  3437  3471 E AndroidRuntime: 	at cyanogenmod.providers.CMSettings$System.getStringForUser(CMSettings.java:517)
01-15 13:39:33.642  3437  3471 E AndroidRuntime: 	at cyanogenmod.providers.CMSettings$System.getIntForUser(CMSettings.java:562)
01-15 13:39:33.642  3437  3471 E AndroidRuntime: 	at com.android.server.policy.PhoneWindowManager.updateKeyAssignments(PhoneWindowManager.java:2285)
01-15 13:39:33.642  3437  3471 E AndroidRuntime: 	at com.android.server.policy.PhoneWindowManager.init(PhoneWindowManager.java:2097)
01-15 13:39:33.642  3437  3471 E AndroidRuntime: 	at com.android.server.wm.WindowManagerService$4.run(WindowManagerService.java:957)
01-15 13:39:33.642  3437  3471 E AndroidRuntime: 	at android.os.Handler$BlockingRunnable.run(Handler.java:771)
01-15 13:39:33.642  3437  3471 E AndroidRuntime: 	at android.os.Handler.handleCallback(Handler.java:751)
01-15 13:39:33.642  3437  3471 E AndroidRuntime: 	at android.os.Handler.dispatchMessage(Handler.java:95)
01-15 13:39:33.642  3437  3471 E AndroidRuntime: 	at android.os.Looper.loop(Looper.java:154)
01-15 13:39:33.642  3437  3471 E AndroidRuntime: 	at android.os.HandlerThread.run(HandlerThread.java:61)
01-15 13:39:33.642  3437  3471 E AndroidRuntime: 	at com.android.server.ServiceThread.run(ServiceThread.java:46)
01-15 13:39:33.644  3437  3471 I Process : Sending signal. PID: 3437 SIG: 9
01-15 13:39:33.664   217   217 E         : eof
01-15 13:39:33.664   217   217 E         : failed to read size
01-15 13:39:33.664   217   217 I         : closing connection
01-15 13:39:33.664   200   200 I ServiceManager: service 'package' died
01-15 13:39:33.664   200   200 I ServiceManager: service 'otadexopt' died
01-15 13:39:33.664   200   200 I ServiceManager: service 'user' died
01-15 13:39:33.664   200   200 I ServiceManager: service 'activity' died
01-15 13:39:33.664   200   200 I ServiceManager: service 'procstats' died
01-15 13:39:33.664   200   200 I ServiceManager: service 'meminfo' died
01-15 13:39:33.664   200   200 I ServiceManager: service 'gfxinfo' died
01-15 13:39:33.665   200   200 I ServiceManager: service 'dbinfo' died
01-15 13:39:33.665   200   200 I ServiceManager: service 'cpuinfo' died
01-15 13:39:33.665   200   200 I ServiceManager: service 'permission' died
01-15 13:39:33.665   200   200 I ServiceManager: service 'processinfo' died
01-15 13:39:33.665   200   200 I ServiceManager: service 'sensorservice' died
01-15 13:39:33.665   200   200 I ServiceManager: service 'battery' died
01-15 13:39:33.665   200   200 I ServiceManager: service 'usagestats' died
01-15 13:39:33.665   200   200 I ServiceManager: service 'webviewupdate' died
01-15 13:39:33.665   200   200 I ServiceManager: service 'scheduling_policy' died
01-15 13:39:33.665   200   200 I ServiceManager: service 'telephony.registry' died
01-15 13:39:33.665   200   200 I ServiceManager: service 'media.camera.proxy' died
01-15 13:39:33.665   200   200 I ServiceManager: service 'account' died
01-15 13:39:33.665   200   200 I ServiceManager: service 'content' died
01-15 13:39:33.665   200   200 I ServiceManager: service 'vibrator' died
01-15 13:39:33.665   200   200 I ServiceManager: service 'consumer_ir' died
01-15 13:39:33.665   200   200 I ServiceManager: service 'alarm' died
01-15 13:39:33.665   200   200 I ServiceManager: service 'batterystats' died
01-15 13:39:33.665   200   200 I ServiceManager: service 'appops' died
01-15 13:39:33.665   200   200 I ServiceManager: service 'power' died
01-15 13:39:33.665   200   200 I ServiceManager: service 'display' died
01-15 13:39:33.716   199   199 I lowmemorykiller: ActivityManager disconnected
01-15 13:39:33.716   199   199 I lowmemorykiller: Closing Activity Manager data connection
01-15 13:39:33.838  3300  3300 E Zygote  : Exit zygote because system server (3437) has terminated
01-15 13:39:33.887   200   200 I ServiceManager: service 'media.player' died
01-15 13:39:33.888   200   200 I ServiceManager: service 'media.resource_manager' died
01-15 13:39:33.888   200   200 I ServiceManager: service 'media.camera' died
01-15 13:39:33.891   200   200 I ServiceManager: service 'netd' died
01-15 13:39:33.892   200   200 I ServiceManager: service 'media.audio_flinger' died
01-15 13:39:33.892   200   200 I ServiceManager: service 'media.audio_policy' died
01-15 13:39:33.892   200   200 I ServiceManager: service 'media.radio' died
01-15 13:39:33.892   200   200 I ServiceManager: service 'media.sound_trigger_hw' died
01-15 13:39:34.007  3608  3608 I Netd    : Netd 1.0 starting
