01-15 13:38:58.103   202  2386 E mm-camera: config_proc_CAMERA_SET_LOW_POWER_MODE Low power mode enabled? : No 
01-15 13:38:58.104   202  2386 E mm-camera: config_proc_CAMERA_SET_DIS_ENABLE: DIS Enabled? : No 
01-15 13:38:58.143  2370  2436 I chatty  : uid=1013(media) /system/bin/mediaserver expire 3 lines
01-15 13:38:58.146  2370  2437 I chatty  : uid=1013(media) /system/bin/mediaserver expire 4 lines
01-15 13:38:58.148  2370  2435 I chatty  : uid=1013(media) /system/bin/mediaserver expire 3 lines
01-15 13:38:58.169   202  2386 E mm-camera: config_proc_CAMERA_SET_LOW_POWER_MODE Low power mode enabled? : No 
01-15 13:38:58.169   202  2386 E mm-camera: config_proc_CAMERA_SET_DIS_ENABLE: DIS Enabled? : No 
01-15 13:38:58.194   202  2386 E mm-camera: config_shutdown_pp Camera not in streaming mode. Returning. 
01-15 13:38:58.195   202  2386 E mm-camera: vfe_ops_deinit: E
01-15 13:38:58.447   202  2447 E mm-camera: Samsung cam_mctl_thread: set camera_id =1
01-15 13:38:58.448   202  2447 E mm-camera: mctl_store_curr_target Current target is 1 id = 154
01-15 13:38:58.448   202   202 E mm-camera: camera_plugin_client_open: plugin client open exit, rc = 0
01-15 13:38:58.464   202  2447 E mm-camera: sensor_load_chromatix: libchromatix_s5k6a3yx_preview.so: 32
01-15 13:38:58.464   202  2447 E mm-camera: vendor/qcom/proprietary/mm-camera/server/chromatix/0208/libchromatix/chromatix_s5k6a3yx/preview/chromatix_s5k6a3yx_preview.c:load_chromatix:57
01-15 13:38:58.464   202  2447 E mm-camera: load_chromatix:61: chromatix_version=520
01-15 13:38:58.464   202  2447 E mm-camera: #QCT 1 # chromatix_s5k6a3yx_preview.dat : open -1 
01-15 13:38:58.464   202  2447 E mm-camera: load_chromatix:93: chromatix_version=520
01-15 13:38:58.465   202  2447 E mm-camera: camera_plugin_client_private_ioctl_to_plugin: received private ioctl
01-15 13:38:58.465   202  2447 E mm-camera: camera_plugin_grant_pix_interface Support simultaneous camera 0 Sensor type 0 BAYER 0
01-15 13:38:58.465   202  2447 E mm-camera: camera_plugin_grant_pix_interface Support simultaneous camera 0 Sensor type 0
01-15 13:38:58.465   202  2447 E mm-camera: SADA  camera_plugin_grant_pix_interface 0
01-15 13:38:58.466   202  2447 E mm-camera: axi_client_init axi client 0
01-15 13:38:58.466   202  2447 E mm-camera:  
01-15 13:38:58.480   202  2447 E mm-camera: vfe_ops_init: E
01-15 13:38:58.480   202  2447 E mm-camera: Samsung mctl_init_comps: call vfe set_params, version =0
01-15 13:38:58.481   202  2447 E mm-camera: Samsung vfe_set_params: version =0
01-15 13:38:58.481   202  2447 E mm-camera: axi_set_params: begin, axi_obj_idx = 124
01-15 13:38:58.481   202  2447 E mm-camera: axi_set_params: begin, axi_obj_idx = 124
01-15 13:38:58.481   202  2447 E mm-camera: axi_set_params: begin, axi_obj_idx = 0
01-15 13:38:58.481   202  2447 E mm-camera: axi_set_params: wm0: ub_offset 0 ub_size 130
01-15 13:38:58.481   202  2447 E mm-camera: axi_set_params: wm1: ub_offset 131 ub_size 130
01-15 13:38:58.481   202  2447 E mm-camera: axi_set_params: wm2: ub_offset 262 ub_size 130
01-15 13:38:58.481   202  2447 E mm-camera: axi_set_params: wm3: ub_offset 393 ub_size 130
01-15 13:38:58.481   202  2447 E mm-camera: axi_set_params: wm4: ub_offset 524 ub_size 130
01-15 13:38:58.481   202  2447 E mm-camera: axi_set_params: wm5: ub_offset 655 ub_size 130
01-15 13:38:58.481   202  2447 E mm-camera: axi_set_params: wm6: ub_offset 786 ub_size 130
01-15 13:38:58.481   202  2447 E mm-camera: mctl_init_stats_proc_info: snap_max_line_cnt =34800
01-15 13:38:58.481   202  2447 E mm-camera: eeprom_init: [shchang : CAL] Starting EEPROM Init
01-15 13:38:58.482   202  2447 E mm-camera: eeprom_get_info: eeprom Support: 1
01-15 13:38:58.482   202  2447 E mm-camera: Samsung mctl_init_comps: call vfe module init, version =0
01-15 13:38:58.487   202  2447 E mm-camera: vfe_legacy_stats_buffer_init: AEC_STATS_BUFNUM
01-15 13:38:58.487   202  2447 E mm-camera: vfe_legacy_stats_buffer_init: AEC_STATS_BUFNUM
01-15 13:38:58.488   202  2447 E mm-camera: [739] Front Camera Return
01-15 13:38:58.489   202  2447 W linker  : /system/lib/libmmcamera_faceproc.so has text relocations. This is wasting memory and prevents security hardening. Please fix.
01-15 13:38:58.489   202  2447 E mm-camera: config_proc_CAMERA_GET_CAPABILITIES: prop->max_pict_width 1392  prop->max_pict_height 1392
01-15 13:38:58.495   202  2447 E mm-camera: config_proc_native_ctrl_cmd: CAMERA_SET_PARM_DIMENSION called
01-15 13:38:58.495   202  2447 E mm-camera: axi_set_params: begin, axi_obj_idx = 0
01-15 13:38:58.495   202  2447 E mm-camera: axi_set_params: begin, axi_obj_idx = 0
01-15 13:38:58.495   202  2447 E mm-camera: axi_set_params: begin, axi_obj_idx = 0
01-15 13:38:58.495   202  2447 E mm-camera: axi_set_params: begin, axi_obj_idx = 0
01-15 13:38:58.495   202  2447 E mm-camera: config_validate_dimension: RDI 0: W X H: 1392 X 1392, RDI 1: W X H: 1392 X 696
01-15 13:38:58.495   202  2447 E mm-camera: config_validate_dimension: RDI2: W X H: 0 X 0
01-15 13:38:58.499   202  2447 E mm-camera: config_proc_CAMERA_SET_LOW_POWER_MODE Low power mode enabled? : No 
01-15 13:38:58.499   202  2447 E mm-camera: config_proc_CAMERA_SET_DIS_ENABLE: DIS Enabled? : No 
01-15 13:38:58.502   202  2447 E mm-camera: sensor_util_set_frame_rate
01-15 13:38:58.511   202  2447 E mm-camera: sensor_util_set_frame_rate
01-15 13:38:58.513   202  2447 E mm-camera: sensor_util_set_frame_rate
01-15 13:38:58.515   202  2447 E mm-camera: config_proc_CAMERA_SET_FLIP_HINT rc = 1, status = 1, 
01-15 13:38:58.517  2370  2458 I chatty  : uid=1013(media) /system/bin/mediaserver expire 3 lines
01-15 13:38:58.517  2370  2460 I chatty  : uid=1013(media) /system/bin/mediaserver expire 4 lines
01-15 13:38:58.529  2370  2459 I chatty  : uid=1013(media) /system/bin/mediaserver expire 3 lines
01-15 13:38:58.549  2369  2369 I chatty  : uid=0(root) expire 109 lines
01-15 13:38:58.589   202  2447 E mm-camera: config_shutdown_pp Camera not in streaming mode. Returning. 
01-15 13:38:58.590   202  2447 E mm-camera: vfe_ops_deinit: E
01-15 13:39:00.186  2369  2470 I chatty  : uid=0(root) expire 1 line
01-15 13:39:00.195  2369  2369 I chatty  : uid=0(root) expire 3 lines
01-15 13:39:00.272  2538  2538 I chatty  : uid=1000 system_server expire 392 lines
01-15 13:39:00.273   217   217 I chatty  : uid=0(root) /system/bin/installd expire 5 lines
01-15 13:39:00.295  2538  2538 W art     : Found duplicate classes, falling back to interpreter mode for /system/framework/wifi-service.jar
01-15 13:39:00.295  2538  2538 W art     : Found duplicated class when checking oat files: 'Lcom/google/protobuf/nano/MessageNano;' in /system/framework/wifi-service.jar and /system/framework/services.jar
01-15 13:39:00.387  2372  2393 W BatteryNotifier: batterystats service unavailable!
01-15 13:39:00.390  2372  2395 W BatteryNotifier: batterystats service unavailable!
01-15 13:39:00.391  2372  2399 W BatteryNotifier: batterystats service unavailable!
01-15 13:39:00.685  2538  2538 W art     : Class com.android.server.am.ActivityManagerService failed lock verification and will run slower.
01-15 13:39:00.685  2538  2538 W art     : Common causes for lock verification issues are non-optimized dex code
01-15 13:39:00.685  2538  2538 W art     : and incorrect proguard optimizations.
01-15 13:39:00.704  2538  2538 W art     : Class com.android.server.am.ActivityManagerService$MainHandler failed lock verification and will run slower.
01-15 13:39:00.705  2538  2569 I chatty  : uid=1000 system_server expire 1 line
01-15 13:39:00.707  2538  2570 I chatty  : uid=1000 system_server expire 1 line
01-15 13:39:00.896  2538  2584 I chatty  : uid=1000 system_server expire 3 lines
01-15 13:39:00.904  2538  2586 I chatty  : uid=1000 system_server expire 1 line
01-15 13:39:00.907  2538  2538 I PowerHAL: power_init
01-15 13:39:00.907  2538  2538 I libsuspend: Selected early suspend
01-15 13:39:00.907  2538  2538 I libsuspend: Starting early suspend unblocker thread
01-15 13:39:00.907  2538  2538 D PowerHAL: power_set_interactive: no power profile selected yet
01-15 13:39:00.926   201   291 I SurfaceFlinger: HDR is not supported on display: 0
01-15 13:39:00.928   201   201 D SurfaceFlinger: Set power mode=2, type=0 flinger=0xb6928000
01-15 13:39:00.928   201   201 D SurfaceFlinger: Screen type=0 is already mode=2
01-15 13:39:01.522  2538  2538 E art     : DexFile_getDexOptNeeded file '/system/framework/org.apache.http.legacy.jar' does not exist
01-15 13:39:01.525  2538  2538 D PackageManager: No files in app dir /vendor/overlay
01-15 13:39:01.525  2538  2538 D PackageManager: start scanDirLI:/system/framework
01-15 13:39:01.525  2538  2538 D PackageManager: max thread:6
01-15 13:39:01.531  2538  2618 I chatty  : uid=1000 system_server expire 13 lines
01-15 13:39:01.569  2538  2620 I chatty  : uid=1000 system_server expire 24 lines
01-15 13:39:01.641  2538  2538 D PackageManager: end scanDirLI:/system/framework
01-15 13:39:01.642  2538  2538 D PackageManager: start scanDirLI:/system/priv-app
01-15 13:39:01.642  2538  2538 D PackageManager: max thread:6
01-15 13:39:01.786  2371  2371 I chatty  : uid=0(root) /system/bin/netd expire 15 lines
01-15 13:39:01.792  2538  2619 I chatty  : uid=1000 system_server expire 25 lines
01-15 13:39:01.809  2538  2625 I chatty  : uid=1000 system_server expire 21 lines
01-15 13:39:01.827  2538  2626 I chatty  : uid=1000 system_server expire 21 lines
01-15 13:39:01.899  2538  2624 I chatty  : uid=1000 system_server expire 19 lines
01-15 13:39:02.565  2371  2657 I chatty  : uid=0(root) /system/bin/netd expire 2 lines
01-15 13:39:02.734  2538  2538 D PackageManager: end scanDirLI:/system/priv-app
01-15 13:39:02.735  2538  2538 D PackageManager: start scanDirLI:/system/app
01-15 13:39:02.735  2538  2538 D PackageManager: max thread:6
01-15 13:39:03.439  2538  2538 D PackageManager: end scanDirLI:/system/app
01-15 13:39:03.439  2538  2538 D PackageManager: No files in app dir /system/vendor/app
01-15 13:39:03.440  2538  2538 D PackageManager: No files in app dir /oem/app
01-15 13:39:03.441  2538  2538 D PackageManager: No files in app dir /data/app
01-15 13:39:03.441  2538  2538 D PackageManager: No files in app dir /data/app-private
01-15 13:39:03.441  2538  2538 D PackageManager: No files in app dir /data/app-ephemeral
01-15 13:39:03.451   217   217 I chatty  : uid=0(root) /system/bin/installd expire 1 line
01-15 13:39:03.508  2538  2538 I chatty  : uid=1000 system_server expire 2 lines
01-15 13:39:03.508  2538  2538 W PackageManager: Not granting permission com.meizu.flyme.permission.UPDATE to package com.meizu.flyme.mall (protectionLevel=18 flags=0x3848be45)
01-15 13:39:03.508  2538  2538 W PackageManager: Not granting permission android.permission.INTERACT_ACROSS_USERS to package com.meizu.flyme.mall (protectionLevel=50 flags=0x3848be45)
01-15 13:39:03.508  2538  2538 W PackageManager: Unknown permission com.meizu.flyme.push.permission.RECEIVE in package com.meizu.flyme.mall
01-15 13:39:03.508  2538  2538 W PackageManager: Not granting permission com.meizu.stats.permission.READ_USAGESTATS to package com.meizu.flyme.mall (protectionLevel=18 flags=0x3848be45)
01-15 13:39:03.508  2538  2538 W PackageManager: Not granting permission android.permission.LOCAL_MAC_ADDRESS to package com.meizu.flyme.mall (protectionLevel=18 flags=0x3848be45)
01-15 13:39:03.508  2538  2538 W PackageManager: Unknown permission android.permission.ROOT_RECOVERY_STATE in package com.meizu.flyme.mall
01-15 13:39:03.508  2538  2538 W PackageManager: Unknown permission flyme.permission.ROOT_RECOVERY_STATE in package com.meizu.flyme.mall
01-15 13:39:03.509  2538  2538 W PackageManager: Not granting permission android.permission.REAL_GET_TASKS to package com.meizu.flyme.mall (protectionLevel=18 flags=0x3848be45)
01-15 13:39:03.509  2538  2538 W PackageManager: Unknown permission flyme.permission.ROOT_RECOVERY_STATE in package com.meizu.voiceassistant
01-15 13:39:03.509  2538  2538 W PackageManager: Unknown permission com.meizu.flyme.push.permission.RECEIVE in package com.meizu.voiceassistant
01-15 13:39:03.509  2538  2538 W PackageManager: Unknown permission android.permission.ROOT_RECOVERY_STATE in package com.meizu.voiceassistant
01-15 13:39:03.510  2538  2538 W PackageManager: Unknown permission com.meizu.flyme.push.permission.RECEIVE in package com.meizu.cloud
01-15 13:39:03.510  2538  2538 W PackageManager: Unknown permission android.permission.ROOT_RECOVERY_STATE in package com.meizu.cloud
01-15 13:39:03.510  2538  2538 W PackageManager: Unknown permission flyme.permission.ROOT_RECOVERY_STATE in package com.meizu.cloud
01-15 13:39:03.510  2538  2538 W PackageManager: Unknown permission android.permission.READ_SMS_SUPER in package com.meizu.setup
01-15 13:39:03.510  2538  2538 W PackageManager: Unknown permission android.provider.Telephony.SMS_RECEIVED in package com.meizu.setup
01-15 13:39:03.510  2538  2538 W PackageManager: Unknown permission android.permission.ROOT_RECOVERY_STATE in package com.meizu.setup
01-15 13:39:03.511  2538  2538 W PackageManager: Unknown permission com.google.android.gallery3d.permission.GALLERY_PROVIDER in package com.meizu.share
01-15 13:39:03.511  2538  2538 W PackageManager: Unknown permission com.android.gallery3d.permission.GALLERY_PROVIDER in package com.meizu.share
01-15 13:39:03.511  2538  2538 W PackageManager: Unknown permission com.google.android.gm.permission.READ_GMAIL in package com.meizu.share
01-15 13:39:03.511  2538  2538 W PackageManager: Unknown permission com.meizu.flyme.push.permission.RECEIVE in package com.meizu.share
01-15 13:39:03.511  2538  2538 W PackageManager: Unknown permission flyme.permission.ROOT_RECOVERY_STATE in package com.meizu.share
01-15 13:39:03.511  2538  2538 W PackageManager: Unknown permission android.permission.ROOT_RECOVERY_STATE in package com.meizu.share
01-15 13:39:03.511  2538  2538 W PackageManager: Unknown permission com.android.launcher.permission.READ_SETTINGS in package com.meizu.flyme.easylauncher
01-15 13:39:03.512  2538  2538 W PackageManager: Unknown permission com.android.launcher.permission.WRITE_SETTINGS in package com.meizu.flyme.easylauncher
01-15 13:39:03.512  2538  2538 W PackageManager: Unknown permission android.permission.ROOT_RECOVERY_STATE in package com.meizu.flyme.easylauncher
01-15 13:39:03.512  2538  2538 W PackageManager: Unknown permission flyme.permission.ROOT_RECOVERY_STATE in package com.meizu.flyme.easylauncher
01-15 13:39:03.512  2538  2538 W PackageManager: Unknown permission com.qualcomm.permission.UIM_REMOTE_CLIENT in package com.flyme.virtual.softsim
01-15 13:39:03.512  2538  2538 W PackageManager: Unknown permission com.android.vendors.bridge.permission.USE_SOFTSIM in package com.flyme.virtual.softsim
01-15 13:39:03.512  2538  2538 W PackageManager: Unknown permission android.permission.ROOT_RECOVERY_STATE in package com.flyme.virtual.softsim
01-15 13:39:03.513  2538  2538 W PackageManager: Unknown permission com.google.android.googleapps.permission.GOOGLE_AUTH in package com.android.settings
01-15 13:39:03.513  2538  2538 W PackageManager: Unknown permission com.android.launcher.permission.READ_SETTINGS in package com.android.settings
01-15 13:39:03.513  2538  2538 W PackageManager: Unknown permission com.android.launcher.permission.WRITE_SETTINGS in package com.android.settings
01-15 13:39:03.513  2538  2538 W PackageManager: Unknown permission meizu.permission.BIND_PRIVACY_CONTROLER in package com.android.settings
01-15 13:39:03.513  2538  2538 W PackageManager: Unknown permission meizu.permission.SWITCH_SYSTEM_MODES in package com.android.settings
01-15 13:39:03.513  2538  2538 W PackageManager: Unknown permission android.permission.ROOT_RECOVERY_STATE in package com.meizu.battery
01-15 13:39:03.513  2538  2538 W PackageManager: Unknown permission flyme.permission.ROOT_RECOVERY_STATE in package com.meizu.battery
01-15 13:39:03.514  2538  2538 W PackageManager: Unknown permission flyme.permission.ROOT_RECOVERY_STATE in package com.meizu.mzsyncservice
01-15 13:39:03.514  2538  2538 W PackageManager: Unknown permission com.meizu.flyme.push.permission.RECEIVE in package com.meizu.mzsyncservice
01-15 13:39:03.514  2538  2538 W PackageManager: Unknown permission android.permission.ROOT_RECOVERY_STATE in package com.meizu.mzsyncservice
01-15 13:39:03.514  2538  2538 W PackageManager: Not granting permission android.permission.BATTERY_STATS to package com.vlife.mxlock.wallpaper (protectionLevel=50 flags=0x38083e45)
01-15 13:39:03.515  2538  2538 W PackageManager: Unknown permission com.meizu.flyme.push.permission.RECEIVE in package com.meizu.flyme.input
01-15 13:39:03.515  2538  2538 W PackageManager: Unknown permission com.meizu.flyme.subdisplay.permission.GLINT_EVENT in package com.meizu.flyme.input
01-15 13:39:03.515  2538  2538 W PackageManager: Not granting permission android.permission.START_ANY_ACTIVITY to package com.meizu.flyme.input (protectionLevel=2 flags=0x38483e45)
01-15 13:39:03.515  2538  2538 W PackageManager: Not granting permission android.permission.INTERACT_ACROSS_USERS_FULL to package com.meizu.flyme.input (protectionLevel=258 flags=0x38483e45)
01-15 13:39:03.515  2538  2538 W PackageManager: Unknown permission android.permission.WRITE_SYSTEM_SETTINGS in package com.meizu.flyme.input
01-15 13:39:03.515  2538  2538 W PackageManager: Unknown permission android.permission.ROOT_RECOVERY_STATE in package com.meizu.flyme.input
01-15 13:39:03.515  2538  2538 W PackageManager: Unknown permission flyme.permission.ROOT_RECOVERY_STATE in package com.meizu.flyme.input
01-15 13:39:03.516  2538  2538 W PackageManager: Unknown permission android.permission.ROOT_RECOVERY_STATE in package com.android.email
01-15 13:39:03.516  2538  2538 W PackageManager: Unknown permission flyme.permission.ROOT_RECOVERY_STATE in package com.android.email
01-15 13:39:03.516  2538  2538 W PackageManager: Unknown permission com.meizu.flyme.push.permission.RECEIVE in package com.android.email
01-15 13:39:03.516  2538  2538 W PackageManager: Unknown permission com.meizu.flyme.providers.forcetouch.permission.READ_SETTINGS in package com.android.email
01-15 13:39:03.516  2538  2538 W PackageManager: Unknown permission com.meizu.flyme.providers.forcetouch.permission.WRITE_SETTINGS in package com.android.email
01-15 13:39:03.517  2538  2538 W PackageManager: Unknown permission android.permission.ROOT_RECOVERY_STATE in package com.meizu.flyme.service.find
01-15 13:39:03.517  2538  2538 W PackageManager: Unknown permission flyme.permission.ROOT_RECOVERY_STATE in package com.meizu.flyme.service.find
01-15 13:39:03.518  2538  2538 W PackageManager: Unknown permission com.mediatek.ppl.permission.ACCESS_PPL_MANAGER in package com.android.phone
01-15 13:39:03.518  2538  2538 W PackageManager: Unknown permission android.permission.READ_REJECT in package com.android.phone
01-15 13:39:03.518  2538  2538 W PackageManager: Unknown permission com.meizu.flyme.push.permission.RECEIVE in package com.android.phone
01-15 13:39:03.518  2538  2538 W PackageManager: Unknown permission meizu.permission.FLYME_TELECOM in package com.android.phone
01-15 13:39:03.518  2538  2538 W PackageManager: Unknown permission meizu.permission.CALLBACK_OPEN in package com.android.phone
01-15 13:39:03.518  2538  2538 W PackageManager: Unknown permission meizu.permission.FLYME_TELECOM_PROVIDER_READ in package com.android.phone
01-15 13:39:03.519  2538  2538 W PackageManager: Unknown permission android.permission.ROOT_RECOVERY_STATE in package com.meizu.customizecenter
01-15 13:39:03.519  2538  2538 W PackageManager: Unknown permission flyme.permission.ROOT_RECOVERY_STATE in package com.meizu.customizecenter
01-15 13:39:03.519  2538  2538 W PackageManager: Unknown permission com.meizu.flyme.providers.forcetouch.permission.READ_SETTINGS in package com.meizu.customizecenter
01-15 13:39:03.519  2538  2538 W PackageManager: Unknown permission com.meizu.flyme.providers.forcetouch.permission.WRITE_SETTINGS in package com.meizu.customizecenter
01-15 13:39:03.520  2538  2538 W PackageManager: Unknown permission com.meizu.flyme.push.permission.RECEIVE in package com.meizu.customizecenter
01-15 13:39:03.520  2538  2538 W PackageManager: Unknown permission com.meizu.c2dm.permission.RECEIVE in package com.meizu.customizecenter
01-15 13:39:03.520  2538  2538 W PackageManager: Unknown permission com.meizu.compaign.permission.READ_SDK_INFO in package com.meizu.customizecenter
01-15 13:39:03.520  2538  2538 W PackageManager: Unknown permission com.meizu.compaign.permission.SEND_NOTIFICATION in package com.meizu.customizecenter
01-15 13:39:03.520  2538  2538 W PackageManager: Unknown permission android.permission.ROOT_RECOVERY_STATE in package com.meizu.flyme.gamecenter
01-15 13:39:03.520  2538  2538 W PackageManager: Unknown permission flyme.permission.ROOT_RECOVERY_STATE in package com.meizu.flyme.gamecenter
01-15 13:39:03.520  2538  2538 W PackageManager: Unknown permission com.meizu.flyme.push.permission.RECEIVE in package com.meizu.flyme.gamecenter
01-15 13:39:03.520  2538  2538 W PackageManager: Unknown permission com.meizu.c2dm.permission.RECEIVE in package com.meizu.flyme.gamecenter
01-15 13:39:03.520  2538  2538 W PackageManager: Unknown permission com.meizu.compaign.permission.READ_SDK_INFO in package com.meizu.flyme.gamecenter
01-15 13:39:03.520  2538  2538 W PackageManager: Unknown permission com.meizu.compaign.permission.SEND_NOTIFICATION in package com.meizu.flyme.gamecenter
01-15 13:39:03.521  2538  2538 W PackageManager: Unknown permission com.fingerprints.service.ACCESS_FINGERPRINT_MANAGER in package com.android.systemui
01-15 13:39:03.521  2538  2538 W PackageManager: Unknown permission android.Manifest.permission.FORCE_STOP_PACKAGES in package com.android.systemui
01-15 13:39:03.521  2538  2538 W PackageManager: Unknown permission flyme.permission.ROOT_RECOVERY_STATE in package com.android.systemui
01-15 13:39:03.521  2538  2538 W PackageManager: Unknown permission meizu.permission.SWITCH_SYSTEM_MODES in package com.android.systemui
01-15 13:39:03.521  2538  2538 W PackageManager: Unknown permission android.Manifest.permission.READ_PRIVILEGED_PHONE_STATE in package com.android.systemui
01-15 13:39:03.521  2538  2538 W PackageManager: Unknown permission android.permission.ROOT_RECOVERY_STATE in package com.android.systemui
01-15 13:39:03.522  2538  2538 W PackageManager: Unknown permission android.permission.SET_APPLICATION_ERROR_LISTENER in package com.meizu.experiencedatasync
01-15 13:39:03.522  2538  2538 W PackageManager: Unknown permission com.android.usagestats.permission.READ_USAGESTATS in package com.meizu.experiencedatasync
01-15 13:39:03.522  2538  2538 W PackageManager: Unknown permission com.android.usagestats.permission.WRITE_USAGESTATS in package com.meizu.experiencedatasync
01-15 13:39:03.522  2538  2538 W PackageManager: Unknown permission flyme.permission.ROOT_RECOVERY_STATE in package com.meizu.experiencedatasync
01-15 13:39:03.522  2538  2538 W PackageManager: Unknown permission com.android.voicemail.permission.READ_WRITE_ALL_VOICEMAIL in package com.meizu.callsetting
01-15 13:39:03.522  2538  2538 W PackageManager: Unknown permission com.android.usagestats.permission.READ_USAGESTATS in package com.meizu.callsetting
01-15 13:39:03.522  2538  2538 W PackageManager: Unknown permission com.android.usagestats.permission.WRITE_USAGESTATS in package com.meizu.callsetting
01-15 13:39:03.523  2538  2538 W PackageManager: Unknown permission meizu.permission.FLYME_TELECOM in package com.meizu.callsetting
01-15 13:39:03.523  2538  2538 W PackageManager: Unknown permission meizu.permission.FLYME_TELECOM_PROVIDER_READ in package com.meizu.callsetting
01-15 13:39:03.523  2538  2538 W PackageManager: Unknown permission com.meizu.cloud.permission.CLOUD_PROVIDER_WRITE in package com.meizu.callsetting
01-15 13:39:03.523  2538  2538 W PackageManager: Unknown permission android.permission.ROOT_RECOVERY_STATE in package com.meizu.callsetting
01-15 13:39:03.523  2538  2538 W PackageManager: Unknown permission flyme.permission.ROOT_RECOVERY_STATE in package com.meizu.callsetting
01-15 13:39:03.524  2538  2538 W PackageManager: Unknown permission meizu.permission.FLYME_TELECOM in package com.meizu.netcontactservice
01-15 13:39:03.524  2538  2538 W PackageManager: Unknown permission flyme.permission.ROOT_RECOVERY_STATE in package com.meizu.netcontactservice
01-15 13:39:03.524  2538  2538 W PackageManager: Unknown permission com.meizu.flyme.push.permission.RECEIVE in package com.meizu.netcontactservice
01-15 13:39:03.524  2538  2538 W PackageManager: Unknown permission android.permission.ROOT_RECOVERY_STATE in package com.meizu.netcontactservice
01-15 13:39:03.525  2538  2538 W PackageManager: Unknown permission com.google.android.gallery3d.permission.GALLERY_PROVIDER in package com.android.bluetooth
01-15 13:39:03.525  2538  2538 W PackageManager: Unknown permission com.android.gallery3d.permission.GALLERY_PROVIDER in package com.android.bluetooth
01-15 13:39:03.525  2538  2538 W PackageManager: Unknown permission android.permission.ROOT_RECOVERY_STATE in package com.meizu.media.life
01-15 13:39:03.525  2538  2538 W PackageManager: Unknown permission flyme.permission.ROOT_RECOVERY_STATE in package com.meizu.media.life
01-15 13:39:03.525  2538  2538 W PackageManager: Not granting permission android.permission.CHANGE_CONFIGURATION to package com.meizu.media.life (protectionLevel=50 flags=0x38483e45)
01-15 13:39:03.526  2538  2538 W PackageManager: Not granting permission com.meizu.flyme.permission.UPDATE to package com.meizu.media.life (protectionLevel=18 flags=0x38483e45)
01-15 13:39:03.526  2538  2538 W PackageManager: Unknown permission com.meizu.flyme.push.permission.RECEIVE in package com.meizu.media.life
01-15 13:39:03.526  2538  2538 W PackageManager: Not granting permission android.permission.INSTALL_PACKAGES to package com.meizu.media.life (protectionLevel=18 flags=0x38483e45)
01-15 13:39:03.526  2538  2538 W PackageManager: Not granting permission android.permission.WRITE_SECURE_SETTINGS to package com.meizu.media.life (protectionLevel=50 flags=0x38483e45)
01-15 13:39:03.526  2538  2538 W PackageManager: Not granting permission android.permission.START_ANY_ACTIVITY to package com.meizu.media.life (protectionLevel=2 flags=0x38483e45)
01-15 13:39:03.526  2538  2538 W PackageManager: Not granting permission android.permission.PEERS_MAC_ADDRESS to package com.meizu.media.life (protectionLevel=2050 flags=0x38483e45)
01-15 13:39:03.526  2538  2538 W PackageManager: Not granting permission android.permission.READ_PRIVILEGED_PHONE_STATE to package com.meizu.media.life (protectionLevel=18 flags=0x38483e45)
01-15 13:39:03.526  2538  2538 W PackageManager: Not granting permission android.permission.STATUS_BAR to package com.meizu.media.life (protectionLevel=18 flags=0x38483e45)
01-15 13:39:03.526  2538  2538 W PackageManager: Not granting permission android.permission.REAL_GET_TASKS to package com.meizu.media.life (protectionLevel=18 flags=0x38483e45)
01-15 13:39:03.526  2538  2538 W PackageManager: Not granting permission android.permission.INTERACT_ACROSS_USERS_FULL to package com.meizu.media.life (protectionLevel=258 flags=0x38483e45)
01-15 13:39:03.526  2538  2538 W PackageManager: Not granting permission android.permission.WRITE_MEDIA_STORAGE to package com.meizu.media.life (protectionLevel=18 flags=0x38483e45)
01-15 13:39:03.526  2538  2538 W PackageManager: Not granting permission android.permission.MANAGE_NETWORK_POLICY to package com.meizu.media.life (protectionLevel=2 flags=0x38483e45)
01-15 13:39:03.527  2538  2538 W PackageManager: Not granting permission android.permission.MOUNT_UNMOUNT_FILESYSTEMS to package com.meizu.media.life (protectionLevel=18 flags=0x38483e45)
01-15 13:39:03.527  2538  2538 W PackageManager: Not granting permission com.meizu.stats.permission.READ_USAGESTATS to package com.meizu.media.life (protectionLevel=18 flags=0x38483e45)
01-15 13:39:03.527  2538  2538 W PackageManager: Not granting permission android.permission.LOCAL_MAC_ADDRESS to package com.meizu.media.life (protectionLevel=18 flags=0x38483e45)
01-15 13:39:03.527  2538  2538 W PackageManager: Unknown permission com.meizu.flyme.providers.forcetouch.permission.READ_SETTINGS in package com.meizu.media.life
01-15 13:39:03.527  2538  2538 W PackageManager: Unknown permission com.meizu.flyme.providers.forcetouch.permission.WRITE_SETTINGS in package com.meizu.media.life
01-15 13:39:03.527  2538  2538 W PackageManager: Unknown permission flyme.permission.ROOT_RECOVERY_STATE in package com.meizu.flyme.weather
01-15 13:39:03.528  2538  2538 W PackageManager: Unknown permission android.permission.ROOT_RECOVERY_STATE in package com.meizu.flyme.weather
01-15 13:39:03.528  2538  2538 V PackageManager: reconcileAppsData for null u0 0x3
01-15 13:39:04.000   211   250 I chatty  : uid=0(root) /system/bin/thermald expire 1 line
01-15 13:39:04.261  2538  2538 V PackageManager: reconcileAppsData finished 126 packages
01-15 13:39:04.261  2538  2538 V PackageManager: Disabling com.google.android.gsf/com.google.android.gsf.update.SystemUpdateActivity
01-15 13:39:04.261  2538  2538 W PackageManager: Unable to disable com.google.android.gsf/com.google.android.gsf.update.SystemUpdateActivity
01-15 13:39:04.262  2538  2538 V PackageManager: Disabling com.google.android.gsf/com.google.android.gsf.update.SystemUpdateService$Receiver
01-15 13:39:04.262  2538  2538 W PackageManager: Unable to disable com.google.android.gsf/com.google.android.gsf.update.SystemUpdateService$Receiver
01-15 13:39:04.262  2538  2538 V PackageManager: Disabling com.google.android.gsf/com.google.android.gsf.update.SystemUpdateService$SecretCodeReceiver
01-15 13:39:04.262  2538  2538 W PackageManager: Unable to disable com.google.android.gsf/com.google.android.gsf.update.SystemUpdateService$SecretCodeReceiver
01-15 13:39:04.262  2538  2538 V PackageManager: Disabling com.google.android.gsf/com.google.android.gsf.update.SystemUpdateServiceReceiver
01-15 13:39:04.262  2538  2538 W PackageManager: Unable to disable com.google.android.gsf/com.google.android.gsf.update.SystemUpdateServiceReceiver
01-15 13:39:04.262  2538  2538 V PackageManager: Disabling com.google.android.gms/com.google.android.gms.update.SystemUpdateActivity
01-15 13:39:04.262  2538  2538 W PackageManager: Unable to disable com.google.android.gms/com.google.android.gms.update.SystemUpdateActivity
01-15 13:39:04.262  2538  2538 V PackageManager: Disabling com.google.android.gms/com.google.android.gms.update.SystemUpdateService$Receiver
01-15 13:39:04.262  2538  2538 W PackageManager: Unable to disable com.google.android.gms/com.google.android.gms.update.SystemUpdateService$Receiver
01-15 13:39:04.262  2538  2538 V PackageManager: Disabling com.google.android.gms/com.google.android.gms.update.SystemUpdateService$ActiveReceiver
01-15 13:39:04.262  2538  2538 W PackageManager: Unable to disable com.google.android.gms/com.google.android.gms.update.SystemUpdateService$ActiveReceiver
01-15 13:39:04.262  2538  2538 V PackageManager: Disabling com.google.android.gms/com.google.android.gms.update.SystemUpdateService$SecretCodeReceiver
01-15 13:39:04.262  2538  2538 W PackageManager: Unable to disable com.google.android.gms/com.google.android.gms.update.SystemUpdateService$SecretCodeReceiver
01-15 13:39:04.262  2538  2538 V PackageManager: Disabling com.google.android.gms/com.google.android.gms.update.SystemUpdateServiceReceiver
01-15 13:39:04.262  2538  2538 W PackageManager: Unable to disable com.google.android.gms/com.google.android.gms.update.SystemUpdateServiceReceiver
01-15 13:39:04.262  2538  2538 V PackageManager: Enabling com.google.android.gsf/com.google.android.gsf.update.SystemUpdateService
01-15 13:39:04.262  2538  2538 W PackageManager: Unable to enable com.google.android.gsf/com.google.android.gsf.update.SystemUpdateService
01-15 13:39:04.262  2538  2538 V PackageManager: Enabling com.google.android.gms/com.google.android.gms.update.SystemUpdateService
01-15 13:39:04.262  2538  2538 W PackageManager: Unable to enable com.google.android.gms/com.google.android.gms.update.SystemUpdateService
01-15 13:39:04.834  2538  2538 E PackageDefaultOp: PackageDefaultOpService
01-15 13:39:04.835  2538  2538 E PackageDefaultOp: readList
01-15 13:39:04.835  2538  2538 E PackageDefaultOp: /data/system/testlist not exist
01-15 13:39:04.959  2538  2538 E PackageManager: There should probably be a verifier, but, none were found
01-15 13:39:04.978  2538  2538 D PackageManager: Ephemeral resolver NOT found; no matching intent filters
01-15 13:39:04.981  2538  2538 I PackageManager: Ephemeral deactivated; missing resolver and installer
01-15 13:39:04.984  2538  2538 I art     : Starting a blocking GC Explicit
01-15 13:39:05.050  2538  2538 I art     : Explicit concurrent mark sweep GC freed 57697(3MB) AllocSpace objects, 6(120KB) LOS objects, 37% free, 6MB/10MB, paused 610us total 65.435ms
01-15 13:39:05.052  2538  2538 I SystemServer: StartOtaDexOptService
01-15 13:39:05.054  2538  2538 I SystemServer: StartUserManagerService
01-15 13:39:05.054  2538  2538 I SystemServiceManager: Starting com.android.server.pm.UserManagerService$LifeCycle
01-15 13:39:05.065  2538  2538 E Shrinker: java.lang.NoSuchMethodException: readExtraMemInfo []
01-15 13:39:05.072   199   199 I chatty  : uid=0(root) /system/bin/lmkd expire 1 line
01-15 13:39:05.076  2538  2665 D SensorService: nuSensorService starting...
01-15 13:39:05.078  2538  2538 I SystemServiceManager: Starting com.android.server.BatteryService
01-15 13:39:05.079  2538  2665 E Sensors : Couldn't open /dev/mpu6k (No such file or directory)
01-15 13:39:05.080  2538  2665 E Sensors : data filename = /sys/class/input/event2/device/
01-15 13:39:05.080  2538  2665 D Sensors : MagneticSensor start
01-15 13:39:05.080  2538  2665 E Sensors : data filename = /sys/class/input/event3/device/, data_fd=73
01-15 13:39:05.080  2538  2665 D Sensors : OrientationSensor start
01-15 13:39:05.080  2538  2665 D Sensors : LightSensor start
01-15 13:39:05.080  2538  2665 E Sensors : data filename = /sys/class/input/event6/device/, data_fd=74
01-15 13:39:05.080  2538  2665 D Sensors : ProximitySensor start
01-15 13:39:05.080  2538  2665 E Sensors : data filename = /sys/class/input/event5/device/, data_fd=75
01-15 13:39:05.080  2538  2665 D Sensors : activate: acc_enable=0, mag_enable=0
01-15 13:39:05.080  2538  2665 D Sensors : activate: handle=0, enabled=0
01-15 13:39:05.080  2538  2665 D Sensors : activate: acc_enable=0, mag_enable=0
01-15 13:39:05.080  2538  2665 D Sensors : activate: handle=5, enabled=0
01-15 13:39:05.080  2538  2665 D Sensors : activate: acc_enable=0, mag_enable=0
01-15 13:39:05.080  2538  2665 D Sensors : activate: handle=1, enabled=0
01-15 13:39:05.080  2538  2665 D Sensors : MagneticSensor enable = 0
01-15 13:39:05.080  2538  2665 D Sensors : MagneticSensor enableSensor = 0
01-15 13:39:05.080  2538  2665 D Sensors : activate: acc_enable=0, mag_enable=0
01-15 13:39:05.080  2538  2665 D Sensors : activate: handle=4, enabled=0
01-15 13:39:05.080  2538  2665 D Sensors : LightSensor enable = 0
01-15 13:39:05.080  2538  2665 D Sensors : activate: acc_enable=0, mag_enable=0
01-15 13:39:05.081  2538  2665 D Sensors : activate: handle=3, enabled=0
01-15 13:39:05.081  2538  2665 D Sensors : ProximitySensor enable = 0
01-15 13:39:05.084  2538  2666 D SensorService: new thread SensorEventAckReceiver
01-15 13:39:05.085  2538  2667 D SensorService: nuSensorService thread starting...
01-15 13:39:05.097  2538  2573 E BatteryStatsService: power: Missing API
01-15 13:39:05.100  2538  2538 I SystemServiceManager: Starting com.android.server.usage.UsageStatsService
01-15 13:39:05.112  2538  2538 I SystemServiceManager: Starting com.android.server.webkit.WebViewUpdateService
01-15 13:39:05.121  2538  2538 I SystemServer: Reading configuration...
01-15 13:39:05.121  2538  2538 I SystemServer: StartSchedulingPolicyService
01-15 13:39:05.123  2538  2538 I SystemServiceManager: Starting com.android.server.telecom.TelecomLoaderService
01-15 13:39:05.125  2538  2538 I SystemServer: StartTelephonyRegistry
01-15 13:39:05.131  2538  2538 I SystemServer: StartEntropyMixer
01-15 13:39:05.135  2538  2538 I EntropyMixer: Added HW RNG output to entropy pool
01-15 13:39:05.135  2538  2538 I EntropyMixer: Writing entropy...
01-15 13:39:05.323  2538  2538 I SystemServer: Camera Service
01-15 13:39:05.325  2538  2538 I SystemServiceManager: Starting com.android.server.camera.CameraService
01-15 13:39:05.333  2538  2672 I ServiceThread: Enabled StrictMode logging for CameraService_proxy looper.
01-15 13:39:05.338  2538  2538 I SystemServer: StartAccountManagerService
01-15 13:39:05.339  2538  2538 I SystemServiceManager: Starting com.android.server.accounts.AccountManagerService$Lifecycle
01-15 13:39:05.364  2538  2538 I SystemServer: StartContentService
01-15 13:39:05.365  2538  2538 I SystemServiceManager: Starting com.android.server.content.ContentService$Lifecycle
01-15 13:39:05.368  2538  2538 I SystemServer: InstallSystemProviders
01-15 13:39:05.372  2538  2538 W System  : ClassLoader referenced unknown path: /system/priv-app/SettingsProvider/lib/arm
01-15 13:39:05.388  2538  2538 W System  : ClassLoader referenced unknown path: /system/priv-app/Telecom/lib/arm
01-15 13:39:05.390  2538  2538 D ApplicationLoaders: ignored Vulkan layer search path /system/priv-app/Telecom/lib/arm:/system/fake-libs:/system/priv-app/Telecom/Telecom.apk!/lib/armeabi-v7a:/system/lib:/vendor/lib for namespace 0xb6d060d0
01-15 13:39:05.409  2538  2538 I SystemServer: StartVibratorService
01-15 13:39:05.413  2538  2538 I SystemServer: StartConsumerIrService
01-15 13:39:05.415  2538  2538 I SystemServer: StartAlarmManagerService
01-15 13:39:05.415  2538  2538 I SystemServiceManager: Starting com.android.server.AlarmManagerService
01-15 13:39:05.419  2538  2538 D AlarmManagerService: Kernel timezone updated to -480 minutes west of GMT
01-15 13:39:05.425  2538  2538 I SystemServer: InitWatchdog
01-15 13:39:05.425  2538  2538 I SystemServer: StartInputManagerService
01-15 13:39:05.426  2538  2538 I InputManager: Initializing input manager, mUseDevInputEventForAudioJack=false
01-15 13:39:05.428  2538  2538 I SystemServer: StartWindowManagerService
01-15 13:39:05.461  2538  2584 I WindowManager: No existing display settings /data/system/display_settings.xml; starting empty
01-15 13:39:05.480  2538  2570 I CameraManagerGlobal: Connecting to camera service
01-15 13:39:05.492  2538  2570 E ActivityThread: Failed to find provider info for cmsettings
01-15 13:39:05.493  2538  2570 E AndroidRuntime: *** FATAL EXCEPTION IN SYSTEM PROCESS: android.ui
01-15 13:39:05.493  2538  2570 E AndroidRuntime: java.lang.NullPointerException: Attempt to invoke interface method 'android.os.Bundle android.content.IContentProvider.call(java.lang.String, java.lang.String, java.lang.String, android.os.Bundle)' on a null object reference
01-15 13:39:05.493  2538  2570 E AndroidRuntime: 	at cyanogenmod.providers.CMSettings$NameValueCache.getStringForUser(CMSettings.java:243)
01-15 13:39:05.493  2538  2570 E AndroidRuntime: 	at cyanogenmod.providers.CMSettings$System.getStringForUser(CMSettings.java:517)
01-15 13:39:05.493  2538  2570 E AndroidRuntime: 	at cyanogenmod.providers.CMSettings$System.getIntForUser(CMSettings.java:562)
01-15 13:39:05.493  2538  2570 E AndroidRuntime: 	at com.android.server.policy.PhoneWindowManager.updateKeyAssignments(PhoneWindowManager.java:2285)
01-15 13:39:05.493  2538  2570 E AndroidRuntime: 	at com.android.server.policy.PhoneWindowManager.init(PhoneWindowManager.java:2097)
01-15 13:39:05.493  2538  2570 E AndroidRuntime: 	at com.android.server.wm.WindowManagerService$4.run(WindowManagerService.java:957)
01-15 13:39:05.493  2538  2570 E AndroidRuntime: 	at android.os.Handler$BlockingRunnable.run(Handler.java:771)
01-15 13:39:05.493  2538  2570 E AndroidRuntime: 	at android.os.Handler.handleCallback(Handler.java:751)
01-15 13:39:05.493  2538  2570 E AndroidRuntime: 	at android.os.Handler.dispatchMessage(Handler.java:95)
01-15 13:39:05.493  2538  2570 E AndroidRuntime: 	at android.os.Looper.loop(Looper.java:154)
01-15 13:39:05.493  2538  2570 E AndroidRuntime: 	at android.os.HandlerThread.run(HandlerThread.java:61)
01-15 13:39:05.493  2538  2570 E AndroidRuntime: 	at com.android.server.ServiceThread.run(ServiceThread.java:46)
01-15 13:39:05.495  2538  2538 I SystemServer: StartVrManagerService
01-15 13:39:05.495  2538  2538 I SystemServiceManager: Starting com.android.server.vr.VrManagerService
01-15 13:39:05.497  2538  2570 I Process : Sending signal. PID: 2538 SIG: 9
01-15 13:39:05.514   217   217 I chatty  : uid=0(root) /system/bin/installd expire 3 lines
01-15 13:39:05.536   199   199 I chatty  : uid=0(root) /system/bin/lmkd expire 2 lines
01-15 13:39:05.598  2369  2369 I chatty  : uid=0(root) expire 1 line
01-15 13:39:05.760  2681  2681 I chatty  : uid=0(root) /system/bin/netd expire 5 lines
01-15 13:39:06.000   211   250 I chatty  : uid=0(root) /system/bin/thermald expire 1 line
01-15 13:39:06.072  2679  2679 I         : sMaxFastTracks = 8
01-15 13:39:06.080  2679  2679 I audioserver: ServiceManager: 0xb6190720
01-15 13:39:06.081  2679  2679 W BatteryNotifier: batterystats service unavailable!
01-15 13:39:06.081  2679  2679 I AudioFlinger: Using default 3000 mSec as standby time.
01-15 13:39:06.082  2679  2679 I AudioPolicyService: AudioPolicyService CSTOR in new mode
01-15 13:39:06.083  2679  2679 W APM::Devices: DeviceVector::add device 80000040 already in
01-15 13:39:06.084  2679  2679 I APM::ConfigParsingUtils: loadAudioPolicyConfig() loaded /system/etc/audio_policy.conf
01-15 13:39:06.089  2679  2679 D audio_hw_primary: adev_open: enter
01-15 13:39:06.111  2679  2679 D msm8960_platform: platform_init: snd_card_name: msm8230-tapan-snd-card
01-15 13:39:06.159  2680  2680 I chatty  : uid=1013(media) /system/bin/mediaserver expire 614 lines
01-15 13:39:06.212  2679  2679 D msm8960_platform: platform_init: Opened sound card:0
01-15 13:39:06.225  2679  2679 D ACDB-LOADER: ACDB -> ACDB_CMD_INITIALIZE
01-15 13:39:06.225  2679  2679 E         : [ACDB RTC]->rtc init done!->result [0]
01-15 13:39:06.225  2679  2679 E Diag_Lib: actp_diag_init: call diag init function with B5A65345
01-15 13:39:06.237  2679  2679 E         : [ACDB ACPH]->actp diag init done!
01-15 13:39:06.237  2679  2679 D ACDB-LOADER: No existing ION info in ACDB driver
01-15 13:39:06.237  2679  2679 D ACDB-LOADER: ACDB -> ION_IOC_ALLOC
01-15 13:39:06.237  2679  2679 D ACDB-LOADER: ACDB -> ION_IOC_SHARE
01-15 13:39:06.237  2679  2679 D ACDB-LOADER: ACDB -> MMAP ADDR
01-15 13:39:06.237  2679  2679 D ACDB-LOADER: ACDB -> register MEM to ACDB driver: 0xb6d1e000
01-15 13:39:06.237  2679  2679 D ACDB-LOADER: ACDB -> send_asm_topology
01-15 13:39:06.237  2679  2679 D ACDB-LOADER: ACDB -> ACDB_CMD_GET_AUDPROC_STREAM_TOPOLOGY_ID
01-15 13:39:06.237  2679  2679 D ACDB-LOADER: send mbhc data
01-15 13:39:06.320   202  2699 E mm-camera: Samsung cam_mctl_thread: set camera_id =0
01-15 13:39:06.320   202  2699 E mm-camera: mctl_store_curr_target Current target is 1 id = 154
01-15 13:39:06.336   202   202 E mm-camera: camera_plugin_client_open: plugin client open exit, rc = 0
01-15 13:39:06.336  2679  2679 D ACDB-LOADER: send tabla anc data
01-15 13:39:06.336  2679  2679 D ACDB-LOADER: ACDB -> ACDB_CMD_GET_ANC_SETTING
01-15 13:39:06.336  2679  2679 E ACDB-LOADER: done with conversion, anc config size is 148
01-15 13:39:06.336  2679  2679 D ACDB-LOADER: ACDB -> ACDB_CMD_GET_ANC_SETTING
01-15 13:39:06.336  2679  2679 E ACDB-LOADER: done with conversion, anc config size is 148
01-15 13:39:06.336  2679  2679 D ACDB-LOADER: ACDB -> ACDB_CMD_GET_ANC_SETTING
01-15 13:39:06.336  2679  2679 E ACDB-LOADER: done with conversion, anc config size is 148
01-15 13:39:06.336  2679  2679 D ACDB-LOADER: ACDB -> ACDB_CMD_GET_ANC_SETTING
01-15 13:39:06.336  2679  2679 E ACDB-LOADER: done with conversion, anc config size is 148
01-15 13:39:06.336  2679  2679 D ACDB-LOADER: ACDB -> ACDB_CMD_GET_ANC_SETTING
01-15 13:39:06.336  2679  2679 E ACDB-LOADER: done with conversion, anc config size is 74
01-15 13:39:06.336  2679  2679 D ACDB-LOADER: ACDB -> ACDB_CMD_GET_ANC_SETTING
01-15 13:39:06.336  2679  2679 E ACDB-LOADER: done with conversion, anc config size is 74
01-15 13:39:06.336  2679  2679 D ACDB-LOADER: ACDB -> init done!
01-15 13:39:06.337  2679  2679 E audio_hw_primary: Amplifier initialization failed
01-15 13:39:06.337  2679  2679 I AudioFlinger: loadHwModule() Loaded primary audio interface from QCOM Audio HAL (audio) handle 10
01-15 13:39:06.338  2679  2679 I AudioFlinger: openOutput(), module 10 Device 2, SamplingRate 48000, Format 0x000001, Channels 3, flags 2
01-15 13:39:06.338  2679  2679 D audio_hw_primary: adev_open_output_stream: enter: sample_rate(48000) channel_mask(0x3) devices(0x2) flags(0x2)        stream_handle(0xb61c6600)
01-15 13:39:06.338  2679  2679 D audio_hw_primary: adev_open_output_stream: Stream (0xb61c6600) picks up usecase (deep-buffer-playback)
01-15 13:39:06.338  2679  2679 I AudioFlinger: HAL output buffer size 1920 frames, normal sink buffer size 1920 frames
01-15 13:39:06.342  2679  2679 I BufferProvider: found effect "Multichannel Downmix To Stereo" from The Android Open Source Project
01-15 13:39:06.343  2679  2679 I AudioFlinger: Using module 10 has the primary audio interface
01-15 13:39:06.350  2679  2704 I AudioFlinger: AudioFlinger's thread 0xb5803f80 ready to run
01-15 13:39:06.351  2679  2704 W BatteryNotifier: batterystats service unavailable!
01-15 13:39:06.351  2679  2704 D audio_hw_primary: out_standby: enter: stream (0xb61c6600) usecase(0: deep-buffer-playback)
01-15 13:39:06.351   202  2699 E mm-camera: s5k3h5xa_process_start
01-15 13:39:06.351  2679  2704 W BatteryNotifier: batterystats service unavailable!
01-15 13:39:06.352  2679  2704 W BatteryNotifier: batterystats service unavailable!
01-15 13:39:06.352  2679  2704 D audio_hw_primary: out_set_parameters: enter: usecase(0: deep-buffer-playback) kvpairs: routing=2
01-15 13:39:06.352  2679  2704 W AudioFlinger: no wake lock to update, system not ready yet
01-15 13:39:06.354  2679  2679 I AudioFlinger: openOutput(), module 10 Device 2, SamplingRate 48000, Format 0x000001, Channels 3, flags 4
01-15 13:39:06.354  2679  2679 D audio_hw_primary: adev_open_output_stream: enter: sample_rate(48000) channel_mask(0x3) devices(0x2) flags(0x4)        stream_handle(0xb61c6740)
01-15 13:39:06.354  2679  2679 D audio_hw_primary: adev_open_output_stream: Stream (0xb61c6740) picks up usecase (low-latency-playback)
01-15 13:39:06.354  2679  2679 I AudioFlinger: HAL output buffer size 240 frames, normal sink buffer size 960 frames
01-15 13:39:06.357  2679  2707 I AudioFlinger: AudioFlinger's thread 0xb5683dc0 ready to run
01-15 13:39:06.358  2679  2707 W BatteryNotifier: batterystats service unavailable!
01-15 13:39:06.358  2679  2707 D audio_hw_primary: out_set_parameters: enter: usecase(1: low-latency-playback) kvpairs: routing=2
01-15 13:39:06.358  2679  2707 D audio_hw_primary: out_standby: enter: stream (0xb61c6740) usecase(1: low-latency-playback)
01-15 13:39:06.358  2679  2707 W BatteryNotifier: batterystats service unavailable!
01-15 13:39:06.359  2679  2707 W BatteryNotifier: batterystats service unavailable!
01-15 13:39:06.359  2679  2707 W AudioFlinger: no wake lock to update, system not ready yet
01-15 13:39:06.359  2679  2679 I AudioFlinger: openOutput(), module 10 Device 10000, SamplingRate 48000, Format 0x000001, Channels 3, flags 0
01-15 13:39:06.360  2679  2679 D audio_hw_primary: adev_open_output_stream: enter: sample_rate(48000) channel_mask(0x3) devices(0x10000) flags(0)        stream_handle(0xb61c6880)
01-15 13:39:06.360  2679  2679 D audio_hw_primary: adev_open_output_stream: Stream (0xb61c6880) picks up usecase (afe-proxy-playback)
01-15 13:39:06.360  2679  2679 I AudioFlinger: HAL output buffer size 768 frames, normal sink buffer size 1152 frames
01-15 13:39:06.367  2679  2709 I AudioFlinger: AudioFlinger's thread 0xb5383140 ready to run
01-15 13:39:06.368  2679  2709 W BatteryNotifier: batterystats service unavailable!
01-15 13:39:06.368  2679  2709 D audio_hw_primary: out_set_parameters: enter: usecase(27: afe-proxy-playback) kvpairs: routing=65536
01-15 13:39:06.368  2679  2709 D audio_hw_primary: out_standby: enter: stream (0xb61c6880) usecase(27: afe-proxy-playback)
01-15 13:39:06.368  2679  2709 W BatteryNotifier: batterystats service unavailable!
01-15 13:39:06.369  2679  2679 D audio_hw_primary: adev_open_input_stream: enter: sample_rate(48000) channel_mask(0xc) devices(0x80000004)        stream_handle(0xb5861900) io_handle(14) source(1)
01-15 13:39:06.370  2679  2709 W BatteryNotifier: batterystats service unavailable!
01-15 13:39:06.370  2679  2709 W AudioFlinger: no wake lock to update, system not ready yet
01-15 13:39:06.372  2679  2710 I AudioFlinger: AudioFlinger's thread 0xb5083c40 ready to run
01-15 13:39:06.373  2679  2679 D audio_hw_primary: adev_close_input_stream: enter:stream_handle(0xb5861900)
01-15 13:39:06.373  2679  2679 D audio_hw_primary: in_standby: enter: stream (0xb5861900) usecase(7: audio-record)
01-15 13:39:06.373  2679  2679 D audio_hw_primary: adev_open_input_stream: enter: sample_rate(48000) channel_mask(0xc) devices(0x80000040)        stream_handle(0xb5861900) io_handle(22) source(1)
01-15 13:39:06.373  2679  2679 D audio_hw_primary: adev_open_input_stream: enter: sample_rate(48000) channel_mask(0xc) devices(0x80000040)        stream_handle(0xb5861900) io_handle(22) source(1)
01-15 13:39:06.373  2679  2679 W APM_AudioPolicyManager: Cannot open input stream for device 80000040 on hw module primary
01-15 13:39:06.374  2679  2679 I bt_a2dp_hw: adev_open:  adev_open in A2dp_hw module
